66.219.235.76 - - [20/Dec/2018:15:04:21 -0700] "GET /includes/images/clients/jastoudt.jpg HTTP/1.1" 302 526 "http://ndfs.byu.edu/Faculty-Staff" "Mozilla/5.0 (Windows NT 10.0; Win64; x64) AppleWebKit/537.36 (KHTML, like Gecko) Chrome/71.0.3578.98 Safari/537.36"
66.219.235.76 - - [20/Dec/2018:15:04:21 -0700] "GET /includes/images/clients/fms2.jpg HTTP/1.1" 200 9250 "http://ndfs.byu.edu/Faculty-Staff" "Mozilla/5.0 (Windows NT 10.0; Win64; x64) AppleWebKit/537.36 (KHTML, like Gecko) Chrome/71.0.3578.98 Safari/537.36"
66.219.235.76 - - [20/Dec/2018:15:04:21 -0700] "GET /includes/images/clients/bjt24.jpg HTTP/1.1" 302 520 "http://ndfs.byu.edu/Faculty-Staff" "Mozilla/5.0 (Windows NT 10.0; Win64; x64) AppleWebKit/537.36 (KHTML, like Gecko) Chrome/71.0.3578.98 Safari/537.36"
216.244.66.248 - - [20/Dec/2018:15:04:21 -0700] "GET /Publications.aspx HTTP/1.1" 200 119810 "-" "Mozilla/5.0 (compatible; DotBot/1.1; http://www.opensiteexplorer.org/dotbot, help@moz.com)"
66.219.235.76 - - [20/Dec/2018:15:04:21 -0700] "GET /includes/images/clients/jst23.jpg HTTP/1.1" 302 520 "http://ndfs.byu.edu/Faculty-Staff" "Mozilla/5.0 (Windows NT 10.0; Win64; x64) AppleWebKit/537.36 (KHTML, like Gecko) Chrome/71.0.3578.98 Safari/537.36"
66.219.235.76 - - [20/Dec/2018:15:04:21 -0700] "GET /includes/images/clients/jastoudt.jpg HTTP/1.1" 200 21770 "http://ndfs.byu.edu/Faculty-Staff" "Mozilla/5.0 (Windows NT 10.0; Win64; x64) AppleWebKit/537.36 (KHTML, like Gecko) Chrome/71.0.3578.98 Safari/537.36"
66.219.235.76 - - [20/Dec/2018:15:04:21 -0700] "GET /includes/images/clients/newman.jpg HTTP/1.1" 200 26058 "http://ndfs.byu.edu/Faculty-Staff" "Mozilla/5.0 (Windows NT 10.0; Win64; x64) AppleWebKit/537.36 (KHTML, like Gecko) Chrome/71.0.3578.98 Safari/537.36"
66.219.235.76 - - [20/Dec/2018:15:04:21 -0700] "GET /includes/images/clients/singjenn.jpg HTTP/1.1" 302 526 "http://ndfs.byu.edu/Faculty-Staff" "Mozilla/5.0 (Windows NT 10.0; Win64; x64) AppleWebKit/537.36 (KHTML, like Gecko) Chrome/71.0.3578.98 Safari/537.36"
66.219.235.76 - - [20/Dec/2018:15:04:21 -0700] "GET /includes/images/clients/dpw3.jpg HTTP/1.1" 302 518 "http://ndfs.byu.edu/Faculty-Staff" "Mozilla/5.0 (Windows NT 10.0; Win64; x64) AppleWebKit/537.36 (KHTML, like Gecko) Chrome/71.0.3578.98 Safari/537.36"
66.219.235.76 - - [20/Dec/2018:15:04:21 -0700] "GET /includes/images/clients/jst23.jpg HTTP/1.1" 200 25042 "http://ndfs.byu.edu/Faculty-Staff" "Mozilla/5.0 (Windows NT 10.0; Win64; x64) AppleWebKit/537.36 (KHTML, like Gecko) Chrome/71.0.3578.98 Safari/537.36"
66.219.235.76 - - [20/Dec/2018:15:04:21 -0700] "GET /includes/images/clients/bjt24.jpg HTTP/1.1" 200 17911 "http://ndfs.byu.edu/Faculty-Staff" "Mozilla/5.0 (Windows NT 10.0; Win64; x64) AppleWebKit/537.36 (KHTML, like Gecko) Chrome/71.0.3578.98 Safari/537.36"
66.219.235.76 - - [20/Dec/2018:15:04:21 -0700] "GET /includes/images/clients/jz.jpg HTTP/1.1" 302 514 "http://ndfs.byu.edu/Faculty-Staff" "Mozilla/5.0 (Windows NT 10.0; Win64; x64) AppleWebKit/537.36 (KHTML, like Gecko) Chrome/71.0.3578.98 Safari/537.36"
66.219.235.76 - - [20/Dec/2018:15:04:21 -0700] "GET /includes/images/clients/singjenn.jpg HTTP/1.1" 200 24007 "http://ndfs.byu.edu/Faculty-Staff" "Mozilla/5.0 (Windows NT 10.0; Win64; x64) AppleWebKit/537.36 (KHTML, like Gecko) Chrome/71.0.3578.98 Safari/537.36"
66.219.235.76 - - [20/Dec/2018:15:04:21 -0700] "GET /includes/images/clients/dpw3.jpg HTTP/1.1" 200 12986 "http://ndfs.byu.edu/Faculty-Staff" "Mozilla/5.0 (Windows NT 10.0; Win64; x64) AppleWebKit/537.36 (KHTML, like Gecko) Chrome/71.0.3578.98 Safari/537.36"
10.35.36.74 - - [20/Dec/2018:15:04:11 -0700] "POST /Private/Ticketing/comet.axd/connect HTTP/1.1" 200 510 "https://scinet.byu.edu/Private/Ticketing/Default.aspx" "Mozilla/5.0 (Macintosh; Intel Mac OS X 10_13_6) AppleWebKit/537.36 (KHTML, like Gecko) Chrome/70.0.3538.102 Safari/537.36"
10.35.36.74 - - [20/Dec/2018:15:04:11 -0700] "POST /Private/Ticketing/comet.axd/connect HTTP/1.1" 200 511 "https://scinet.byu.edu/Private/Ticketing/Default.aspx" "Mozilla/5.0 (Macintosh; Intel Mac OS X 10_13_6) AppleWebKit/537.36 (KHTML, like Gecko) Chrome/71.0.3578.98 Safari/537.36"
66.219.235.76 - - [20/Dec/2018:15:04:21 -0700] "GET /includes/images/clients/jz.jpg HTTP/1.1" 200 19367 "http://ndfs.byu.edu/Faculty-Staff" "Mozilla/5.0 (Windows NT 10.0; Win64; x64) AppleWebKit/537.36 (KHTML, like Gecko) Chrome/71.0.3578.98 Safari/537.36"
10.35.36.46 - - [20/Dec/2018:15:04:12 -0700] "POST /Private/Ticketing/comet.axd/connect HTTP/1.1" 200 507 "https://scinet.byu.edu/Private/Ticketing/Default.aspx" "Mozilla/5.0 (Windows NT 10.0; Win64; x64) AppleWebKit/537.36 (KHTML, like Gecko) Chrome/71.0.3578.98 Safari/537.36"
10.35.36.88 - - [20/Dec/2018:15:04:23 -0700] "POST /WebTeam/Default.aspx HTTP/1.1" 200 10453 "https://lsmonitor.byu.edu/WebTeam/Default.aspx" "Mozilla/5.0 (Windows NT 10.0; Win64; x64) AppleWebKit/537.36 (KHTML, like Gecko) Chrome/69.0.3497.100 Safari/537.36"
10.35.36.99 - - [20/Dec/2018:15:04:14 -0700] "POST /Private/Ticketing/comet.axd/connect HTTP/1.1" 200 509 "https://scinet.byu.edu/Private/Ticketing/Default.aspx" "Mozilla/5.0 (Windows NT 10.0; Win64; x64) AppleWebKit/537.36 (KHTML, like Gecko) Chrome/71.0.3578.98 Safari/537.36"
10.35.36.82 - - [20/Dec/2018:15:04:15 -0700] "POST /Private/Ticketing/comet.axd/connect HTTP/1.1" 200 510 "https://scinet.byu.edu/Private/Ticketing/Default.aspx" "Mozilla/5.0 (Macintosh; Intel Mac OS X 10_13_6) AppleWebKit/537.36 (KHTML, like Gecko) Chrome/70.0.3538.110 Safari/537.36"
10.35.36.89 - - [20/Dec/2018:15:04:25 -0700] "POST /Engineering/Default.aspx HTTP/1.1" 200 8406 "https://lsmonitor.byu.edu/Engineering/Default.aspx" "Mozilla/5.0 (Windows NT 10.0; Win64; x64) AppleWebKit/537.36 (KHTML, like Gecko) Chrome/70.0.3538.110 Safari/537.36"
10.35.36.98 - - [20/Dec/2018:15:04:16 -0700] "POST /Private/Ticketing/comet.axd/connect HTTP/1.1" 200 510 "https://scinet.byu.edu/Private/Ticketing/Default.aspx" "Mozilla/5.0 (Windows NT 10.0; Win64; x64) AppleWebKit/537.36 (KHTML, like Gecko) Chrome/70.0.3538.102 Safari/537.36"
10.35.36.74 - - [20/Dec/2018:15:04:16 -0700] "POST /Private/Ticketing/comet.axd/connect HTTP/1.1" 200 509 "https://scinet.byu.edu/Private/Ticketing/Default.aspx" "Mozilla/5.0 (Macintosh; Intel Mac OS X 10_13_6) AppleWebKit/537.36 (KHTML, like Gecko) Chrome/70.0.3538.102 Safari/537.36"
10.35.36.59 - - [20/Dec/2018:15:04:16 -0700] "POST /Private/Ticketing/comet.axd/connect HTTP/1.1" 200 509 "https://scinet.byu.edu/Private/Ticketing/Default.aspx" "Mozilla/5.0 (Windows NT 10.0; Win64; x64) AppleWebKit/537.36 (KHTML, like Gecko) Chrome/71.0.3578.98 Safari/537.36"
10.25.100.22 - - [20/Dec/2018:15:04:07 -0700] "GET /mjpg/LSB HTTP/1.1" 200 69536188 "-" "Mozilla/5.0 (Windows NT 10.0; Win64; x64) AppleWebKit/537.36 (KHTML, like Gecko) Chrome/71.0.3578.98 Safari/537.36"
10.35.36.230 - - [20/Dec/2018:15:04:28 -0700] "GET / HTTP/1.1" 200 11638 "-" "Mozilla/5.0 (Macintosh; Intel Mac OS X 10_14_2) AppleWebKit/537.36 (KHTML, like Gecko) Chrome/70.0.3538.110 Safari/537.36"
10.35.36.230 - - [20/Dec/2018:15:04:28 -0700] "GET /Resources/Search/SearchSkinObjectPreview.css?cdv=168 HTTP/1.1" 200 1190 "http://lifesciences.byu.edu/" "Mozilla/5.0 (Macintosh; Intel Mac OS X 10_14_2) AppleWebKit/537.36 (KHTML, like Gecko) Chrome/70.0.3538.110 Safari/537.36"
10.35.36.230 - - [20/Dec/2018:15:04:28 -0700] "GET /DesktopModules/LSCollegeNews/Web/module.css?cdv=168 HTTP/1.1" 200 1426 "http://lifesciences.byu.edu/" "Mozilla/5.0 (Macintosh; Intel Mac OS X 10_14_2) AppleWebKit/537.36 (KHTML, like Gecko) Chrome/70.0.3538.110 Safari/537.36"
10.35.36.230 - - [20/Dec/2018:15:04:28 -0700] "GET /Portals/_default/skins/byu/skin.css?cdv=168 HTTP/1.1" 200 6778 "http://lifesciences.byu.edu/" "Mozilla/5.0 (Macintosh; Intel Mac OS X 10_14_2) AppleWebKit/537.36 (KHTML, like Gecko) Chrome/70.0.3538.110 Safari/537.36"
10.35.36.230 - - [20/Dec/2018:15:04:28 -0700] "GET /Portals/0/portal.css?cdv=168 HTTP/1.1" 200 1721 "http://lifesciences.byu.edu/" "Mozilla/5.0 (Macintosh; Intel Mac OS X 10_14_2) AppleWebKit/537.36 (KHTML, like Gecko) Chrome/70.0.3538.110 Safari/537.36"
10.35.36.230 - - [20/Dec/2018:15:04:28 -0700] "GET /Resources/Shared/stylesheets/dnndefault/7.0.0/default.css?cdv=168 HTTP/1.1" 200 16970 "http://lifesciences.byu.edu/" "Mozilla/5.0 (Macintosh; Intel Mac OS X 10_14_2) AppleWebKit/537.36 (KHTML, like Gecko) Chrome/70.0.3538.110 Safari/537.36"
10.35.36.230 - - [20/Dec/2018:15:04:28 -0700] "GET /Portals/_default/containers/byu/container.css?cdv=168 HTTP/1.1" 200 958 "http://lifesciences.byu.edu/" "Mozilla/5.0 (Macintosh; Intel Mac OS X 10_14_2) AppleWebKit/537.36 (KHTML, like Gecko) Chrome/70.0.3538.110 Safari/537.36"
10.35.36.230 - - [20/Dec/2018:15:04:28 -0700] "GET /ScriptResource.axd?d=NJmAwtEo3IoHS-H8znWz_5yoxkMkRTDSkJ-6l4r5g2reFCIuyU-fMXTQLLbGZM6sGvI0ejc-5lyLei2nqWD0JjslSFO4JaSW2sMzmGGOmhpCg-JXSxnIjZE1NgwTeJXOKCZo2g2&t=ffffffffcd368728 HTTP/1.1" 200 26012 "http://lifesciences.byu.edu/" "Mozilla/5.0 (Macintosh; Intel Mac OS X 10_14_2) AppleWebKit/537.36 (KHTML, like Gecko) Chrome/70.0.3538.110 Safari/537.36"
10.35.36.230 - - [20/Dec/2018:15:04:28 -0700] "GET /js/dnn.js?cdv=168 HTTP/1.1" 200 6112 "http://lifesciences.byu.edu/" "Mozilla/5.0 (Macintosh; Intel Mac OS X 10_14_2) AppleWebKit/537.36 (KHTML, like Gecko) Chrome/70.0.3538.110 Safari/537.36"
10.35.36.230 - - [20/Dec/2018:15:04:28 -0700] "GET /ScriptResource.axd?d=dwY9oWetJoINbCstkBCKmxF1lQDFVjAXu91tMvzlf6zytaPyJX9tcKiKfqN_VoZ99-JE8PIBQr1VXGMZphcugpXtQdCO3KJyQAITiy5b5LKsLHFZqeYh-D59Mt9miKenql1u4Ie-v7mUaoh40&t=ffffffffcd368728 HTTP/1.1" 200 10386 "http://lifesciences.byu.edu/" "Mozilla/5.0 (Macintosh; Intel Mac OS X 10_14_2) AppleWebKit/537.36 (KHTML, like Gecko) Chrome/70.0.3538.110 Safari/537.36"
10.35.36.230 - - [20/Dec/2018:15:04:28 -0700] "GET /js/dnn.modalpopup.js?cdv=168 HTTP/1.1" 200 3991 "http://lifesciences.byu.edu/" "Mozilla/5.0 (Macintosh; Intel Mac OS X 10_14_2) AppleWebKit/537.36 (KHTML, like Gecko) Chrome/70.0.3538.110 Safari/537.36"
10.35.36.230 - - [20/Dec/2018:15:04:28 -0700] "GET /js/dnncore.js?cdv=168 HTTP/1.1" 200 3018 "http://lifesciences.byu.edu/" "Mozilla/5.0 (Macintosh; Intel Mac OS X 10_14_2) AppleWebKit/537.36 (KHTML, like Gecko) Chrome/70.0.3538.110 Safari/537.36"
10.35.36.230 - - [20/Dec/2018:15:04:28 -0700] "GET /Resources/Search/SearchSkinObjectPreview.js?cdv=168 HTTP/1.1" 200 2562 "http://lifesciences.byu.edu/" "Mozilla/5.0 (Macintosh; Intel Mac OS X 10_14_2) AppleWebKit/537.36 (KHTML, like Gecko) Chrome/70.0.3538.110 Safari/537.36"
10.35.36.230 - - [20/Dec/2018:15:04:28 -0700] "GET /js/dnn.servicesframework.js?cdv=168 HTTP/1.1" 200 832 "http://lifesciences.byu.edu/" "Mozilla/5.0 (Macintosh; Intel Mac OS X 10_14_2) AppleWebKit/537.36 (KHTML, like Gecko) Chrome/70.0.3538.110 Safari/537.36"
10.35.36.230 - - [20/Dec/2018:15:04:28 -0700] "GET /WebResource.axd?d=pynGkmcFUV2j5zZYi9fO2p7ncCjJ9z10dkRdLutBHiVfZDDzZLkcOGpY52M1&t=636576814476690871 HTTP/1.1" 200 5094 "http://lifesciences.byu.edu/" "Mozilla/5.0 (Macintosh; Intel Mac OS X 10_14_2) AppleWebKit/537.36 (KHTML, like Gecko) Chrome/70.0.3538.110 Safari/537.36"
10.35.36.230 - - [20/Dec/2018:15:04:28 -0700] "GET /Resources/libraries/jQuery/01_09_01/jquery.js?cdv=168 HTTP/1.1" 200 81062 "http://lifesciences.byu.edu/" "Mozilla/5.0 (Macintosh; Intel Mac OS X 10_14_2) AppleWebKit/537.36 (KHTML, like Gecko) Chrome/70.0.3538.110 Safari/537.36"
10.35.36.230 - - [20/Dec/2018:15:04:28 -0700] "GET /Resources/libraries/jQuery-UI/01_11_03/jquery-ui.js?cdv=168 HTTP/1.1" 200 116006 "http://lifesciences.byu.edu/" "Mozilla/5.0 (Macintosh; Intel Mac OS X 10_14_2) AppleWebKit/537.36 (KHTML, like Gecko) Chrome/70.0.3538.110 Safari/537.36"
10.35.36.230 - - [20/Dec/2018:15:04:28 -0700] "GET /DesktopModules/LSCollegeNews/Web/Images/263.jpg HTTP/1.1" 200 15403 "http://lifesciences.byu.edu/" "Mozilla/5.0 (Macintosh; Intel Mac OS X 10_14_2) AppleWebKit/537.36 (KHTML, like Gecko) Chrome/70.0.3538.110 Safari/537.36"
10.35.36.230 - - [20/Dec/2018:15:04:28 -0700] "GET /DesktopModules/LSCollegeNews/Web/Images/251.jpg HTTP/1.1" 200 61403 "http://lifesciences.byu.edu/" "Mozilla/5.0 (Macintosh; Intel Mac OS X 10_14_2) AppleWebKit/537.36 (KHTML, like Gecko) Chrome/70.0.3538.110 Safari/537.36"
10.35.36.230 - - [20/Dec/2018:15:04:28 -0700] "GET /DesktopModules/LSCollegeNews/Web/Images/255.jpg HTTP/1.1" 200 142619 "http://lifesciences.byu.edu/" "Mozilla/5.0 (Macintosh; Intel Mac OS X 10_14_2) AppleWebKit/537.36 (KHTML, like Gecko) Chrome/70.0.3538.110 Safari/537.36"
10.35.36.230 - - [20/Dec/2018:15:04:29 -0700] "GET /favicon.ico HTTP/1.1" 200 2255 "http://lifesciences.byu.edu/" "Mozilla/5.0 (Macintosh; Intel Mac OS X 10_14_2) AppleWebKit/537.36 (KHTML, like Gecko) Chrome/70.0.3538.110 Safari/537.36"
140.226.13.26 - - [20/Dec/2018:15:04:29 -0700] "GET /Funding HTTP/1.1" 200 10195 "https://mph.byu.edu/Handbook-Forms" "Mozilla/5.0 (Windows NT 10.0; Win64; x64) AppleWebKit/537.36 (KHTML, like Gecko) Chrome/64.0.3282.140 Safari/537.36 Edge/17.17134"
10.35.36.19 - - [20/Dec/2018:15:04:29 -0700] "POST /ServiceDesk/Default.aspx HTTP/1.1" 200 23564 "https://lsmonitor.byu.edu/ServiceDesk/Default.aspx" "Mozilla/5.0 (Windows NT 10.0; Win64; x64) AppleWebKit/537.36 (KHTML, like Gecko) Chrome/70.0.3538.110 Safari/537.36"
10.35.36.2 - - [20/Dec/2018:15:04:20 -0700] "POST /Private/Ticketing/comet.axd/connect HTTP/1.1" 200 510 "https://scinet.byu.edu/Private/Ticketing/Default.aspx" "Mozilla/5.0 (Macintosh; Intel Mac OS X 10_14_2) AppleWebKit/537.36 (KHTML, like Gecko) Chrome/70.0.3538.102 Safari/537.36"
10.35.36.74 - - [20/Dec/2018:15:04:21 -0700] "POST /Private/Ticketing/comet.axd/connect HTTP/1.1" 200 510 "https://scinet.byu.edu/Private/Ticketing/Default.aspx" "Mozilla/5.0 (Macintosh; Intel Mac OS X 10_13_6) AppleWebKit/537.36 (KHTML, like Gecko) Chrome/70.0.3538.102 Safari/537.36"
10.35.36.74 - - [20/Dec/2018:15:04:21 -0700] "POST /Private/Ticketing/comet.axd/connect HTTP/1.1" 200 511 "https://scinet.byu.edu/Private/Ticketing/Default.aspx" "Mozilla/5.0 (Macintosh; Intel Mac OS X 10_13_6) AppleWebKit/537.36 (KHTML, like Gecko) Chrome/71.0.3578.98 Safari/537.36"
140.226.13.26 - - [20/Dec/2018:15:04:30 -0700] "GET /Portals/5/img/lsbAndMountainHeroBanner.jpg HTTP/1.1" 200 4547692 "https://mph.byu.edu/Funding" "Mozilla/5.0 (Windows NT 10.0; Win64; x64) AppleWebKit/537.36 (KHTML, like Gecko) Chrome/64.0.3282.140 Safari/537.36 Edge/17.17134"
10.35.36.46 - - [20/Dec/2018:15:04:23 -0700] "POST /Private/Ticketing/comet.axd/connect HTTP/1.1" 200 507 "https://scinet.byu.edu/Private/Ticketing/Default.aspx" "Mozilla/5.0 (Windows NT 10.0; Win64; x64) AppleWebKit/537.36 (KHTML, like Gecko) Chrome/71.0.3578.98 Safari/537.36"
10.35.36.99 - - [20/Dec/2018:15:04:25 -0700] "POST /Private/Ticketing/comet.axd/connect HTTP/1.1" 200 509 "https://scinet.byu.edu/Private/Ticketing/Default.aspx" "Mozilla/5.0 (Windows NT 10.0; Win64; x64) AppleWebKit/537.36 (KHTML, like Gecko) Chrome/71.0.3578.98 Safari/537.36"
10.35.36.19 - - [20/Dec/2018:15:04:34 -0700] "POST /ServiceDesk/Default.aspx HTTP/1.1" 200 12423 "https://lsmonitor.byu.edu/ServiceDesk/Default.aspx" "Mozilla/5.0 (Windows NT 10.0; Win64; x64) AppleWebKit/537.36 (KHTML, like Gecko) Chrome/70.0.3538.110 Safari/537.36"
140.226.13.26 - - [20/Dec/2018:15:04:36 -0700] "GET /Certifications HTTP/1.1" 200 9831 "https://mph.byu.edu/Funding" "Mozilla/5.0 (Windows NT 10.0; Win64; x64) AppleWebKit/537.36 (KHTML, like Gecko) Chrome/64.0.3282.140 Safari/537.36 Edge/17.17134"
10.35.36.82 - - [20/Dec/2018:15:04:25 -0700] "POST /Private/Ticketing/comet.axd/connect HTTP/1.1" 200 510 "https://scinet.byu.edu/Private/Ticketing/Default.aspx" "Mozilla/5.0 (Macintosh; Intel Mac OS X 10_13_6) AppleWebKit/537.36 (KHTML, like Gecko) Chrome/70.0.3538.110 Safari/537.36"
::1 - - [20/Dec/2018:15:04:36 -0700] "OPTIONS * HTTP/1.0" 200 126 "-" "Apache/2.4.25 (Debian) OpenSSL/1.0.2q (internal dummy connection)"
140.226.13.26 - - [20/Dec/2018:15:04:36 -0700] "GET /Portals/5/img/GraduationHeroBanner.jpg HTTP/1.1" 200 319785 "https://mph.byu.edu/Certifications" "Mozilla/5.0 (Windows NT 10.0; Win64; x64) AppleWebKit/537.36 (KHTML, like Gecko) Chrome/64.0.3282.140 Safari/537.36 Edge/17.17134"
10.35.36.59 - - [20/Dec/2018:15:04:26 -0700] "POST /Private/Ticketing/comet.axd/connect HTTP/1.1" 200 509 "https://scinet.byu.edu/Private/Ticketing/Default.aspx" "Mozilla/5.0 (Windows NT 10.0; Win64; x64) AppleWebKit/537.36 (KHTML, like Gecko) Chrome/71.0.3578.98 Safari/537.36"
10.35.36.98 - - [20/Dec/2018:15:04:26 -0700] "POST /Private/Ticketing/comet.axd/connect HTTP/1.1" 200 510 "https://scinet.byu.edu/Private/Ticketing/Default.aspx" "Mozilla/5.0 (Windows NT 10.0; Win64; x64) AppleWebKit/537.36 (KHTML, like Gecko) Chrome/70.0.3538.102 Safari/537.36"
::1 - - [20/Dec/2018:15:04:37 -0700] "OPTIONS * HTTP/1.0" 200 126 "-" "Apache/2.4.25 (Debian) OpenSSL/1.0.2q (internal dummy connection)"
::1 - - [20/Dec/2018:15:04:38 -0700] "OPTIONS * HTTP/1.0" 200 126 "-" "Apache/2.4.25 (Debian) OpenSSL/1.0.2q (internal dummy connection)"
10.35.36.74 - - [20/Dec/2018:15:04:28 -0700] "POST /Private/Ticketing/comet.axd/connect HTTP/1.1" 200 509 "https://scinet.byu.edu/Private/Ticketing/Default.aspx" "Mozilla/5.0 (Macintosh; Intel Mac OS X 10_13_6) AppleWebKit/537.36 (KHTML, like Gecko) Chrome/70.0.3538.102 Safari/537.36"
::1 - - [20/Dec/2018:15:04:39 -0700] "OPTIONS * HTTP/1.0" 200 126 "-" "Apache/2.4.25 (Debian) OpenSSL/1.0.2q (internal dummy connection)"
10.35.36.88 - - [20/Dec/2018:15:04:38 -0700] "POST /WebTeam/Default.aspx HTTP/1.1" 200 10461 "https://lsmonitor.byu.edu/WebTeam/Default.aspx" "Mozilla/5.0 (Windows NT 10.0; Win64; x64) AppleWebKit/537.36 (KHTML, like Gecko) Chrome/69.0.3497.100 Safari/537.36"
::1 - - [20/Dec/2018:15:04:40 -0700] "OPTIONS * HTTP/1.0" 200 126 "-" "Apache/2.4.25 (Debian) OpenSSL/1.0.2q (internal dummy connection)"
::1 - - [20/Dec/2018:15:04:41 -0700] "OPTIONS * HTTP/1.0" 200 126 "-" "Apache/2.4.25 (Debian) OpenSSL/1.0.2q (internal dummy connection)"
10.35.36.2 - - [20/Dec/2018:15:04:31 -0700] "POST /Private/Ticketing/comet.axd/connect HTTP/1.1" 200 510 "https://scinet.byu.edu/Private/Ticketing/Default.aspx" "Mozilla/5.0 (Macintosh; Intel Mac OS X 10_14_2) AppleWebKit/537.36 (KHTML, like Gecko) Chrome/70.0.3538.102 Safari/537.36"
10.35.36.74 - - [20/Dec/2018:15:04:31 -0700] "POST /Private/Ticketing/comet.axd/connect HTTP/1.1" 200 510 "https://scinet.byu.edu/Private/Ticketing/Default.aspx" "Mozilla/5.0 (Macintosh; Intel Mac OS X 10_13_6) AppleWebKit/537.36 (KHTML, like Gecko) Chrome/70.0.3538.102 Safari/537.36"
10.35.36.74 - - [20/Dec/2018:15:04:31 -0700] "POST /Private/Ticketing/comet.axd/connect HTTP/1.1" 200 511 "https://scinet.byu.edu/Private/Ticketing/Default.aspx" "Mozilla/5.0 (Macintosh; Intel Mac OS X 10_13_6) AppleWebKit/537.36 (KHTML, like Gecko) Chrome/71.0.3578.98 Safari/537.36"
10.35.36.89 - - [20/Dec/2018:15:04:41 -0700] "POST /Engineering/Default.aspx HTTP/1.1" 200 8406 "https://lsmonitor.byu.edu/Engineering/Default.aspx" "Mozilla/5.0 (Windows NT 10.0; Win64; x64) AppleWebKit/537.36 (KHTML, like Gecko) Chrome/70.0.3538.110 Safari/537.36"
10.35.36.88 - - [20/Dec/2018:15:04:42 -0700] "POST /WebTeam/Default.aspx HTTP/1.1" 200 18673 "https://lsmonitor.byu.edu/WebTeam/Default.aspx" "Mozilla/5.0 (Windows NT 10.0; Win64; x64) AppleWebKit/537.36 (KHTML, like Gecko) Chrome/69.0.3497.100 Safari/537.36"
