10.35.36.59 - - [20/Dec/2018:15:02:25 -0700] "POST /Private/Ticketing/comet.axd/connect HTTP/1.1" 200 509 "https://scinet.byu.edu/Private/Ticketing/Default.aspx" "Mozilla/5.0 (Windows NT 10.0; Win64; x64) AppleWebKit/537.36 (KHTML, like Gecko) Chrome/71.0.3578.98 Safari/537.36"
10.35.36.19 - - [20/Dec/2018:15:02:34 -0700] "POST /ServiceDesk/Default.aspx HTTP/1.1" 200 12419 "https://lsmonitor.byu.edu/ServiceDesk/Default.aspx" "Mozilla/5.0 (Windows NT 10.0; Win64; x64) AppleWebKit/537.36 (KHTML, like Gecko) Chrome/70.0.3538.110 Safari/537.36"
10.35.36.89 - - [20/Dec/2018:15:02:35 -0700] "POST /Engineering/Default.aspx HTTP/1.1" 200 8406 "https://lsmonitor.byu.edu/Engineering/Default.aspx" "Mozilla/5.0 (Windows NT 10.0; Win64; x64) AppleWebKit/537.36 (KHTML, like Gecko) Chrome/70.0.3538.110 Safari/537.36"
10.4.76.82 - - [20/Dec/2018:15:02:39 -0700] "GET /Portals/13/Storyline/Kiosks/Insect%20Kiosk/story_content/6hFYa42RXs4_5ywhfz127DK.png HTTP/1.1" 200 7755 "https://mlbean.byu.edu/Portals/13/Storyline/Kiosks/Insect%20Kiosk/story_html5.html" "Mozilla/5.0 (Macintosh; Intel Mac OS X 10_11_3) AppleWebKit/601.4.4 (KHTML, like Gecko) Version/9.0.3 Safari/601.4.4"
10.35.36.88 - - [20/Dec/2018:15:02:38 -0700] "POST /WebTeam/Default.aspx HTTP/1.1" 200 10462 "https://lsmonitor.byu.edu/WebTeam/Default.aspx" "Mozilla/5.0 (Windows NT 10.0; Win64; x64) AppleWebKit/537.36 (KHTML, like Gecko) Chrome/69.0.3497.100 Safari/537.36"
10.35.36.2 - - [20/Dec/2018:15:02:29 -0700] "POST /Private/Ticketing/comet.axd/connect HTTP/1.1" 200 510 "https://scinet.byu.edu/Private/Ticketing/Default.aspx" "Mozilla/5.0 (Macintosh; Intel Mac OS X 10_14_2) AppleWebKit/537.36 (KHTML, like Gecko) Chrome/70.0.3538.102 Safari/537.36"
10.35.36.74 - - [20/Dec/2018:15:02:30 -0700] "POST /Private/Ticketing/comet.axd/connect HTTP/1.1" 200 510 "https://scinet.byu.edu/Private/Ticketing/Default.aspx" "Mozilla/5.0 (Macintosh; Intel Mac OS X 10_13_6) AppleWebKit/537.36 (KHTML, like Gecko) Chrome/70.0.3538.102 Safari/537.36"
10.35.36.74 - - [20/Dec/2018:15:02:30 -0700] "POST /Private/Ticketing/comet.axd/connect HTTP/1.1" 200 511 "https://scinet.byu.edu/Private/Ticketing/Default.aspx" "Mozilla/5.0 (Macintosh; Intel Mac OS X 10_13_6) AppleWebKit/537.36 (KHTML, like Gecko) Chrome/71.0.3578.98 Safari/537.36"
10.35.36.88 - - [20/Dec/2018:15:02:42 -0700] "POST /WebTeam/Default.aspx HTTP/1.1" 200 18680 "https://lsmonitor.byu.edu/WebTeam/Default.aspx" "Mozilla/5.0 (Windows NT 10.0; Win64; x64) AppleWebKit/537.36 (KHTML, like Gecko) Chrome/69.0.3497.100 Safari/537.36"
10.35.36.46 - - [20/Dec/2018:15:02:33 -0700] "POST /Private/Ticketing/comet.axd/connect HTTP/1.1" 200 507 "https://scinet.byu.edu/Private/Ticketing/Default.aspx" "Mozilla/5.0 (Windows NT 10.0; Win64; x64) AppleWebKit/537.36 (KHTML, like Gecko) Chrome/71.0.3578.98 Safari/537.36"
10.35.36.74 - - [20/Dec/2018:15:02:33 -0700] "POST /Private/Ticketing/comet.axd/connect HTTP/1.1" 200 509 "https://scinet.byu.edu/Private/Ticketing/Default.aspx" "Mozilla/5.0 (Macintosh; Intel Mac OS X 10_13_6) AppleWebKit/537.36 (KHTML, like Gecko) Chrome/70.0.3538.102 Safari/537.36"
10.35.36.82 - - [20/Dec/2018:15:02:34 -0700] "POST /Private/Ticketing/comet.axd/connect HTTP/1.1" 200 510 "https://scinet.byu.edu/Private/Ticketing/Default.aspx" "Mozilla/5.0 (Macintosh; Intel Mac OS X 10_13_6) AppleWebKit/537.36 (KHTML, like Gecko) Chrome/70.0.3538.110 Safari/537.36"
10.35.36.98 - - [20/Dec/2018:15:02:35 -0700] "POST /Private/Ticketing/comet.axd/connect HTTP/1.1" 200 510 "https://scinet.byu.edu/Private/Ticketing/Default.aspx" "Mozilla/5.0 (Windows NT 10.0; Win64; x64) AppleWebKit/537.36 (KHTML, like Gecko) Chrome/70.0.3538.102 Safari/537.36"
10.35.36.99 - - [20/Dec/2018:15:02:35 -0700] "POST /Private/Ticketing/comet.axd/connect HTTP/1.1" 200 509 "https://scinet.byu.edu/Private/Ticketing/Default.aspx" "Mozilla/5.0 (Windows NT 10.0; Win64; x64) AppleWebKit/537.36 (KHTML, like Gecko) Chrome/71.0.3578.98 Safari/537.36"
10.35.36.59 - - [20/Dec/2018:15:02:35 -0700] "POST /Private/Ticketing/comet.axd/connect HTTP/1.1" 200 509 "https://scinet.byu.edu/Private/Ticketing/Default.aspx" "Mozilla/5.0 (Windows NT 10.0; Win64; x64) AppleWebKit/537.36 (KHTML, like Gecko) Chrome/71.0.3578.98 Safari/537.36"
::1 - - [20/Dec/2018:15:02:46 -0700] "OPTIONS * HTTP/1.0" 200 126 "-" "Apache/2.4.25 (Debian) OpenSSL/1.0.2q (internal dummy connection)"
10.25.100.22 - - [20/Dec/2018:15:02:26 -0700] "GET /mjpg/LSB HTTP/1.1" 200 65098966 "-" "Mozilla/5.0 (Windows NT 10.0; Win64; x64) AppleWebKit/537.36 (KHTML, like Gecko) Chrome/71.0.3578.98 Safari/537.36"
104.225.231.180 - - [20/Dec/2018:15:02:47 -0700] "GET /img/193.JPG HTTP/1.1" 200 392174 "-" "Mozilla/5.0 (Windows NT 10.0; Win64; x64; rv:64.0) Gecko/20100101 Firefox/64.0"
10.35.36.89 - - [20/Dec/2018:15:02:48 -0700] "POST /Engineering/Default.aspx HTTP/1.1" 200 16422 "https://lsmonitor.byu.edu/Engineering/Default.aspx" "Mozilla/5.0 (Windows NT 10.0; Win64; x64) AppleWebKit/537.36 (KHTML, like Gecko) Chrome/70.0.3538.110 Safari/537.36"
128.187.16.158 - - [20/Dec/2018:15:02:48 -0700] "GET /Users HTTP/1.1" 200 3568 "https://localhost:8080/?" "Synapse-PT-HttpComponents-NIO"
128.187.16.159 - - [20/Dec/2018:15:02:48 -0700] "GET /Users HTTP/1.1" 200 3568 "https://localhost:8080/?" "Synapse-PT-HttpComponents-NIO"
10.35.36.74 - - [20/Dec/2018:15:02:40 -0700] "POST /Private/Ticketing/comet.axd/connect HTTP/1.1" 200 510 "https://scinet.byu.edu/Private/Ticketing/Default.aspx" "Mozilla/5.0 (Macintosh; Intel Mac OS X 10_13_6) AppleWebKit/537.36 (KHTML, like Gecko) Chrome/70.0.3538.102 Safari/537.36"
10.35.36.74 - - [20/Dec/2018:15:02:40 -0700] "POST /Private/Ticketing/comet.axd/connect HTTP/1.1" 200 511 "https://scinet.byu.edu/Private/Ticketing/Default.aspx" "Mozilla/5.0 (Macintosh; Intel Mac OS X 10_13_6) AppleWebKit/537.36 (KHTML, like Gecko) Chrome/71.0.3578.98 Safari/537.36"
10.35.36.2 - - [20/Dec/2018:15:02:40 -0700] "POST /Private/Ticketing/comet.axd/connect HTTP/1.1" 200 510 "https://scinet.byu.edu/Private/Ticketing/Default.aspx" "Mozilla/5.0 (Macintosh; Intel Mac OS X 10_14_2) AppleWebKit/537.36 (KHTML, like Gecko) Chrome/70.0.3538.102 Safari/537.36"
10.35.36.19 - - [20/Dec/2018:15:02:49 -0700] "POST /ServiceDesk/Default.aspx HTTP/1.1" 200 12574 "https://lsmonitor.byu.edu/ServiceDesk/Default.aspx" "Mozilla/5.0 (Windows NT 10.0; Win64; x64) AppleWebKit/537.36 (KHTML, like Gecko) Chrome/70.0.3538.110 Safari/537.36"
10.35.36.89 - - [20/Dec/2018:15:02:50 -0700] "POST /Engineering/Default.aspx HTTP/1.1" 200 8251 "https://lsmonitor.byu.edu/Engineering/Default.aspx" "Mozilla/5.0 (Windows NT 10.0; Win64; x64) AppleWebKit/537.36 (KHTML, like Gecko) Chrome/70.0.3538.110 Safari/537.36"
128.187.16.159 - - [20/Dec/2018:15:02:53 -0700] "PUT /Agencies/56 HTTP/1.1" 200 421 "https://localhost:8080/?" "Synapse-PT-HttpComponents-NIO"
10.35.36.88 - - [20/Dec/2018:15:02:53 -0700] "POST /WebTeam/Default.aspx HTTP/1.1" 200 10659 "https://lsmonitor.byu.edu/WebTeam/Default.aspx" "Mozilla/5.0 (Windows NT 10.0; Win64; x64) AppleWebKit/537.36 (KHTML, like Gecko) Chrome/69.0.3497.100 Safari/537.36"
10.35.36.46 - - [20/Dec/2018:15:02:44 -0700] "POST /Private/Ticketing/comet.axd/connect HTTP/1.1" 200 507 "https://scinet.byu.edu/Private/Ticketing/Default.aspx" "Mozilla/5.0 (Windows NT 10.0; Win64; x64) AppleWebKit/537.36 (KHTML, like Gecko) Chrome/71.0.3578.98 Safari/537.36"
10.35.36.59 - - [20/Dec/2018:15:02:45 -0700] "POST /Private/Ticketing/comet.axd/connect HTTP/1.1" 200 509 "https://scinet.byu.edu/Private/Ticketing/Default.aspx" "Mozilla/5.0 (Windows NT 10.0; Win64; x64) AppleWebKit/537.36 (KHTML, like Gecko) Chrome/71.0.3578.98 Safari/537.36"
10.35.36.98 - - [20/Dec/2018:15:02:45 -0700] "POST /Private/Ticketing/comet.axd/connect HTTP/1.1" 200 510 "https://scinet.byu.edu/Private/Ticketing/Default.aspx" "Mozilla/5.0 (Windows NT 10.0; Win64; x64) AppleWebKit/537.36 (KHTML, like Gecko) Chrome/70.0.3538.102 Safari/537.36"
10.35.36.82 - - [20/Dec/2018:15:02:46 -0700] "POST /Private/Ticketing/comet.axd/connect HTTP/1.1" 200 510 "https://scinet.byu.edu/Private/Ticketing/Default.aspx" "Mozilla/5.0 (Macintosh; Intel Mac OS X 10_13_6) AppleWebKit/537.36 (KHTML, like Gecko) Chrome/70.0.3538.110 Safari/537.36"
10.35.36.74 - - [20/Dec/2018:15:02:46 -0700] "POST /Private/Ticketing/comet.axd/connect HTTP/1.1" 200 509 "https://scinet.byu.edu/Private/Ticketing/Default.aspx" "Mozilla/5.0 (Macintosh; Intel Mac OS X 10_13_6) AppleWebKit/537.36 (KHTML, like Gecko) Chrome/70.0.3538.102 Safari/537.36"
10.35.36.99 - - [20/Dec/2018:15:02:46 -0700] "POST /Private/Ticketing/comet.axd/connect HTTP/1.1" 200 509 "https://scinet.byu.edu/Private/Ticketing/Default.aspx" "Mozilla/5.0 (Windows NT 10.0; Win64; x64) AppleWebKit/537.36 (KHTML, like Gecko) Chrome/71.0.3578.98 Safari/537.36"
10.35.36.74 - - [20/Dec/2018:15:02:50 -0700] "POST /Private/Ticketing/comet.axd/connect HTTP/1.1" 200 511 "https://scinet.byu.edu/Private/Ticketing/Default.aspx" "Mozilla/5.0 (Macintosh; Intel Mac OS X 10_13_6) AppleWebKit/537.36 (KHTML, like Gecko) Chrome/71.0.3578.98 Safari/537.36"
10.35.36.74 - - [20/Dec/2018:15:02:50 -0700] "POST /Private/Ticketing/comet.axd/connect HTTP/1.1" 200 510 "https://scinet.byu.edu/Private/Ticketing/Default.aspx" "Mozilla/5.0 (Macintosh; Intel Mac OS X 10_13_6) AppleWebKit/537.36 (KHTML, like Gecko) Chrome/70.0.3538.102 Safari/537.36"
localhost - - [20/Dec/2018:15:03:01 -0700] "GET /server-status?auto HTTP/1.1" 200 1424 "-" "Python-urllib/2.7"
10.35.36.2 - - [20/Dec/2018:15:02:51 -0700] "POST /Private/Ticketing/comet.axd/connect HTTP/1.1" 200 510 "https://scinet.byu.edu/Private/Ticketing/Default.aspx" "Mozilla/5.0 (Macintosh; Intel Mac OS X 10_14_2) AppleWebKit/537.36 (KHTML, like Gecko) Chrome/70.0.3538.102 Safari/537.36"
::1 - - [20/Dec/2018:15:03:02 -0700] "OPTIONS * HTTP/1.0" 200 126 "-" "Apache/2.4.25 (Debian) OpenSSL/1.0.2q (internal dummy connection)"
82.2.191.36 - - [20/Dec/2018:15:03:02 -0700] "GET /portals/48/epithelium/esophagus/esophagus%204x.jpg HTTP/1.1" 200 531695 "https://www.bing.com/" "Mozilla/5.0 (Windows NT 10.0; Win64; x64) AppleWebKit/537.36 (KHTML, like Gecko) Chrome/64.0.3282.140 Safari/537.36 Edge/17.17134"
70.42.109.167 - - [20/Dec/2018:15:03:04 -0700] "GET /mjpg/LSB HTTP/1.1" 200 2141976 "-" "Lavf/57.48.103"
10.35.36.46 - - [20/Dec/2018:15:02:55 -0700] "POST /Private/Ticketing/comet.axd/connect HTTP/1.1" 200 507 "https://scinet.byu.edu/Private/Ticketing/Default.aspx" "Mozilla/5.0 (Windows NT 10.0; Win64; x64) AppleWebKit/537.36 (KHTML, like Gecko) Chrome/71.0.3578.98 Safari/537.36"
10.35.36.59 - - [20/Dec/2018:15:02:55 -0700] "POST /Private/Ticketing/comet.axd/connect HTTP/1.1" 200 509 "https://scinet.byu.edu/Private/Ticketing/Default.aspx" "Mozilla/5.0 (Windows NT 10.0; Win64; x64) AppleWebKit/537.36 (KHTML, like Gecko) Chrome/71.0.3578.98 Safari/537.36"
10.35.36.98 - - [20/Dec/2018:15:02:55 -0700] "POST /Private/Ticketing/comet.axd/connect HTTP/1.1" 200 510 "https://scinet.byu.edu/Private/Ticketing/Default.aspx" "Mozilla/5.0 (Windows NT 10.0; Win64; x64) AppleWebKit/537.36 (KHTML, like Gecko) Chrome/70.0.3538.102 Safari/537.36"
10.35.36.19 - - [20/Dec/2018:15:03:04 -0700] "POST /ServiceDesk/Default.aspx HTTP/1.1" 200 12574 "https://lsmonitor.byu.edu/ServiceDesk/Default.aspx" "Mozilla/5.0 (Windows NT 10.0; Win64; x64) AppleWebKit/537.36 (KHTML, like Gecko) Chrome/70.0.3538.110 Safari/537.36"
10.4.76.82 - - [20/Dec/2018:15:03:06 -0700] "GET /Portals/13/Storyline/Kiosks/Insect%20Kiosk/story_content/5qKIJuwz9eH_5kOrVt33OOs.png HTTP/1.1" 200 7755 "https://mlbean.byu.edu/Portals/13/Storyline/Kiosks/Insect%20Kiosk/story_html5.html" "Mozilla/5.0 (Macintosh; Intel Mac OS X 10_11_3) AppleWebKit/601.4.4 (KHTML, like Gecko) Version/9.0.3 Safari/601.4.4"
10.25.100.22 - - [20/Dec/2018:15:02:46 -0700] "GET /mjpg/LSB HTTP/1.1" 200 64446524 "-" "Mozilla/5.0 (Windows NT 10.0; Win64; x64) AppleWebKit/537.36 (KHTML, like Gecko) Chrome/71.0.3578.98 Safari/537.36"
10.35.36.82 - - [20/Dec/2018:15:02:56 -0700] "POST /Private/Ticketing/comet.axd/connect HTTP/1.1" 200 510 "https://scinet.byu.edu/Private/Ticketing/Default.aspx" "Mozilla/5.0 (Macintosh; Intel Mac OS X 10_13_6) AppleWebKit/537.36 (KHTML, like Gecko) Chrome/70.0.3538.110 Safari/537.36"
10.35.36.89 - - [20/Dec/2018:15:03:06 -0700] "POST /Engineering/Default.aspx HTTP/1.1" 200 8402 "https://lsmonitor.byu.edu/Engineering/Default.aspx" "Mozilla/5.0 (Windows NT 10.0; Win64; x64) AppleWebKit/537.36 (KHTML, like Gecko) Chrome/70.0.3538.110 Safari/537.36"
10.35.36.99 - - [20/Dec/2018:15:02:57 -0700] "POST /Private/Ticketing/comet.axd/connect HTTP/1.1" 200 509 "https://scinet.byu.edu/Private/Ticketing/Default.aspx" "Mozilla/5.0 (Windows NT 10.0; Win64; x64) AppleWebKit/537.36 (KHTML, like Gecko) Chrome/71.0.3578.98 Safari/537.36"
10.35.36.74 - - [20/Dec/2018:15:02:58 -0700] "POST /Private/Ticketing/comet.axd/connect HTTP/1.1" 200 509 "https://scinet.byu.edu/Private/Ticketing/Default.aspx" "Mozilla/5.0 (Macintosh; Intel Mac OS X 10_13_6) AppleWebKit/537.36 (KHTML, like Gecko) Chrome/70.0.3538.102 Safari/537.36"
10.35.36.88 - - [20/Dec/2018:15:03:08 -0700] "POST /WebTeam/Default.aspx HTTP/1.1" 200 10446 "https://lsmonitor.byu.edu/WebTeam/Default.aspx" "Mozilla/5.0 (Windows NT 10.0; Win64; x64) AppleWebKit/537.36 (KHTML, like Gecko) Chrome/69.0.3497.100 Safari/537.36"
10.35.36.74 - - [20/Dec/2018:15:03:00 -0700] "POST /Private/Ticketing/comet.axd/connect HTTP/1.1" 200 511 "https://scinet.byu.edu/Private/Ticketing/Default.aspx" "Mozilla/5.0 (Macintosh; Intel Mac OS X 10_13_6) AppleWebKit/537.36 (KHTML, like Gecko) Chrome/71.0.3578.98 Safari/537.36"
10.35.36.74 - - [20/Dec/2018:15:03:00 -0700] "POST /Private/Ticketing/comet.axd/connect HTTP/1.1" 200 510 "https://scinet.byu.edu/Private/Ticketing/Default.aspx" "Mozilla/5.0 (Macintosh; Intel Mac OS X 10_13_6) AppleWebKit/537.36 (KHTML, like Gecko) Chrome/70.0.3538.102 Safari/537.36"
66.249.79.235 - - [20/Dec/2018:15:03:12 -0700] "GET /Research/CellCycle HTTP/1.1" 200 10658 "-" "Mozilla/5.0 (Linux; Android 6.0.1; Nexus 5X Build/MMB29P) AppleWebKit/537.36 (KHTML, like Gecko) Chrome/41.0.2272.96 Mobile Safari/537.36 (compatible; Googlebot/2.1; +http://www.google.com/bot.html)"
10.35.36.2 - - [20/Dec/2018:15:03:02 -0700] "POST /Private/Ticketing/comet.axd/connect HTTP/1.1" 200 510 "https://scinet.byu.edu/Private/Ticketing/Default.aspx" "Mozilla/5.0 (Macintosh; Intel Mac OS X 10_14_2) AppleWebKit/537.36 (KHTML, like Gecko) Chrome/70.0.3538.102 Safari/537.36"
10.35.36.98 - - [20/Dec/2018:15:03:05 -0700] "POST /Private/Ticketing/comet.axd/connect HTTP/1.1" 200 510 "https://scinet.byu.edu/Private/Ticketing/Default.aspx" "Mozilla/5.0 (Windows NT 10.0; Win64; x64) AppleWebKit/537.36 (KHTML, like Gecko) Chrome/70.0.3538.102 Safari/537.36"
10.35.36.59 - - [20/Dec/2018:15:03:05 -0700] "POST /Private/Ticketing/comet.axd/connect HTTP/1.1" 200 509 "https://scinet.byu.edu/Private/Ticketing/Default.aspx" "Mozilla/5.0 (Windows NT 10.0; Win64; x64) AppleWebKit/537.36 (KHTML, like Gecko) Chrome/71.0.3578.98 Safari/537.36"
10.35.36.46 - - [20/Dec/2018:15:03:06 -0700] "POST /Private/Ticketing/comet.axd/connect HTTP/1.1" 200 507 "https://scinet.byu.edu/Private/Ticketing/Default.aspx" "Mozilla/5.0 (Windows NT 10.0; Win64; x64) AppleWebKit/537.36 (KHTML, like Gecko) Chrome/71.0.3578.98 Safari/537.36"
10.35.36.82 - - [20/Dec/2018:15:03:07 -0700] "POST /Private/Ticketing/comet.axd/connect HTTP/1.1" 200 510 "https://scinet.byu.edu/Private/Ticketing/Default.aspx" "Mozilla/5.0 (Macintosh; Intel Mac OS X 10_13_6) AppleWebKit/537.36 (KHTML, like Gecko) Chrome/70.0.3538.110 Safari/537.36"
10.35.36.99 - - [20/Dec/2018:15:03:08 -0700] "POST /Private/Ticketing/comet.axd/connect HTTP/1.1" 200 509 "https://scinet.byu.edu/Private/Ticketing/Default.aspx" "Mozilla/5.0 (Windows NT 10.0; Win64; x64) AppleWebKit/537.36 (KHTML, like Gecko) Chrome/71.0.3578.98 Safari/537.36"
10.4.76.82 - - [20/Dec/2018:15:03:19 -0700] "GET /Portals/13/Storyline/Kiosks/Insect%20Kiosk/story_content/6ohU90JrrBj_6Lo6Pmf7Nen.png HTTP/1.1" 200 7755 "https://mlbean.byu.edu/Portals/13/Storyline/Kiosks/Insect%20Kiosk/story_html5.html" "Mozilla/5.0 (Macintosh; Intel Mac OS X 10_11_3) AppleWebKit/601.4.4 (KHTML, like Gecko) Version/9.0.3 Safari/601.4.4"
10.35.36.74 - - [20/Dec/2018:15:03:09 -0700] "POST /Private/Ticketing/comet.axd/connect HTTP/1.1" 200 509 "https://scinet.byu.edu/Private/Ticketing/Default.aspx" "Mozilla/5.0 (Macintosh; Intel Mac OS X 10_13_6) AppleWebKit/537.36 (KHTML, like Gecko) Chrome/70.0.3538.102 Safari/537.36"
10.35.36.19 - - [20/Dec/2018:15:03:19 -0700] "POST /ServiceDesk/Default.aspx HTTP/1.1" 200 12574 "https://lsmonitor.byu.edu/ServiceDesk/Default.aspx" "Mozilla/5.0 (Windows NT 10.0; Win64; x64) AppleWebKit/537.36 (KHTML, like Gecko) Chrome/70.0.3538.110 Safari/537.36"
10.35.36.74 - - [20/Dec/2018:15:03:10 -0700] "POST /Private/Ticketing/comet.axd/connect HTTP/1.1" 200 510 "https://scinet.byu.edu/Private/Ticketing/Default.aspx" "Mozilla/5.0 (Macintosh; Intel Mac OS X 10_13_6) AppleWebKit/537.36 (KHTML, like Gecko) Chrome/70.0.3538.102 Safari/537.36"
10.35.36.74 - - [20/Dec/2018:15:03:10 -0700] "POST /Private/Ticketing/comet.axd/connect HTTP/1.1" 200 511 "https://scinet.byu.edu/Private/Ticketing/Default.aspx" "Mozilla/5.0 (Macintosh; Intel Mac OS X 10_13_6) AppleWebKit/537.36 (KHTML, like Gecko) Chrome/71.0.3578.98 Safari/537.36"
10.35.36.89 - - [20/Dec/2018:15:03:21 -0700] "POST /Engineering/Default.aspx HTTP/1.1" 200 8405 "https://lsmonitor.byu.edu/Engineering/Default.aspx" "Mozilla/5.0 (Windows NT 10.0; Win64; x64) AppleWebKit/537.36 (KHTML, like Gecko) Chrome/70.0.3538.110 Safari/537.36"
10.35.36.2 - - [20/Dec/2018:15:03:13 -0700] "POST /Private/Ticketing/comet.axd/connect HTTP/1.1" 200 510 "https://scinet.byu.edu/Private/Ticketing/Default.aspx" "Mozilla/5.0 (Macintosh; Intel Mac OS X 10_14_2) AppleWebKit/537.36 (KHTML, like Gecko) Chrome/70.0.3538.102 Safari/537.36"
10.35.36.88 - - [20/Dec/2018:15:03:23 -0700] "POST /WebTeam/Default.aspx HTTP/1.1" 200 13601 "https://lsmonitor.byu.edu/WebTeam/Default.aspx" "Mozilla/5.0 (Windows NT 10.0; Win64; x64) AppleWebKit/537.36 (KHTML, like Gecko) Chrome/69.0.3497.100 Safari/537.36"
10.4.76.82 - - [20/Dec/2018:15:03:24 -0700] "GET /Portals/13/Storyline/Kiosks/Insect%20Kiosk/html5/data/js/5YvQVbP7hAx.js HTTP/1.1" 200 6143 "https://mlbean.byu.edu/Portals/13/Storyline/Kiosks/Insect%20Kiosk/story_html5.html" "Mozilla/5.0 (Macintosh; Intel Mac OS X 10_11_3) AppleWebKit/601.4.4 (KHTML, like Gecko) Version/9.0.3 Safari/601.4.4"
10.35.36.98 - - [20/Dec/2018:15:03:15 -0700] "POST /Private/Ticketing/comet.axd/connect HTTP/1.1" 200 510 "https://scinet.byu.edu/Private/Ticketing/Default.aspx" "Mozilla/5.0 (Windows NT 10.0; Win64; x64) AppleWebKit/537.36 (KHTML, like Gecko) Chrome/70.0.3538.102 Safari/537.36"
10.35.36.59 - - [20/Dec/2018:15:03:15 -0700] "POST /Private/Ticketing/comet.axd/connect HTTP/1.1" 200 509 "https://scinet.byu.edu/Private/Ticketing/Default.aspx" "Mozilla/5.0 (Windows NT 10.0; Win64; x64) AppleWebKit/537.36 (KHTML, like Gecko) Chrome/71.0.3578.98 Safari/537.36"
34.248.73.156 - - [20/Dec/2018:15:03:26 -0700] "HEAD /Live-Animal-Shows/List-of-Shows HTTP/1.1" 200 3837 "-" "OnalyticaBot"
52.31.38.172 - - [20/Dec/2018:15:03:26 -0700] "HEAD / HTTP/1.1" 200 3837 "-" "OnalyticaBot"
10.25.100.22 - - [20/Dec/2018:15:03:06 -0700] "GET /mjpg/LSB HTTP/1.1" 200 64861791 "-" "Mozilla/5.0 (Windows NT 10.0; Win64; x64) AppleWebKit/537.36 (KHTML, like Gecko) Chrome/71.0.3578.98 Safari/537.36"
10.4.76.82 - - [20/Dec/2018:15:03:27 -0700] "GET /Portals/13/Storyline/Kiosks/Insect%20Kiosk/story_content/5YvQVbP7hAx_6KPwEmS0MTX.png HTTP/1.1" 200 7562 "https://mlbean.byu.edu/Portals/13/Storyline/Kiosks/Insect%20Kiosk/story_html5.html" "Mozilla/5.0 (Macintosh; Intel Mac OS X 10_11_3) AppleWebKit/601.4.4 (KHTML, like Gecko) Version/9.0.3 Safari/601.4.4"
10.35.36.46 - - [20/Dec/2018:15:03:17 -0700] "POST /Private/Ticketing/comet.axd/connect HTTP/1.1" 200 507 "https://scinet.byu.edu/Private/Ticketing/Default.aspx" "Mozilla/5.0 (Windows NT 10.0; Win64; x64) AppleWebKit/537.36 (KHTML, like Gecko) Chrome/71.0.3578.98 Safari/537.36"
10.35.36.99 - - [20/Dec/2018:15:03:19 -0700] "POST /Private/Ticketing/comet.axd/connect HTTP/1.1" 200 509 "https://scinet.byu.edu/Private/Ticketing/Default.aspx" "Mozilla/5.0 (Windows NT 10.0; Win64; x64) AppleWebKit/537.36 (KHTML, like Gecko) Chrome/71.0.3578.98 Safari/537.36"
10.35.36.82 - - [20/Dec/2018:15:03:18 -0700] "POST /Private/Ticketing/comet.axd/connect HTTP/1.1" 200 510 "https://scinet.byu.edu/Private/Ticketing/Default.aspx" "Mozilla/5.0 (Macintosh; Intel Mac OS X 10_13_6) AppleWebKit/537.36 (KHTML, like Gecko) Chrome/70.0.3538.110 Safari/537.36"
128.187.16.159 - - [20/Dec/2018:15:03:29 -0700] "POST /Agencies HTTP/1.1" 200 566 "https://localhost:8080/?" "Synapse-PT-HttpComponents-NIO"
10.35.36.19 - - [20/Dec/2018:15:03:29 -0700] "POST /ServiceDesk/Default.aspx HTTP/1.1" 200 23564 "https://lsmonitor.byu.edu/ServiceDesk/Default.aspx" "Mozilla/5.0 (Windows NT 10.0; Win64; x64) AppleWebKit/537.36 (KHTML, like Gecko) Chrome/70.0.3538.110 Safari/537.36"
10.35.36.74 - - [20/Dec/2018:15:03:21 -0700] "POST /Private/Ticketing/comet.axd/connect HTTP/1.1" 200 511 "https://scinet.byu.edu/Private/Ticketing/Default.aspx" "Mozilla/5.0 (Macintosh; Intel Mac OS X 10_13_6) AppleWebKit/537.36 (KHTML, like Gecko) Chrome/71.0.3578.98 Safari/537.36"
10.35.36.74 - - [20/Dec/2018:15:03:21 -0700] "POST /Private/Ticketing/comet.axd/connect HTTP/1.1" 200 510 "https://scinet.byu.edu/Private/Ticketing/Default.aspx" "Mozilla/5.0 (Macintosh; Intel Mac OS X 10_13_6) AppleWebKit/537.36 (KHTML, like Gecko) Chrome/70.0.3538.102 Safari/537.36"
10.35.36.74 - - [20/Dec/2018:15:03:20 -0700] "POST /Private/Ticketing/comet.axd/connect HTTP/1.1" 200 509 "https://scinet.byu.edu/Private/Ticketing/Default.aspx" "Mozilla/5.0 (Macintosh; Intel Mac OS X 10_13_6) AppleWebKit/537.36 (KHTML, like Gecko) Chrome/70.0.3538.102 Safari/537.36"
207.46.13.26 - - [20/Dec/2018:15:03:33 -0700] "GET /About/Faculty-and-Staff/ctl/FacultyProfile/mid/1424/NetID/ret HTTP/1.1" 200 10192 "-" "Mozilla/5.0 (compatible; bingbot/2.0; +http://www.bing.com/bingbot.htm)"
10.35.36.2 - - [20/Dec/2018:15:03:24 -0700] "POST /Private/Ticketing/comet.axd/connect HTTP/1.1" 200 510 "https://scinet.byu.edu/Private/Ticketing/Default.aspx" "Mozilla/5.0 (Macintosh; Intel Mac OS X 10_14_2) AppleWebKit/537.36 (KHTML, like Gecko) Chrome/70.0.3538.102 Safari/537.36"
10.4.76.83 - - [20/Dec/2018:15:03:34 -0700] "GET /Portals/13/Storyline/Kiosks/Insect%20Kiosk/mobile/5X8slK6ViIS_80_DX1028_DY1028_CX546_CY465.png HTTP/1.1" 200 128887 "https://mlbean.byu.edu/Portals/13/Storyline/Kiosks/Insect%20Kiosk/story_html5.html" "Mozilla/5.0 (Macintosh; Intel Mac OS X 10_11_3) AppleWebKit/601.4.4 (KHTML, like Gecko) Version/9.0.3 Safari/601.4.4"
10.4.76.83 - - [20/Dec/2018:15:03:34 -0700] "GET /Portals/13/Storyline/Kiosks/Insect%20Kiosk/mobile/Shape6Qc5OauNtpz.png HTTP/1.1" 200 1734 "https://mlbean.byu.edu/Portals/13/Storyline/Kiosks/Insect%20Kiosk/story_html5.html" "Mozilla/5.0 (Macintosh; Intel Mac OS X 10_11_3) AppleWebKit/601.4.4 (KHTML, like Gecko) Version/9.0.3 Safari/601.4.4"
10.4.76.83 - - [20/Dec/2018:15:03:34 -0700] "GET /Portals/13/Storyline/Kiosks/Insect%20Kiosk/mobile/Shape5jV40VyOJoQ.png HTTP/1.1" 200 2262 "https://mlbean.byu.edu/Portals/13/Storyline/Kiosks/Insect%20Kiosk/story_html5.html" "Mozilla/5.0 (Macintosh; Intel Mac OS X 10_11_3) AppleWebKit/601.4.4 (KHTML, like Gecko) Version/9.0.3 Safari/601.4.4"
10.4.76.83 - - [20/Dec/2018:15:03:34 -0700] "GET /Portals/13/Storyline/Kiosks/Insect%20Kiosk/mobile/Shape5liKLVnK6QN.png HTTP/1.1" 200 1622 "https://mlbean.byu.edu/Portals/13/Storyline/Kiosks/Insect%20Kiosk/story_html5.html" "Mozilla/5.0 (Macintosh; Intel Mac OS X 10_11_3) AppleWebKit/601.4.4 (KHTML, like Gecko) Version/9.0.3 Safari/601.4.4"
10.4.76.83 - - [20/Dec/2018:15:03:34 -0700] "GET /Portals/13/Storyline/Kiosks/Insect%20Kiosk/mobile/6DPdnTHfnwL_80_P_0_673_998_553_DX1842_DY1842_CX530_CY294.png HTTP/1.1" 200 97287 "https://mlbean.byu.edu/Portals/13/Storyline/Kiosks/Insect%20Kiosk/story_html5.html" "Mozilla/5.0 (Macintosh; Intel Mac OS X 10_11_3) AppleWebKit/601.4.4 (KHTML, like Gecko) Version/9.0.3 Safari/601.4.4"
10.4.76.83 - - [20/Dec/2018:15:03:34 -0700] "GET /Portals/13/Storyline/Kiosks/Insect%20Kiosk/mobile/6DPdnTHfnwL_80_P_0_1312_1191_680_DX1842_DY1842_CX753_CY430.png HTTP/1.1" 200 230535 "https://mlbean.byu.edu/Portals/13/Storyline/Kiosks/Insect%20Kiosk/story_html5.html" "Mozilla/5.0 (Macintosh; Intel Mac OS X 10_11_3) AppleWebKit/601.4.4 (KHTML, like Gecko) Version/9.0.3 Safari/601.4.4"
10.4.76.83 - - [20/Dec/2018:15:03:34 -0700] "GET /Portals/13/Storyline/Kiosks/Insect%20Kiosk/mobile/Shape6NViEcOmKxb.png HTTP/1.1" 200 1621 "https://mlbean.byu.edu/Portals/13/Storyline/Kiosks/Insect%20Kiosk/story_html5.html" "Mozilla/5.0 (Macintosh; Intel Mac OS X 10_11_3) AppleWebKit/601.4.4 (KHTML, like Gecko) Version/9.0.3 Safari/601.4.4"
10.4.76.83 - - [20/Dec/2018:15:03:34 -0700] "GET /Portals/13/Storyline/Kiosks/Insect%20Kiosk/mobile/Shape6pDEqOnRONQ.png HTTP/1.1" 200 1845 "https://mlbean.byu.edu/Portals/13/Storyline/Kiosks/Insect%20Kiosk/story_html5.html" "Mozilla/5.0 (Macintosh; Intel Mac OS X 10_11_3) AppleWebKit/601.4.4 (KHTML, like Gecko) Version/9.0.3 Safari/601.4.4"
10.4.76.83 - - [20/Dec/2018:15:03:34 -0700] "GET /Portals/13/Storyline/Kiosks/Insect%20Kiosk/mobile/6q7MsiSTdJA_80_P_133_758_1792_714_DX1364_DY1364_CX625_CY249.png HTTP/1.1" 200 129898 "https://mlbean.byu.edu/Portals/13/Storyline/Kiosks/Insect%20Kiosk/story_html5.html" "Mozilla/5.0 (Macintosh; Intel Mac OS X 10_11_3) AppleWebKit/601.4.4 (KHTML, like Gecko) Version/9.0.3 Safari/601.4.4"
10.4.76.83 - - [20/Dec/2018:15:03:34 -0700] "GET /Portals/13/Storyline/Kiosks/Insect%20Kiosk/mobile/6kxoPIOl0ma_80_DX846_DY846_CX355_CY495.png HTTP/1.1" 200 118645 "https://mlbean.byu.edu/Portals/13/Storyline/Kiosks/Insect%20Kiosk/story_html5.html" "Mozilla/5.0 (Macintosh; Intel Mac OS X 10_11_3) AppleWebKit/601.4.4 (KHTML, like Gecko) Version/9.0.3 Safari/601.4.4"
10.4.76.83 - - [20/Dec/2018:15:03:34 -0700] "GET /Portals/13/Storyline/Kiosks/Insect%20Kiosk/mobile/5tRdtsX1f5Z_80_P_45_32_650_708_DX1596_DY1596_CX424_CY462.png HTTP/1.1" 200 141007 "https://mlbean.byu.edu/Portals/13/Storyline/Kiosks/Insect%20Kiosk/story_html5.html" "Mozilla/5.0 (Macintosh; Intel Mac OS X 10_11_3) AppleWebKit/601.4.4 (KHTML, like Gecko) Version/9.0.3 Safari/601.4.4"
10.4.76.83 - - [20/Dec/2018:15:03:34 -0700] "GET /Portals/13/Storyline/Kiosks/Insect%20Kiosk/html5/data/js/6DMGFpD9DPL.js HTTP/1.1" 406 1717 "https://mlbean.byu.edu/Portals/13/Storyline/Kiosks/Insect%20Kiosk/story_html5.html" "Mozilla/5.0 (Macintosh; Intel Mac OS X 10_11_3) AppleWebKit/601.4.4 (KHTML, like Gecko) Version/9.0.3 Safari/601.4.4"
10.4.76.83 - - [20/Dec/2018:15:03:34 -0700] "GET /Portals/13/Storyline/Kiosks/Insect%20Kiosk/html5/data/js/67n3w8PCYeN.js HTTP/1.1" 406 1717 "https://mlbean.byu.edu/Portals/13/Storyline/Kiosks/Insect%20Kiosk/story_html5.html" "Mozilla/5.0 (Macintosh; Intel Mac OS X 10_11_3) AppleWebKit/601.4.4 (KHTML, like Gecko) Version/9.0.3 Safari/601.4.4"
10.4.76.83 - - [20/Dec/2018:15:03:34 -0700] "GET /Portals/13/Storyline/Kiosks/Insect%20Kiosk/html5/data/js/6pMHBTQfye7.js HTTP/1.1" 406 1717 "https://mlbean.byu.edu/Portals/13/Storyline/Kiosks/Insect%20Kiosk/story_html5.html" "Mozilla/5.0 (Macintosh; Intel Mac OS X 10_11_3) AppleWebKit/601.4.4 (KHTML, like Gecko) Version/9.0.3 Safari/601.4.4"
10.4.76.83 - - [20/Dec/2018:15:03:34 -0700] "GET /Portals/13/Storyline/Kiosks/Insect%20Kiosk/mobile/5jFV7ZMW6fZ_80_DX850_DY850_CX637_CY358.png HTTP/1.1" 200 138367 "https://mlbean.byu.edu/Portals/13/Storyline/Kiosks/Insect%20Kiosk/story_html5.html" "Mozilla/5.0 (Macintosh; Intel Mac OS X 10_11_3) AppleWebKit/601.4.4 (KHTML, like Gecko) Version/9.0.3 Safari/601.4.4"
10.4.76.83 - - [20/Dec/2018:15:03:35 -0700] "GET /Portals/13/Storyline/Kiosks/Insect%20Kiosk/mobile/6dEgLpNJaS4_80_DX602_DY602_CX451_CY409.png HTTP/1.1" 200 143780 "https://mlbean.byu.edu/Portals/13/Storyline/Kiosks/Insect%20Kiosk/story_html5.html" "Mozilla/5.0 (Macintosh; Intel Mac OS X 10_11_3) AppleWebKit/601.4.4 (KHTML, like Gecko) Version/9.0.3 Safari/601.4.4"
10.4.76.83 - - [20/Dec/2018:15:03:35 -0700] "GET /Portals/13/Storyline/Kiosks/Insect%20Kiosk/mobile/5wyd87t4lIo_80_DX820_DY820_CX615_CY410.png HTTP/1.1" 200 142660 "https://mlbean.byu.edu/Portals/13/Storyline/Kiosks/Insect%20Kiosk/story_html5.html" "Mozilla/5.0 (Macintosh; Intel Mac OS X 10_11_3) AppleWebKit/601.4.4 (KHTML, like Gecko) Version/9.0.3 Safari/601.4.4"
10.4.76.83 - - [20/Dec/2018:15:03:35 -0700] "GET /Portals/13/Storyline/Kiosks/Insect%20Kiosk/mobile/6pHL3OGvOr1_80_DX718_DY718_CX537_CY403.png HTTP/1.1" 200 66914 "https://mlbean.byu.edu/Portals/13/Storyline/Kiosks/Insect%20Kiosk/story_html5.html" "Mozilla/5.0 (Macintosh; Intel Mac OS X 10_11_3) AppleWebKit/601.4.4 (KHTML, like Gecko) Version/9.0.3 Safari/601.4.4"
10.4.76.83 - - [20/Dec/2018:15:03:35 -0700] "GET /Portals/13/Storyline/Kiosks/Insect%20Kiosk/mobile/6kxoPIOl0ma_80_DX848_DY848_CX456_CY636.png HTTP/1.1" 200 185437 "https://mlbean.byu.edu/Portals/13/Storyline/Kiosks/Insect%20Kiosk/story_html5.html" "Mozilla/5.0 (Macintosh; Intel Mac OS X 10_11_3) AppleWebKit/601.4.4 (KHTML, like Gecko) Version/9.0.3 Safari/601.4.4"
10.4.76.83 - - [20/Dec/2018:15:03:35 -0700] "GET /Portals/13/Storyline/Kiosks/Insect%20Kiosk/mobile/6rocY4pRjND_80_DX1246_DY1246_CX934_CY506.png HTTP/1.1" 200 80716 "https://mlbean.byu.edu/Portals/13/Storyline/Kiosks/Insect%20Kiosk/story_html5.html" "Mozilla/5.0 (Macintosh; Intel Mac OS X 10_11_3) AppleWebKit/601.4.4 (KHTML, like Gecko) Version/9.0.3 Safari/601.4.4"
10.4.76.83 - - [20/Dec/2018:15:03:35 -0700] "GET /Portals/13/Storyline/Kiosks/Insect%20Kiosk/mobile/5X8slK6ViIS_80_DX1030_DY1030_CX772_CY657.png HTTP/1.1" 200 234955 "https://mlbean.byu.edu/Portals/13/Storyline/Kiosks/Insect%20Kiosk/story_html5.html" "Mozilla/5.0 (Macintosh; Intel Mac OS X 10_11_3) AppleWebKit/601.4.4 (KHTML, like Gecko) Version/9.0.3 Safari/601.4.4"
10.4.76.83 - - [20/Dec/2018:15:03:35 -0700] "GET /Portals/13/Storyline/Kiosks/Insect%20Kiosk/mobile/6q7MsiSTdJA_80_DX1366_DY1366_CX1023_CY736.png HTTP/1.1" 200 258410 "https://mlbean.byu.edu/Portals/13/Storyline/Kiosks/Insect%20Kiosk/story_html5.html" "Mozilla/5.0 (Macintosh; Intel Mac OS X 10_11_3) AppleWebKit/601.4.4 (KHTML, like Gecko) Version/9.0.3 Safari/601.4.4"
10.4.76.83 - - [20/Dec/2018:15:03:35 -0700] "GET /Portals/13/Storyline/Kiosks/Insect%20Kiosk/mobile/6JGagaO6EG9_80_DX1712_DY1712_CX1024_CY819.png HTTP/1.1" 200 83969 "https://mlbean.byu.edu/Portals/13/Storyline/Kiosks/Insect%20Kiosk/story_html5.html" "Mozilla/5.0 (Macintosh; Intel Mac OS X 10_11_3) AppleWebKit/601.4.4 (KHTML, like Gecko) Version/9.0.3 Safari/601.4.4"
10.4.76.83 - - [20/Dec/2018:15:03:35 -0700] "GET /Portals/13/Storyline/Kiosks/Insect%20Kiosk/mobile/5ZWibTSGnTN_80_DX724_DY724_CX362_CY275.png HTTP/1.1" 200 182877 "https://mlbean.byu.edu/Portals/13/Storyline/Kiosks/Insect%20Kiosk/story_html5.html" "Mozilla/5.0 (Macintosh; Intel Mac OS X 10_11_3) AppleWebKit/601.4.4 (KHTML, like Gecko) Version/9.0.3 Safari/601.4.4"
10.4.76.83 - - [20/Dec/2018:15:03:35 -0700] "GET /Portals/13/Storyline/Kiosks/Insect%20Kiosk/mobile/62IvIpSbrhs_80_P_0_6_364_270_DX728_DY728_CX364_CY270.png HTTP/1.1" 200 148084 "https://mlbean.byu.edu/Portals/13/Storyline/Kiosks/Insect%20Kiosk/story_html5.html" "Mozilla/5.0 (Macintosh; Intel Mac OS X 10_11_3) AppleWebKit/601.4.4 (KHTML, like Gecko) Version/9.0.3 Safari/601.4.4"
10.4.76.83 - - [20/Dec/2018:15:03:35 -0700] "GET /Portals/13/Storyline/Kiosks/Insect%20Kiosk/mobile/6OgkCnoq29e_80_P_0_2_362_268_DX540_DY540_CX362_CY268.png HTTP/1.1" 200 176280 "https://mlbean.byu.edu/Portals/13/Storyline/Kiosks/Insect%20Kiosk/story_html5.html" "Mozilla/5.0 (Macintosh; Intel Mac OS X 10_11_3) AppleWebKit/601.4.4 (KHTML, like Gecko) Version/9.0.3 Safari/601.4.4"
10.4.76.83 - - [20/Dec/2018:15:03:35 -0700] "GET /Portals/13/Storyline/Kiosks/Insect%20Kiosk/mobile/5sLYDP0BpRm_80_P_6_0_357_265_DX548_DY548_CX357_CY265.png HTTP/1.1" 200 140047 "https://mlbean.byu.edu/Portals/13/Storyline/Kiosks/Insect%20Kiosk/story_html5.html" "Mozilla/5.0 (Macintosh; Intel Mac OS X 10_11_3) AppleWebKit/601.4.4 (KHTML, like Gecko) Version/9.0.3 Safari/601.4.4"
10.4.76.83 - - [20/Dec/2018:15:03:35 -0700] "GET /Portals/13/Storyline/Kiosks/Insect%20Kiosk/mobile/6KrNQpjiQzU_80_P_1_0_363_270_DX730_DY730_CX364_CY270.png HTTP/1.1" 200 162926 "https://mlbean.byu.edu/Portals/13/Storyline/Kiosks/Insect%20Kiosk/story_html5.html" "Mozilla/5.0 (Macintosh; Intel Mac OS X 10_11_3) AppleWebKit/601.4.4 (KHTML, like Gecko) Version/9.0.3 Safari/601.4.4"
10.4.76.83 - - [20/Dec/2018:15:03:35 -0700] "GET /Portals/13/Storyline/Kiosks/Insect%20Kiosk/mobile/6nALPUED1ch_80_DX744_DY744_CX276_CY372.png HTTP/1.1" 200 153129 "https://mlbean.byu.edu/Portals/13/Storyline/Kiosks/Insect%20Kiosk/story_html5.html" "Mozilla/5.0 (Macintosh; Intel Mac OS X 10_11_3) AppleWebKit/601.4.4 (KHTML, like Gecko) Version/9.0.3 Safari/601.4.4"
10.4.76.83 - - [20/Dec/2018:15:03:35 -0700] "GET /Portals/13/Storyline/Kiosks/Insect%20Kiosk/mobile/65Mxa8j1nD3_80_DX718_DY718_CX359_CY271.png HTTP/1.1" 200 144708 "https://mlbean.byu.edu/Portals/13/Storyline/Kiosks/Insect%20Kiosk/story_html5.html" "Mozilla/5.0 (Macintosh; Intel Mac OS X 10_11_3) AppleWebKit/601.4.4 (KHTML, like Gecko) Version/9.0.3 Safari/601.4.4"
10.4.76.83 - - [20/Dec/2018:15:03:35 -0700] "GET /Portals/13/Storyline/Kiosks/Insect%20Kiosk/mobile/6jz95HwKwYC_80_DX724_DY724_CX362_CY267.png HTTP/1.1" 200 191362 "https://mlbean.byu.edu/Portals/13/Storyline/Kiosks/Insect%20Kiosk/story_html5.html" "Mozilla/5.0 (Macintosh; Intel Mac OS X 10_11_3) AppleWebKit/601.4.4 (KHTML, like Gecko) Version/9.0.3 Safari/601.4.4"
10.4.76.83 - - [20/Dec/2018:15:03:35 -0700] "GET /Portals/13/Storyline/Kiosks/Insect%20Kiosk/mobile/6JPgNk55015_80_P_0_0_372_275_DX744_DY744_CX372_CY275.png HTTP/1.1" 200 111056 "https://mlbean.byu.edu/Portals/13/Storyline/Kiosks/Insect%20Kiosk/story_html5.html" "Mozilla/5.0 (Macintosh; Intel Mac OS X 10_11_3) AppleWebKit/601.4.4 (KHTML, like Gecko) Version/9.0.3 Safari/601.4.4"
10.4.76.83 - - [20/Dec/2018:15:03:35 -0700] "GET /Portals/13/Storyline/Kiosks/Insect%20Kiosk/mobile/5uu7b6SCtPi_80_P_1_0_363_270_DX542_DY542_CX364_CY270.png HTTP/1.1" 200 162942 "https://mlbean.byu.edu/Portals/13/Storyline/Kiosks/Insect%20Kiosk/story_html5.html" "Mozilla/5.0 (Macintosh; Intel Mac OS X 10_11_3) AppleWebKit/601.4.4 (KHTML, like Gecko) Version/9.0.3 Safari/601.4.4"
10.4.76.83 - - [20/Dec/2018:15:03:35 -0700] "GET /Portals/13/Storyline/Kiosks/Insect%20Kiosk/mobile/5xV0eB9E5XO_80_DX732_DY732_CX366_CY265.png HTTP/1.1" 200 155657 "https://mlbean.byu.edu/Portals/13/Storyline/Kiosks/Insect%20Kiosk/story_html5.html" "Mozilla/5.0 (Macintosh; Intel Mac OS X 10_11_3) AppleWebKit/601.4.4 (KHTML, like Gecko) Version/9.0.3 Safari/601.4.4"
10.4.76.83 - - [20/Dec/2018:15:03:35 -0700] "GET /Portals/13/Storyline/Kiosks/Insect%20Kiosk/mobile/6TDbkXQ8vc3_80_DX726_DY726_CX363_CY272.png HTTP/1.1" 200 106619 "https://mlbean.byu.edu/Portals/13/Storyline/Kiosks/Insect%20Kiosk/story_html5.html" "Mozilla/5.0 (Macintosh; Intel Mac OS X 10_11_3) AppleWebKit/601.4.4 (KHTML, like Gecko) Version/9.0.3 Safari/601.4.4"
10.4.76.83 - - [20/Dec/2018:15:03:35 -0700] "GET /Portals/13/Storyline/Kiosks/Insect%20Kiosk/mobile/64qHZ8JtZ99_80_P_0_0_365_271_DX546_DY546_CX366_CY271.png HTTP/1.1" 200 143172 "https://mlbean.byu.edu/Portals/13/Storyline/Kiosks/Insect%20Kiosk/story_html5.html" "Mozilla/5.0 (Macintosh; Intel Mac OS X 10_11_3) AppleWebKit/601.4.4 (KHTML, like Gecko) Version/9.0.3 Safari/601.4.4"
10.4.76.83 - - [20/Dec/2018:15:03:35 -0700] "GET /Portals/13/Storyline/Kiosks/Insect%20Kiosk/mobile/5ZBF9L5mI1A_80_P_0_6_260_350_DX722_DY722_CX260_CY351.png HTTP/1.1" 200 130858 "https://mlbean.byu.edu/Portals/13/Storyline/Kiosks/Insect%20Kiosk/story_html5.html" "Mozilla/5.0 (Macintosh; Intel Mac OS X 10_11_3) AppleWebKit/601.4.4 (KHTML, like Gecko) Version/9.0.3 Safari/601.4.4"
10.4.76.83 - - [20/Dec/2018:15:03:35 -0700] "GET /Portals/13/Storyline/Kiosks/Insect%20Kiosk/mobile/5ccPnYSTctE_80_DX506_DY506_CX276_CY373.png HTTP/1.1" 200 153193 "https://mlbean.byu.edu/Portals/13/Storyline/Kiosks/Insect%20Kiosk/story_html5.html" "Mozilla/5.0 (Macintosh; Intel Mac OS X 10_11_3) AppleWebKit/601.4.4 (KHTML, like Gecko) Version/9.0.3 Safari/601.4.4"
10.4.76.83 - - [20/Dec/2018:15:03:35 -0700] "GET /Portals/13/Storyline/Kiosks/Insect%20Kiosk/mobile/5rztloKooPf_80_DX502_DY502_CX355_CY278.png HTTP/1.1" 200 108576 "https://mlbean.byu.edu/Portals/13/Storyline/Kiosks/Insect%20Kiosk/story_html5.html" "Mozilla/5.0 (Macintosh; Intel Mac OS X 10_11_3) AppleWebKit/601.4.4 (KHTML, like Gecko) Version/9.0.3 Safari/601.4.4"
10.4.76.83 - - [20/Dec/2018:15:03:35 -0700] "GET /Portals/13/Storyline/Kiosks/Insect%20Kiosk/mobile/6o5VxO7vPGt_80_DX502_DY502_CX364_CY273.png HTTP/1.1" 200 106955 "https://mlbean.byu.edu/Portals/13/Storyline/Kiosks/Insect%20Kiosk/story_html5.html" "Mozilla/5.0 (Macintosh; Intel Mac OS X 10_11_3) AppleWebKit/601.4.4 (KHTML, like Gecko) Version/9.0.3 Safari/601.4.4"
10.4.76.83 - - [20/Dec/2018:15:03:35 -0700] "GET /Portals/13/Storyline/Kiosks/Insect%20Kiosk/mobile/5y2zmytzQLn_80_P_0_10_261_350_DX556_DY556_CX261_CY351.png HTTP/1.1" 200 132922 "https://mlbean.byu.edu/Portals/13/Storyline/Kiosks/Insect%20Kiosk/story_html5.html" "Mozilla/5.0 (Macintosh; Intel Mac OS X 10_11_3) AppleWebKit/601.4.4 (KHTML, like Gecko) Version/9.0.3 Safari/601.4.4"
10.4.76.83 - - [20/Dec/2018:15:03:35 -0700] "GET /Portals/13/Storyline/Kiosks/Insect%20Kiosk/mobile/6eeGlHXPiEZ_80_DX504_DY504_CX361_CY267.png HTTP/1.1" 200 187309 "https://mlbean.byu.edu/Portals/13/Storyline/Kiosks/Insect%20Kiosk/story_html5.html" "Mozilla/5.0 (Macintosh; Intel Mac OS X 10_11_3) AppleWebKit/601.4.4 (KHTML, like Gecko) Version/9.0.3 Safari/601.4.4"
10.4.76.83 - - [20/Dec/2018:15:03:35 -0700] "GET /Portals/13/Storyline/Kiosks/Insect%20Kiosk/mobile/5WWVF3becRR_80_P_0_1_366_271_DX540_DY540_CX366_CY272.png HTTP/1.1" 200 156553 "https://mlbean.byu.edu/Portals/13/Storyline/Kiosks/Insect%20Kiosk/story_html5.html" "Mozilla/5.0 (Macintosh; Intel Mac OS X 10_11_3) AppleWebKit/601.4.4 (KHTML, like Gecko) Version/9.0.3 Safari/601.4.4"
10.4.76.83 - - [20/Dec/2018:15:03:35 -0700] "GET /Portals/13/Storyline/Kiosks/Insect%20Kiosk/mobile/5ZWibTSGnTN_80_DX724_DY724_CX186_CY141.png HTTP/1.1" 200 57080 "https://mlbean.byu.edu/Portals/13/Storyline/Kiosks/Insect%20Kiosk/story_html5.html" "Mozilla/5.0 (Macintosh; Intel Mac OS X 10_11_3) AppleWebKit/601.4.4 (KHTML, like Gecko) Version/9.0.3 Safari/601.4.4"
10.4.76.83 - - [20/Dec/2018:15:03:35 -0700] "GET /Portals/13/Storyline/Kiosks/Insect%20Kiosk/mobile/62IvIpSbrhs_80_P_0_6_364_270_DX728_DY728_CX189_CY140.png HTTP/1.1" 200 48515 "https://mlbean.byu.edu/Portals/13/Storyline/Kiosks/Insect%20Kiosk/story_html5.html" "Mozilla/5.0 (Macintosh; Intel Mac OS X 10_11_3) AppleWebKit/601.4.4 (KHTML, like Gecko) Version/9.0.3 Safari/601.4.4"
10.4.76.83 - - [20/Dec/2018:15:03:36 -0700] "GET /Portals/13/Storyline/Kiosks/Insect%20Kiosk/mobile/65Mxa8j1nD3_80_DX718_DY718_CX187_CY141.png HTTP/1.1" 200 46467 "https://mlbean.byu.edu/Portals/13/Storyline/Kiosks/Insect%20Kiosk/story_html5.html" "Mozilla/5.0 (Macintosh; Intel Mac OS X 10_11_3) AppleWebKit/601.4.4 (KHTML, like Gecko) Version/9.0.3 Safari/601.4.4"
10.4.76.83 - - [20/Dec/2018:15:03:36 -0700] "GET /Portals/13/Storyline/Kiosks/Insect%20Kiosk/mobile/6nALPUED1ch_80_DX744_DY744_CX140_CY189.png HTTP/1.1" 200 49347 "https://mlbean.byu.edu/Portals/13/Storyline/Kiosks/Insect%20Kiosk/story_html5.html" "Mozilla/5.0 (Macintosh; Intel Mac OS X 10_11_3) AppleWebKit/601.4.4 (KHTML, like Gecko) Version/9.0.3 Safari/601.4.4"
10.35.36.19 - - [20/Dec/2018:15:03:34 -0700] "POST /ServiceDesk/Default.aspx HTTP/1.1" 200 12419 "https://lsmonitor.byu.edu/ServiceDesk/Default.aspx" "Mozilla/5.0 (Windows NT 10.0; Win64; x64) AppleWebKit/537.36 (KHTML, like Gecko) Chrome/70.0.3538.110 Safari/537.36"
10.4.76.83 - - [20/Dec/2018:15:03:36 -0700] "GET /Portals/13/Storyline/Kiosks/Insect%20Kiosk/mobile/6KrNQpjiQzU_80_P_1_0_363_270_DX730_DY730_CX190_CY141.png HTTP/1.1" 200 53768 "https://mlbean.byu.edu/Portals/13/Storyline/Kiosks/Insect%20Kiosk/story_html5.html" "Mozilla/5.0 (Macintosh; Intel Mac OS X 10_11_3) AppleWebKit/601.4.4 (KHTML, like Gecko) Version/9.0.3 Safari/601.4.4"
10.4.76.83 - - [20/Dec/2018:15:03:36 -0700] "GET /Portals/13/Storyline/Kiosks/Insect%20Kiosk/mobile/6jz95HwKwYC_80_DX724_DY724_CX190_CY140.png HTTP/1.1" 200 62893 "https://mlbean.byu.edu/Portals/13/Storyline/Kiosks/Insect%20Kiosk/story_html5.html" "Mozilla/5.0 (Macintosh; Intel Mac OS X 10_11_3) AppleWebKit/601.4.4 (KHTML, like Gecko) Version/9.0.3 Safari/601.4.4"
10.4.76.83 - - [20/Dec/2018:15:03:36 -0700] "GET /Portals/13/Storyline/Kiosks/Insect%20Kiosk/mobile/6TDbkXQ8vc3_80_DX726_DY726_CX188_CY141.png HTTP/1.1" 200 36670 "https://mlbean.byu.edu/Portals/13/Storyline/Kiosks/Insect%20Kiosk/story_html5.html" "Mozilla/5.0 (Macintosh; Intel Mac OS X 10_11_3) AppleWebKit/601.4.4 (KHTML, like Gecko) Version/9.0.3 Safari/601.4.4"
10.4.76.83 - - [20/Dec/2018:15:03:36 -0700] "GET /Portals/13/Storyline/Kiosks/Insect%20Kiosk/mobile/5xV0eB9E5XO_80_DX732_DY732_CX193_CY140.png HTTP/1.1" 200 53912 "https://mlbean.byu.edu/Portals/13/Storyline/Kiosks/Insect%20Kiosk/story_html5.html" "Mozilla/5.0 (Macintosh; Intel Mac OS X 10_11_3) AppleWebKit/601.4.4 (KHTML, like Gecko) Version/9.0.3 Safari/601.4.4"
10.4.76.83 - - [20/Dec/2018:15:03:36 -0700] "GET /Portals/13/Storyline/Kiosks/Insect%20Kiosk/mobile/6JPgNk55015_80_P_0_0_372_275_DX744_DY744_CX190_CY141.png HTTP/1.1" 200 39278 "https://mlbean.byu.edu/Portals/13/Storyline/Kiosks/Insect%20Kiosk/story_html5.html" "Mozilla/5.0 (Macintosh; Intel Mac OS X 10_11_3) AppleWebKit/601.4.4 (KHTML, like Gecko) Version/9.0.3 Safari/601.4.4"
10.35.36.59 - - [20/Dec/2018:15:03:26 -0700] "POST /Private/Ticketing/comet.axd/connect HTTP/1.1" 200 509 "https://scinet.byu.edu/Private/Ticketing/Default.aspx" "Mozilla/5.0 (Windows NT 10.0; Win64; x64) AppleWebKit/537.36 (KHTML, like Gecko) Chrome/71.0.3578.98 Safari/537.36"
10.35.36.98 - - [20/Dec/2018:15:03:26 -0700] "POST /Private/Ticketing/comet.axd/connect HTTP/1.1" 200 510 "https://scinet.byu.edu/Private/Ticketing/Default.aspx" "Mozilla/5.0 (Windows NT 10.0; Win64; x64) AppleWebKit/537.36 (KHTML, like Gecko) Chrome/70.0.3538.102 Safari/537.36"
10.4.76.83 - - [20/Dec/2018:15:03:36 -0700] "GET /Portals/13/Storyline/Kiosks/Insect%20Kiosk/mobile/5ZBF9L5mI1A_80_P_0_6_260_350_DX722_DY722_CX140_CY189.png HTTP/1.1" 200 46099 "https://mlbean.byu.edu/Portals/13/Storyline/Kiosks/Insect%20Kiosk/story_html5.html" "Mozilla/5.0 (Macintosh; Intel Mac OS X 10_11_3) AppleWebKit/601.4.4 (KHTML, like Gecko) Version/9.0.3 Safari/601.4.4"
10.4.76.83 - - [20/Dec/2018:15:03:36 -0700] "GET /Portals/13/Storyline/Kiosks/Insect%20Kiosk/mobile/6Jcl1yEufr7_80_DX212_DY212_CX133_CY127.png HTTP/1.1" 200 6186 "https://mlbean.byu.edu/Portals/13/Storyline/Kiosks/Insect%20Kiosk/story_html5.html" "Mozilla/5.0 (Macintosh; Intel Mac OS X 10_11_3) AppleWebKit/601.4.4 (KHTML, like Gecko) Version/9.0.3 Safari/601.4.4"
10.4.76.83 - - [20/Dec/2018:15:03:36 -0700] "GET /Portals/13/Storyline/Kiosks/Insect%20Kiosk/mobile/Shape5pECa49tCwB.png HTTP/1.1" 200 661 "https://mlbean.byu.edu/Portals/13/Storyline/Kiosks/Insect%20Kiosk/story_html5.html" "Mozilla/5.0 (Macintosh; Intel Mac OS X 10_11_3) AppleWebKit/601.4.4 (KHTML, like Gecko) Version/9.0.3 Safari/601.4.4"
10.4.76.83 - - [20/Dec/2018:15:03:36 -0700] "GET /Portals/13/Storyline/Kiosks/Insect%20Kiosk/mobile/Shape6M0mIZMu9Kj.png HTTP/1.1" 200 661 "https://mlbean.byu.edu/Portals/13/Storyline/Kiosks/Insect%20Kiosk/story_html5.html" "Mozilla/5.0 (Macintosh; Intel Mac OS X 10_11_3) AppleWebKit/601.4.4 (KHTML, like Gecko) Version/9.0.3 Safari/601.4.4"
10.4.76.83 - - [20/Dec/2018:15:03:36 -0700] "GET /Portals/13/Storyline/Kiosks/Insect%20Kiosk/mobile/Shape6cXqEzChg29.png HTTP/1.1" 200 661 "https://mlbean.byu.edu/Portals/13/Storyline/Kiosks/Insect%20Kiosk/story_html5.html" "Mozilla/5.0 (Macintosh; Intel Mac OS X 10_11_3) AppleWebKit/601.4.4 (KHTML, like Gecko) Version/9.0.3 Safari/601.4.4"
10.4.76.83 - - [20/Dec/2018:15:03:36 -0700] "GET /Portals/13/Storyline/Kiosks/Insect%20Kiosk/mobile/Shape6B8DZUAKays.png HTTP/1.1" 200 661 "https://mlbean.byu.edu/Portals/13/Storyline/Kiosks/Insect%20Kiosk/story_html5.html" "Mozilla/5.0 (Macintosh; Intel Mac OS X 10_11_3) AppleWebKit/601.4.4 (KHTML, like Gecko) Version/9.0.3 Safari/601.4.4"
10.4.76.83 - - [20/Dec/2018:15:03:36 -0700] "GET /Portals/13/Storyline/Kiosks/Insect%20Kiosk/mobile/Shape6T3STmwbl79.png HTTP/1.1" 200 661 "https://mlbean.byu.edu/Portals/13/Storyline/Kiosks/Insect%20Kiosk/story_html5.html" "Mozilla/5.0 (Macintosh; Intel Mac OS X 10_11_3) AppleWebKit/601.4.4 (KHTML, like Gecko) Version/9.0.3 Safari/601.4.4"
10.4.76.83 - - [20/Dec/2018:15:03:36 -0700] "GET /Portals/13/Storyline/Kiosks/Insect%20Kiosk/mobile/Shape6b4Kk8us3MD.png HTTP/1.1" 200 661 "https://mlbean.byu.edu/Portals/13/Storyline/Kiosks/Insect%20Kiosk/story_html5.html" "Mozilla/5.0 (Macintosh; Intel Mac OS X 10_11_3) AppleWebKit/601.4.4 (KHTML, like Gecko) Version/9.0.3 Safari/601.4.4"
10.4.76.83 - - [20/Dec/2018:15:03:36 -0700] "GET /Portals/13/Storyline/Kiosks/Insect%20Kiosk/mobile/Shape6lany8eIViF.png HTTP/1.1" 200 661 "https://mlbean.byu.edu/Portals/13/Storyline/Kiosks/Insect%20Kiosk/story_html5.html" "Mozilla/5.0 (Macintosh; Intel Mac OS X 10_11_3) AppleWebKit/601.4.4 (KHTML, like Gecko) Version/9.0.3 Safari/601.4.4"
10.4.76.83 - - [20/Dec/2018:15:03:36 -0700] "GET /Portals/13/Storyline/Kiosks/Insect%20Kiosk/mobile/Shape5ZhBQEApxxF.png HTTP/1.1" 200 661 "https://mlbean.byu.edu/Portals/13/Storyline/Kiosks/Insect%20Kiosk/story_html5.html" "Mozilla/5.0 (Macintosh; Intel Mac OS X 10_11_3) AppleWebKit/601.4.4 (KHTML, like Gecko) Version/9.0.3 Safari/601.4.4"
10.4.76.83 - - [20/Dec/2018:15:03:36 -0700] "GET /Portals/13/Storyline/Kiosks/Insect%20Kiosk/mobile/Shape5fjtzQREPgl.png HTTP/1.1" 200 661 "https://mlbean.byu.edu/Portals/13/Storyline/Kiosks/Insect%20Kiosk/story_html5.html" "Mozilla/5.0 (Macintosh; Intel Mac OS X 10_11_3) AppleWebKit/601.4.4 (KHTML, like Gecko) Version/9.0.3 Safari/601.4.4"
10.4.76.83 - - [20/Dec/2018:15:03:36 -0700] "GET /Portals/13/Storyline/Kiosks/Insect%20Kiosk/mobile/Shape5qSJWxZmY8c.png HTTP/1.1" 200 661 "https://mlbean.byu.edu/Portals/13/Storyline/Kiosks/Insect%20Kiosk/story_html5.html" "Mozilla/5.0 (Macintosh; Intel Mac OS X 10_11_3) AppleWebKit/601.4.4 (KHTML, like Gecko) Version/9.0.3 Safari/601.4.4"
10.35.36.89 - - [20/Dec/2018:15:03:37 -0700] "POST /Engineering/Default.aspx HTTP/1.1" 200 8402 "https://lsmonitor.byu.edu/Engineering/Default.aspx" "Mozilla/5.0 (Windows NT 10.0; Win64; x64) AppleWebKit/537.36 (KHTML, like Gecko) Chrome/70.0.3538.110 Safari/537.36"
10.35.36.228 - - [20/Dec/2018:15:03:23 -0700] "GET /mjpg/LSB HTTP/1.1" 200 48424699 "http://lszabbix.byu.edu/slides.php?elementid=2&fullscreen=0" "Mozilla/5.0 (X11; Linux x86_64) AppleWebKit/537.36 (KHTML, like Gecko) Ubuntu Chromium/71.0.3578.80 Chrome/71.0.3578.80 Safari/537.36"
10.35.36.46 - - [20/Dec/2018:15:03:28 -0700] "POST /Private/Ticketing/comet.axd/connect HTTP/1.1" 200 507 "https://scinet.byu.edu/Private/Ticketing/Default.aspx" "Mozilla/5.0 (Windows NT 10.0; Win64; x64) AppleWebKit/537.36 (KHTML, like Gecko) Chrome/71.0.3578.98 Safari/537.36"
10.35.36.88 - - [20/Dec/2018:15:03:38 -0700] "POST /WebTeam/Default.aspx HTTP/1.1" 200 10454 "https://lsmonitor.byu.edu/WebTeam/Default.aspx" "Mozilla/5.0 (Windows NT 10.0; Win64; x64) AppleWebKit/537.36 (KHTML, like Gecko) Chrome/69.0.3497.100 Safari/537.36"
10.35.36.99 - - [20/Dec/2018:15:03:30 -0700] "POST /Private/Ticketing/comet.axd/connect HTTP/1.1" 200 509 "https://scinet.byu.edu/Private/Ticketing/Default.aspx" "Mozilla/5.0 (Windows NT 10.0; Win64; x64) AppleWebKit/537.36 (KHTML, like Gecko) Chrome/71.0.3578.98 Safari/537.36"
10.35.36.82 - - [20/Dec/2018:15:03:29 -0700] "POST /Private/Ticketing/comet.axd/connect HTTP/1.1" 200 510 "https://scinet.byu.edu/Private/Ticketing/Default.aspx" "Mozilla/5.0 (Macintosh; Intel Mac OS X 10_13_6) AppleWebKit/537.36 (KHTML, like Gecko) Chrome/70.0.3538.110 Safari/537.36"
10.35.36.74 - - [20/Dec/2018:15:03:31 -0700] "POST /Private/Ticketing/comet.axd/connect HTTP/1.1" 200 511 "https://scinet.byu.edu/Private/Ticketing/Default.aspx" "Mozilla/5.0 (Macintosh; Intel Mac OS X 10_13_6) AppleWebKit/537.36 (KHTML, like Gecko) Chrome/71.0.3578.98 Safari/537.36"
10.35.36.74 - - [20/Dec/2018:15:03:31 -0700] "POST /Private/Ticketing/comet.axd/connect HTTP/1.1" 200 510 "https://scinet.byu.edu/Private/Ticketing/Default.aspx" "Mozilla/5.0 (Macintosh; Intel Mac OS X 10_13_6) AppleWebKit/537.36 (KHTML, like Gecko) Chrome/70.0.3538.102 Safari/537.36"
10.35.36.74 - - [20/Dec/2018:15:03:31 -0700] "POST /Private/Ticketing/comet.axd/connect HTTP/1.1" 200 509 "https://scinet.byu.edu/Private/Ticketing/Default.aspx" "Mozilla/5.0 (Macintosh; Intel Mac OS X 10_13_6) AppleWebKit/537.36 (KHTML, like Gecko) Chrome/70.0.3538.102 Safari/537.36"
207.46.13.26 - - [20/Dec/2018:15:03:39 -0700] "GET /About/Faculty-and-Staff/ctl/FacultyProfile/mid/1424/NetID/rlh93 HTTP/1.1" 200 19014 "-" "Mozilla/5.0 (compatible; bingbot/2.0; +http://www.bing.com/bingbot.htm)"
::1 - - [20/Dec/2018:15:03:43 -0700] "OPTIONS * HTTP/1.0" 200 126 "-" "Apache/2.4.25 (Debian) OpenSSL/1.0.2q (internal dummy connection)"
10.35.36.88 - - [20/Dec/2018:15:03:42 -0700] "POST /WebTeam/Default.aspx HTTP/1.1" 200 18689 "https://lsmonitor.byu.edu/WebTeam/Default.aspx" "Mozilla/5.0 (Windows NT 10.0; Win64; x64) AppleWebKit/537.36 (KHTML, like Gecko) Chrome/69.0.3497.100 Safari/537.36"
::1 - - [20/Dec/2018:15:03:44 -0700] "OPTIONS * HTTP/1.0" 200 126 "-" "Apache/2.4.25 (Debian) OpenSSL/1.0.2q (internal dummy connection)"
