10.35.36.228 - - [20/Dec/2018:15:00:22 -0700] "GET /Engineering/RecentOSDeployments.aspx HTTP/1.1" 302 590 "http://lszabbix.byu.edu/slides.php?elementid=2&fullscreen=0" "Mozilla/5.0 (X11; Linux x86_64) AppleWebKit/537.36 (KHTML, like Gecko) Ubuntu Chromium/71.0.3578.80 Chrome/71.0.3578.80 Safari/537.36"
10.35.36.228 - - [20/Dec/2018:15:00:22 -0700] "GET /Engineering/FailedUpdatesByComputer.aspx HTTP/1.1" 302 598 "http://lszabbix.byu.edu/slides.php?elementid=2&fullscreen=0" "Mozilla/5.0 (X11; Linux x86_64) AppleWebKit/537.36 (KHTML, like Gecko) Ubuntu Chromium/71.0.3578.80 Chrome/71.0.3578.80 Safari/537.36"
10.35.36.228 - - [20/Dec/2018:15:00:22 -0700] "GET /Engineering/RecordedHours.aspx HTTP/1.1" 302 731 "http://lszabbix.byu.edu/slides.php?elementid=2&fullscreen=0" "Mozilla/5.0 (X11; Linux x86_64) AppleWebKit/537.36 (KHTML, like Gecko) Ubuntu Chromium/71.0.3578.80 Chrome/71.0.3578.80 Safari/537.36"
10.35.36.228 - - [20/Dec/2018:15:00:22 -0700] "GET /Login.aspx?ReturnUrl=%2fEngineering%2fRecentOSDeployments.aspx HTTP/1.1" 200 2591 "http://lszabbix.byu.edu/slides.php?elementid=2&fullscreen=0" "Mozilla/5.0 (X11; Linux x86_64) AppleWebKit/537.36 (KHTML, like Gecko) Ubuntu Chromium/71.0.3578.80 Chrome/71.0.3578.80 Safari/537.36"
10.35.36.228 - - [20/Dec/2018:15:00:22 -0700] "GET /Engineering/FailedUpdates.aspx HTTP/1.1" 302 731 "http://lszabbix.byu.edu/slides.php?elementid=2&fullscreen=0" "Mozilla/5.0 (X11; Linux x86_64) AppleWebKit/537.36 (KHTML, like Gecko) Ubuntu Chromium/71.0.3578.80 Chrome/71.0.3578.80 Safari/537.36"
10.35.36.228 - - [20/Dec/2018:15:00:22 -0700] "GET /Login.aspx?ReturnUrl=%2fEngineering%2fFailedUpdatesByComputer.aspx HTTP/1.1" 200 2597 "http://lszabbix.byu.edu/slides.php?elementid=2&fullscreen=0" "Mozilla/5.0 (X11; Linux x86_64) AppleWebKit/537.36 (KHTML, like Gecko) Ubuntu Chromium/71.0.3578.80 Chrome/71.0.3578.80 Safari/537.36"
10.35.36.228 - - [20/Dec/2018:15:00:22 -0700] "GET /Login.aspx?ReturnUrl=%2fEngineering%2fSchedules.aspx HTTP/1.1" 200 2432 "http://lszabbix.byu.edu/slides.php?elementid=2&fullscreen=0" "Mozilla/5.0 (X11; Linux x86_64) AppleWebKit/537.36 (KHTML, like Gecko) Ubuntu Chromium/71.0.3578.80 Chrome/71.0.3578.80 Safari/537.36"
10.35.36.228 - - [20/Dec/2018:15:00:22 -0700] "GET /Login.aspx?ReturnUrl=%2fEngineering%2fRecordedHours.aspx HTTP/1.1" 200 2435 "http://lszabbix.byu.edu/slides.php?elementid=2&fullscreen=0" "Mozilla/5.0 (X11; Linux x86_64) AppleWebKit/537.36 (KHTML, like Gecko) Ubuntu Chromium/71.0.3578.80 Chrome/71.0.3578.80 Safari/537.36"
10.35.36.228 - - [20/Dec/2018:15:00:22 -0700] "GET /Login.aspx?ReturnUrl=%2fEngineering%2fFailedUpdates.aspx HTTP/1.1" 200 2436 "http://lszabbix.byu.edu/slides.php?elementid=2&fullscreen=0" "Mozilla/5.0 (X11; Linux x86_64) AppleWebKit/537.36 (KHTML, like Gecko) Ubuntu Chromium/71.0.3578.80 Chrome/71.0.3578.80 Safari/537.36"
10.35.36.98 - - [20/Dec/2018:15:00:14 -0700] "POST /Private/Ticketing/comet.axd/connect HTTP/1.1" 200 510 "https://scinet.byu.edu/Private/Ticketing/Default.aspx" "Mozilla/5.0 (Windows NT 10.0; Win64; x64) AppleWebKit/537.36 (KHTML, like Gecko) Chrome/70.0.3538.102 Safari/537.36"
10.35.36.59 - - [20/Dec/2018:15:00:14 -0700] "POST /Private/Ticketing/comet.axd/connect HTTP/1.1" 200 509 "https://scinet.byu.edu/Private/Ticketing/Default.aspx" "Mozilla/5.0 (Windows NT 10.0; Win64; x64) AppleWebKit/537.36 (KHTML, like Gecko) Chrome/71.0.3578.98 Safari/537.36"
10.35.36.2 - - [20/Dec/2018:15:00:14 -0700] "POST /Private/Ticketing/comet.axd/connect HTTP/1.1" 200 510 "https://scinet.byu.edu/Private/Ticketing/Default.aspx" "Mozilla/5.0 (Macintosh; Intel Mac OS X 10_14_2) AppleWebKit/537.36 (KHTML, like Gecko) Chrome/70.0.3538.102 Safari/537.36"
10.35.36.88 - - [20/Dec/2018:15:00:23 -0700] "POST /WebTeam/Default.aspx HTTP/1.1" 200 10453 "https://lsmonitor.byu.edu/WebTeam/Default.aspx" "Mozilla/5.0 (Windows NT 10.0; Win64; x64) AppleWebKit/537.36 (KHTML, like Gecko) Chrome/69.0.3497.100 Safari/537.36"
10.4.76.83 - - [20/Dec/2018:15:00:25 -0700] "GET /Portals/13/Storyline/Kiosks/Insect%20Kiosk/mobile/6MLLWi1n6va_80_P_638_385_860_630_DX4096_DY4096_CX860_CY631.png HTTP/1.1" 200 1171003 "https://mlbean.byu.edu/Portals/13/Storyline/Kiosks/Insect%20Kiosk/story_html5.html" "Mozilla/5.0 (Macintosh; Intel Mac OS X 10_11_3) AppleWebKit/601.4.4 (KHTML, like Gecko) Version/9.0.3 Safari/601.4.4"
10.25.100.22 - - [20/Dec/2018:15:00:06 -0700] "GET /mjpg/LSB HTTP/1.1" 200 65771430 "-" "Mozilla/5.0 (Windows NT 10.0; Win64; x64) AppleWebKit/537.36 (KHTML, like Gecko) Chrome/71.0.3578.98 Safari/537.36"
10.4.76.83 - - [20/Dec/2018:15:00:28 -0700] "GET /Portals/13/Storyline/Kiosks/Insect%20Kiosk/html5/data/js/60MSkljehqm.js HTTP/1.1" 406 1717 "https://mlbean.byu.edu/Portals/13/Storyline/Kiosks/Insect%20Kiosk/story_html5.html" "Mozilla/5.0 (Macintosh; Intel Mac OS X 10_11_3) AppleWebKit/601.4.4 (KHTML, like Gecko) Version/9.0.3 Safari/601.4.4"
10.4.76.83 - - [20/Dec/2018:15:00:28 -0700] "GET /Portals/13/Storyline/Kiosks/Insect%20Kiosk/html5/data/js/5dN9DVb8dg0.js HTTP/1.1" 406 1717 "https://mlbean.byu.edu/Portals/13/Storyline/Kiosks/Insect%20Kiosk/story_html5.html" "Mozilla/5.0 (Macintosh; Intel Mac OS X 10_11_3) AppleWebKit/601.4.4 (KHTML, like Gecko) Version/9.0.3 Safari/601.4.4"
10.35.36.82 - - [20/Dec/2018:15:00:17 -0700] "POST /Private/Ticketing/comet.axd/connect HTTP/1.1" 200 510 "https://scinet.byu.edu/Private/Ticketing/Default.aspx" "Mozilla/5.0 (Macintosh; Intel Mac OS X 10_13_6) AppleWebKit/537.36 (KHTML, like Gecko) Chrome/70.0.3538.110 Safari/537.36"
10.35.36.74 - - [20/Dec/2018:15:00:19 -0700] "POST /Private/Ticketing/comet.axd/connect HTTP/1.1" 200 510 "https://scinet.byu.edu/Private/Ticketing/Default.aspx" "Mozilla/5.0 (Macintosh; Intel Mac OS X 10_13_6) AppleWebKit/537.36 (KHTML, like Gecko) Chrome/70.0.3538.102 Safari/537.36"
10.35.36.74 - - [20/Dec/2018:15:00:19 -0700] "POST /Private/Ticketing/comet.axd/connect HTTP/1.1" 200 511 "https://scinet.byu.edu/Private/Ticketing/Default.aspx" "Mozilla/5.0 (Macintosh; Intel Mac OS X 10_13_6) AppleWebKit/537.36 (KHTML, like Gecko) Chrome/71.0.3578.98 Safari/537.36"
10.4.76.83 - - [20/Dec/2018:15:00:29 -0700] "GET /Portals/13/Storyline/Kiosks/Insect%20Kiosk/mobile/5i2JiHwSml0_80_P_0_0_5189_5451_DX764_DY764_CX509_CY535.png HTTP/1.1" 200 46099 "https://mlbean.byu.edu/Portals/13/Storyline/Kiosks/Insect%20Kiosk/story_html5.html" "Mozilla/5.0 (Macintosh; Intel Mac OS X 10_11_3) AppleWebKit/601.4.4 (KHTML, like Gecko) Version/9.0.3 Safari/601.4.4"
10.4.76.83 - - [20/Dec/2018:15:00:30 -0700] "GET /Portals/13/Storyline/Kiosks/Insect%20Kiosk/mobile/6VsbuB4qIwG_80_DX1346_DY1346_CX653_CY673.png HTTP/1.1" 200 141168 "https://mlbean.byu.edu/Portals/13/Storyline/Kiosks/Insect%20Kiosk/story_html5.html" "Mozilla/5.0 (Macintosh; Intel Mac OS X 10_11_3) AppleWebKit/601.4.4 (KHTML, like Gecko) Version/9.0.3 Safari/601.4.4"
::1 - - [20/Dec/2018:15:00:30 -0700] "OPTIONS * HTTP/1.0" 200 126 "-" "Apache/2.4.25 (Debian) OpenSSL/1.0.2q (internal dummy connection)"
10.35.36.74 - - [20/Dec/2018:15:00:19 -0700] "POST /Private/Ticketing/comet.axd/connect HTTP/1.1" 200 509 "https://scinet.byu.edu/Private/Ticketing/Default.aspx" "Mozilla/5.0 (Macintosh; Intel Mac OS X 10_13_6) AppleWebKit/537.36 (KHTML, like Gecko) Chrome/70.0.3538.102 Safari/537.36"
10.4.76.83 - - [20/Dec/2018:15:00:30 -0700] "GET /Portals/13/Storyline/Kiosks/Insect%20Kiosk/html5/data/js/60MSkljehqm.js HTTP/1.1" 406 1717 "https://mlbean.byu.edu/Portals/13/Storyline/Kiosks/Insect%20Kiosk/story_html5.html" "Mozilla/5.0 (Macintosh; Intel Mac OS X 10_11_3) AppleWebKit/601.4.4 (KHTML, like Gecko) Version/9.0.3 Safari/601.4.4"
10.35.36.89 - - [20/Dec/2018:15:00:29 -0700] "POST /Engineering/Default.aspx HTTP/1.1" 200 8405 "https://lsmonitor.byu.edu/Engineering/Default.aspx" "Mozilla/5.0 (Windows NT 10.0; Win64; x64) AppleWebKit/537.36 (KHTML, like Gecko) Chrome/70.0.3538.110 Safari/537.36"
10.35.36.19 - - [20/Dec/2018:15:00:29 -0700] "POST /ServiceDesk/Default.aspx HTTP/1.1" 200 23567 "https://lsmonitor.byu.edu/ServiceDesk/Default.aspx" "Mozilla/5.0 (Windows NT 10.0; Win64; x64) AppleWebKit/537.36 (KHTML, like Gecko) Chrome/70.0.3538.110 Safari/537.36"
::1 - - [20/Dec/2018:15:00:32 -0700] "OPTIONS * HTTP/1.0" 200 126 "-" "Apache/2.4.25 (Debian) OpenSSL/1.0.2q (internal dummy connection)"
10.35.36.46 - - [20/Dec/2018:15:00:21 -0700] "POST /Private/Ticketing/comet.axd/connect HTTP/1.1" 200 507 "https://scinet.byu.edu/Private/Ticketing/Default.aspx" "Mozilla/5.0 (Windows NT 10.0; Win64; x64) AppleWebKit/537.36 (KHTML, like Gecko) Chrome/71.0.3578.98 Safari/537.36"
10.4.76.83 - - [20/Dec/2018:15:00:33 -0700] "GET /Portals/13/Storyline/Kiosks/Insect%20Kiosk/mobile/6VsbuB4qIwG_80_DX1346_DY1346_CX653_CY673.png HTTP/1.1" 200 140991 "https://mlbean.byu.edu/Portals/13/Storyline/Kiosks/Insect%20Kiosk/story_html5.html" "Mozilla/5.0 (Macintosh; Intel Mac OS X 10_11_3) AppleWebKit/601.4.4 (KHTML, like Gecko) Version/9.0.3 Safari/601.4.4"
167.114.103.130 - - [20/Dec/2018:15:00:33 -0700] "GET / HTTP/1.1" 200 10069 "-" "8LEGS"
10.35.36.99 - - [20/Dec/2018:15:00:23 -0700] "POST /Private/Ticketing/comet.axd/connect HTTP/1.1" 200 508 "https://scinet.byu.edu/Private/Ticketing/Default.aspx" "Mozilla/5.0 (Windows NT 10.0; Win64; x64) AppleWebKit/537.36 (KHTML, like Gecko) Chrome/71.0.3578.98 Safari/537.36"
66.249.79.195 - - [20/Dec/2018:15:00:33 -0700] "GET /SlideDatabase/Epitheliumslides/Appendix.aspx HTTP/1.1" 200 12275 "-" "Mozilla/5.0 (Linux; Android 6.0.1; Nexus 5X Build/MMB29P) AppleWebKit/537.36 (KHTML, like Gecko) Chrome/41.0.2272.96 Mobile Safari/537.36 (compatible; Googlebot/2.1; +http://www.google.com/bot.html)"
10.35.36.98 - - [20/Dec/2018:15:00:24 -0700] "POST /Private/Ticketing/comet.axd/connect HTTP/1.1" 200 510 "https://scinet.byu.edu/Private/Ticketing/Default.aspx" "Mozilla/5.0 (Windows NT 10.0; Win64; x64) AppleWebKit/537.36 (KHTML, like Gecko) Chrome/70.0.3538.102 Safari/537.36"
10.35.36.59 - - [20/Dec/2018:15:00:24 -0700] "POST /Private/Ticketing/comet.axd/connect HTTP/1.1" 200 509 "https://scinet.byu.edu/Private/Ticketing/Default.aspx" "Mozilla/5.0 (Windows NT 10.0; Win64; x64) AppleWebKit/537.36 (KHTML, like Gecko) Chrome/71.0.3578.98 Safari/537.36"
10.35.36.19 - - [20/Dec/2018:15:00:34 -0700] "POST /ServiceDesk/Default.aspx HTTP/1.1" 200 12421 "https://lsmonitor.byu.edu/ServiceDesk/Default.aspx" "Mozilla/5.0 (Windows NT 10.0; Win64; x64) AppleWebKit/537.36 (KHTML, like Gecko) Chrome/70.0.3538.110 Safari/537.36"
10.35.36.2 - - [20/Dec/2018:15:00:25 -0700] "POST /Private/Ticketing/comet.axd/connect HTTP/1.1" 200 510 "https://scinet.byu.edu/Private/Ticketing/Default.aspx" "Mozilla/5.0 (Macintosh; Intel Mac OS X 10_14_2) AppleWebKit/537.36 (KHTML, like Gecko) Chrome/70.0.3538.102 Safari/537.36"
141.225.205.200 - - [20/Dec/2018:15:00:37 -0700] "GET /Presentations/Steeplechase/WaterJump HTTP/1.1" 404 4637 "-" "Mozilla/5.0 (Macintosh; Intel Mac OS X 10_13_6) AppleWebKit/605.1.15 (KHTML, like Gecko)"
141.225.205.200 - - [20/Dec/2018:15:00:37 -0700] "GET /apple-touch-icon-precomposed.png HTTP/1.1" 200 7329 "-" "Safari/13606.3.4.1.4 CFNetwork/902.1 Darwin/17.7.0 (x86_64)"
10.35.36.74 - - [20/Dec/2018:15:00:29 -0700] "POST /Private/Ticketing/comet.axd/connect HTTP/1.1" 200 511 "https://scinet.byu.edu/Private/Ticketing/Default.aspx" "Mozilla/5.0 (Macintosh; Intel Mac OS X 10_13_6) AppleWebKit/537.36 (KHTML, like Gecko) Chrome/71.0.3578.98 Safari/537.36"
10.35.36.74 - - [20/Dec/2018:15:00:29 -0700] "POST /Private/Ticketing/comet.axd/connect HTTP/1.1" 200 510 "https://scinet.byu.edu/Private/Ticketing/Default.aspx" "Mozilla/5.0 (Macintosh; Intel Mac OS X 10_13_6) AppleWebKit/537.36 (KHTML, like Gecko) Chrome/70.0.3538.102 Safari/537.36"
10.35.36.88 - - [20/Dec/2018:15:00:38 -0700] "POST /WebTeam/Default.aspx HTTP/1.1" 200 10456 "https://lsmonitor.byu.edu/WebTeam/Default.aspx" "Mozilla/5.0 (Windows NT 10.0; Win64; x64) AppleWebKit/537.36 (KHTML, like Gecko) Chrome/69.0.3497.100 Safari/537.36"
10.35.36.82 - - [20/Dec/2018:15:00:28 -0700] "POST /Private/Ticketing/comet.axd/connect HTTP/1.1" 200 510 "https://scinet.byu.edu/Private/Ticketing/Default.aspx" "Mozilla/5.0 (Macintosh; Intel Mac OS X 10_13_6) AppleWebKit/537.36 (KHTML, like Gecko) Chrome/70.0.3538.110 Safari/537.36"
::1 - - [20/Dec/2018:15:00:41 -0700] "OPTIONS * HTTP/1.0" 200 126 "-" "Apache/2.4.25 (Debian) OpenSSL/1.0.2q (internal dummy connection)"
10.35.36.74 - - [20/Dec/2018:15:00:30 -0700] "POST /Private/Ticketing/comet.axd/connect HTTP/1.1" 200 509 "https://scinet.byu.edu/Private/Ticketing/Default.aspx" "Mozilla/5.0 (Macintosh; Intel Mac OS X 10_13_6) AppleWebKit/537.36 (KHTML, like Gecko) Chrome/70.0.3538.102 Safari/537.36"
::1 - - [20/Dec/2018:15:00:43 -0700] "OPTIONS * HTTP/1.0" 200 126 "-" "Apache/2.4.25 (Debian) OpenSSL/1.0.2q (internal dummy connection)"
10.35.36.46 - - [20/Dec/2018:15:00:32 -0700] "POST /Private/Ticketing/comet.axd/connect HTTP/1.1" 200 507 "https://scinet.byu.edu/Private/Ticketing/Default.aspx" "Mozilla/5.0 (Windows NT 10.0; Win64; x64) AppleWebKit/537.36 (KHTML, like Gecko) Chrome/71.0.3578.98 Safari/537.36"
10.35.36.88 - - [20/Dec/2018:15:00:42 -0700] "POST /WebTeam/Default.aspx HTTP/1.1" 200 18674 "https://lsmonitor.byu.edu/WebTeam/Default.aspx" "Mozilla/5.0 (Windows NT 10.0; Win64; x64) AppleWebKit/537.36 (KHTML, like Gecko) Chrome/69.0.3497.100 Safari/537.36"
::1 - - [20/Dec/2018:15:00:44 -0700] "OPTIONS * HTTP/1.0" 200 126 "-" "Apache/2.4.25 (Debian) OpenSSL/1.0.2q (internal dummy connection)"
10.35.36.99 - - [20/Dec/2018:15:00:34 -0700] "POST /Private/Ticketing/comet.axd/connect HTTP/1.1" 200 508 "https://scinet.byu.edu/Private/Ticketing/Default.aspx" "Mozilla/5.0 (Windows NT 10.0; Win64; x64) AppleWebKit/537.36 (KHTML, like Gecko) Chrome/71.0.3578.98 Safari/537.36"
10.35.36.59 - - [20/Dec/2018:15:00:34 -0700] "POST /Private/Ticketing/comet.axd/connect HTTP/1.1" 200 509 "https://scinet.byu.edu/Private/Ticketing/Default.aspx" "Mozilla/5.0 (Windows NT 10.0; Win64; x64) AppleWebKit/537.36 (KHTML, like Gecko) Chrome/71.0.3578.98 Safari/537.36"
10.35.36.98 - - [20/Dec/2018:15:00:34 -0700] "POST /Private/Ticketing/comet.axd/connect HTTP/1.1" 200 510 "https://scinet.byu.edu/Private/Ticketing/Default.aspx" "Mozilla/5.0 (Windows NT 10.0; Win64; x64) AppleWebKit/537.36 (KHTML, like Gecko) Chrome/70.0.3538.102 Safari/537.36"
::1 - - [20/Dec/2018:15:00:45 -0700] "OPTIONS * HTTP/1.0" 200 126 "-" "Apache/2.4.25 (Debian) OpenSSL/1.0.2q (internal dummy connection)"
10.35.36.89 - - [20/Dec/2018:15:00:45 -0700] "POST /Engineering/Default.aspx HTTP/1.1" 200 8402 "https://lsmonitor.byu.edu/Engineering/Default.aspx" "Mozilla/5.0 (Windows NT 10.0; Win64; x64) AppleWebKit/537.36 (KHTML, like Gecko) Chrome/70.0.3538.110 Safari/537.36"
10.25.100.22 - - [20/Dec/2018:15:00:26 -0700] "GET /mjpg/LSB HTTP/1.1" 200 67360598 "-" "Mozilla/5.0 (Windows NT 10.0; Win64; x64) AppleWebKit/537.36 (KHTML, like Gecko) Chrome/71.0.3578.98 Safari/537.36"
10.35.36.2 - - [20/Dec/2018:15:00:37 -0700] "POST /Private/Ticketing/comet.axd/connect HTTP/1.1" 200 510 "https://scinet.byu.edu/Private/Ticketing/Default.aspx" "Mozilla/5.0 (Macintosh; Intel Mac OS X 10_14_2) AppleWebKit/537.36 (KHTML, like Gecko) Chrome/70.0.3538.102 Safari/537.36"
10.35.36.89 - - [20/Dec/2018:15:00:47 -0700] "POST /Engineering/Default.aspx HTTP/1.1" 200 16269 "https://lsmonitor.byu.edu/Engineering/Default.aspx" "Mozilla/5.0 (Windows NT 10.0; Win64; x64) AppleWebKit/537.36 (KHTML, like Gecko) Chrome/70.0.3538.110 Safari/537.36"
10.35.36.74 - - [20/Dec/2018:15:00:39 -0700] "POST /Private/Ticketing/comet.axd/connect HTTP/1.1" 200 511 "https://scinet.byu.edu/Private/Ticketing/Default.aspx" "Mozilla/5.0 (Macintosh; Intel Mac OS X 10_13_6) AppleWebKit/537.36 (KHTML, like Gecko) Chrome/71.0.3578.98 Safari/537.36"
10.35.36.74 - - [20/Dec/2018:15:00:39 -0700] "POST /Private/Ticketing/comet.axd/connect HTTP/1.1" 200 510 "https://scinet.byu.edu/Private/Ticketing/Default.aspx" "Mozilla/5.0 (Macintosh; Intel Mac OS X 10_13_6) AppleWebKit/537.36 (KHTML, like Gecko) Chrome/70.0.3538.102 Safari/537.36"
10.35.36.19 - - [20/Dec/2018:15:00:49 -0700] "POST /ServiceDesk/Default.aspx HTTP/1.1" 200 12572 "https://lsmonitor.byu.edu/ServiceDesk/Default.aspx" "Mozilla/5.0 (Windows NT 10.0; Win64; x64) AppleWebKit/537.36 (KHTML, like Gecko) Chrome/70.0.3538.110 Safari/537.36"
10.35.36.82 - - [20/Dec/2018:15:00:41 -0700] "POST /Private/Ticketing/comet.axd/connect HTTP/1.1" 200 510 "https://scinet.byu.edu/Private/Ticketing/Default.aspx" "Mozilla/5.0 (Macintosh; Intel Mac OS X 10_13_6) AppleWebKit/537.36 (KHTML, like Gecko) Chrome/70.0.3538.110 Safari/537.36"
10.35.36.74 - - [20/Dec/2018:15:00:41 -0700] "POST /Private/Ticketing/comet.axd/connect HTTP/1.1" 200 509 "https://scinet.byu.edu/Private/Ticketing/Default.aspx" "Mozilla/5.0 (Macintosh; Intel Mac OS X 10_13_6) AppleWebKit/537.36 (KHTML, like Gecko) Chrome/70.0.3538.102 Safari/537.36"
10.35.36.46 - - [20/Dec/2018:15:00:43 -0700] "POST /Private/Ticketing/comet.axd/connect HTTP/1.1" 200 507 "https://scinet.byu.edu/Private/Ticketing/Default.aspx" "Mozilla/5.0 (Windows NT 10.0; Win64; x64) AppleWebKit/537.36 (KHTML, like Gecko) Chrome/71.0.3578.98 Safari/537.36"
10.35.36.88 - - [20/Dec/2018:15:00:53 -0700] "POST /WebTeam/Default.aspx HTTP/1.1" 200 10621 "https://lsmonitor.byu.edu/WebTeam/Default.aspx" "Mozilla/5.0 (Windows NT 10.0; Win64; x64) AppleWebKit/537.36 (KHTML, like Gecko) Chrome/69.0.3497.100 Safari/537.36"
10.35.36.98 - - [20/Dec/2018:15:00:44 -0700] "POST /Private/Ticketing/comet.axd/connect HTTP/1.1" 200 510 "https://scinet.byu.edu/Private/Ticketing/Default.aspx" "Mozilla/5.0 (Windows NT 10.0; Win64; x64) AppleWebKit/537.36 (KHTML, like Gecko) Chrome/70.0.3538.102 Safari/537.36"
10.35.36.59 - - [20/Dec/2018:15:00:44 -0700] "POST /Private/Ticketing/comet.axd/connect HTTP/1.1" 200 509 "https://scinet.byu.edu/Private/Ticketing/Default.aspx" "Mozilla/5.0 (Windows NT 10.0; Win64; x64) AppleWebKit/537.36 (KHTML, like Gecko) Chrome/71.0.3578.98 Safari/537.36"
10.35.36.99 - - [20/Dec/2018:15:00:45 -0700] "POST /Private/Ticketing/comet.axd/connect HTTP/1.1" 200 473 "https://scinet.byu.edu/Private/Ticketing/Default.aspx" "Mozilla/5.0 (Windows NT 10.0; Win64; x64) AppleWebKit/537.36 (KHTML, like Gecko) Chrome/71.0.3578.98 Safari/537.36"
167.114.103.130 - - [20/Dec/2018:15:00:57 -0700] "GET / HTTP/1.1" 200 5690 "-" "8LEGS"
10.35.36.2 - - [20/Dec/2018:15:00:49 -0700] "POST /Private/Ticketing/comet.axd/connect HTTP/1.1" 200 510 "https://scinet.byu.edu/Private/Ticketing/Default.aspx" "Mozilla/5.0 (Macintosh; Intel Mac OS X 10_14_2) AppleWebKit/537.36 (KHTML, like Gecko) Chrome/70.0.3538.102 Safari/537.36"
10.35.36.74 - - [20/Dec/2018:15:00:49 -0700] "POST /Private/Ticketing/comet.axd/connect HTTP/1.1" 200 511 "https://scinet.byu.edu/Private/Ticketing/Default.aspx" "Mozilla/5.0 (Macintosh; Intel Mac OS X 10_13_6) AppleWebKit/537.36 (KHTML, like Gecko) Chrome/71.0.3578.98 Safari/537.36"
10.35.36.74 - - [20/Dec/2018:15:00:49 -0700] "POST /Private/Ticketing/comet.axd/connect HTTP/1.1" 200 510 "https://scinet.byu.edu/Private/Ticketing/Default.aspx" "Mozilla/5.0 (Macintosh; Intel Mac OS X 10_13_6) AppleWebKit/537.36 (KHTML, like Gecko) Chrome/70.0.3538.102 Safari/537.36"
66.249.79.211 - - [20/Dec/2018:15:00:59 -0700] "GET /wEFJGI5YzlmNmU3LWQ5MWEtNDRkYS05N2VmLTcyZWY3NmIyYmY5ZrzryZ5r67uXV3KtPF3PDfkBzaRf HTTP/1.1" 404 4913 "-" "Mozilla/5.0 (Linux; Android 6.0.1; Nexus 5X Build/MMB29P) AppleWebKit/537.36 (KHTML, like Gecko) Chrome/41.0.2272.96 Mobile Safari/537.36 (compatible; Googlebot/2.1; +http://www.google.com/bot.html)"
localhost - - [20/Dec/2018:15:01:01 -0700] "GET /server-status?auto HTTP/1.1" 200 1424 "-" "Python-urllib/2.7"
10.37.122.135 - - [20/Dec/2018:15:01:00 -0700] "POST /Form/FormType/E/InternshipID/1198 HTTP/1.1" 200 71490 "https://exscinterns.byu.edu/Form/FormType/E/InternshipID/1198" "Mozilla/5.0 (iPad; CPU OS 11_4_1 like Mac OS X) AppleWebKit/605.1.15 (KHTML, like Gecko) Version/11.0 Mobile/15E148 Safari/604.1"
10.35.36.89 - - [20/Dec/2018:15:01:01 -0700] "POST /Engineering/Default.aspx HTTP/1.1" 200 8407 "https://lsmonitor.byu.edu/Engineering/Default.aspx" "Mozilla/5.0 (Windows NT 10.0; Win64; x64) AppleWebKit/537.36 (KHTML, like Gecko) Chrome/70.0.3538.110 Safari/537.36"
10.35.36.74 - - [20/Dec/2018:15:00:52 -0700] "POST /Private/Ticketing/comet.axd/connect HTTP/1.1" 200 509 "https://scinet.byu.edu/Private/Ticketing/Default.aspx" "Mozilla/5.0 (Macintosh; Intel Mac OS X 10_13_6) AppleWebKit/537.36 (KHTML, like Gecko) Chrome/70.0.3538.102 Safari/537.36"
10.35.36.82 - - [20/Dec/2018:15:00:53 -0700] "POST /Private/Ticketing/comet.axd/connect HTTP/1.1" 200 510 "https://scinet.byu.edu/Private/Ticketing/Default.aspx" "Mozilla/5.0 (Macintosh; Intel Mac OS X 10_13_6) AppleWebKit/537.36 (KHTML, like Gecko) Chrome/70.0.3538.110 Safari/537.36"
10.35.36.59 - - [20/Dec/2018:15:00:54 -0700] "POST /Private/Ticketing/comet.axd/connect HTTP/1.1" 200 509 "https://scinet.byu.edu/Private/Ticketing/Default.aspx" "Mozilla/5.0 (Windows NT 10.0; Win64; x64) AppleWebKit/537.36 (KHTML, like Gecko) Chrome/71.0.3578.98 Safari/537.36"
10.35.36.98 - - [20/Dec/2018:15:00:54 -0700] "POST /Private/Ticketing/comet.axd/connect HTTP/1.1" 200 510 "https://scinet.byu.edu/Private/Ticketing/Default.aspx" "Mozilla/5.0 (Windows NT 10.0; Win64; x64) AppleWebKit/537.36 (KHTML, like Gecko) Chrome/70.0.3538.102 Safari/537.36"
10.35.36.46 - - [20/Dec/2018:15:00:54 -0700] "POST /Private/Ticketing/comet.axd/connect HTTP/1.1" 200 507 "https://scinet.byu.edu/Private/Ticketing/Default.aspx" "Mozilla/5.0 (Windows NT 10.0; Win64; x64) AppleWebKit/537.36 (KHTML, like Gecko) Chrome/71.0.3578.98 Safari/537.36"
10.35.36.19 - - [20/Dec/2018:15:01:04 -0700] "POST /ServiceDesk/Default.aspx HTTP/1.1" 200 12573 "https://lsmonitor.byu.edu/ServiceDesk/Default.aspx" "Mozilla/5.0 (Windows NT 10.0; Win64; x64) AppleWebKit/537.36 (KHTML, like Gecko) Chrome/70.0.3538.110 Safari/537.36"
10.35.36.99 - - [20/Dec/2018:15:00:56 -0700] "POST /Private/Ticketing/comet.axd/connect HTTP/1.1" 200 3797 "https://scinet.byu.edu/Private/Ticketing/Default.aspx" "Mozilla/5.0 (Windows NT 10.0; Win64; x64) AppleWebKit/537.36 (KHTML, like Gecko) Chrome/71.0.3578.98 Safari/537.36"
10.25.100.22 - - [20/Dec/2018:15:00:46 -0700] "GET /mjpg/LSB HTTP/1.1" 200 68567296 "-" "Mozilla/5.0 (Windows NT 10.0; Win64; x64) AppleWebKit/537.36 (KHTML, like Gecko) Chrome/71.0.3578.98 Safari/537.36"
10.35.36.88 - - [20/Dec/2018:15:01:08 -0700] "POST /WebTeam/Default.aspx HTTP/1.1" 200 10453 "https://lsmonitor.byu.edu/WebTeam/Default.aspx" "Mozilla/5.0 (Windows NT 10.0; Win64; x64) AppleWebKit/537.36 (KHTML, like Gecko) Chrome/69.0.3497.100 Safari/537.36"
10.35.36.74 - - [20/Dec/2018:15:00:59 -0700] "POST /Private/Ticketing/comet.axd/connect HTTP/1.1" 200 511 "https://scinet.byu.edu/Private/Ticketing/Default.aspx" "Mozilla/5.0 (Macintosh; Intel Mac OS X 10_13_6) AppleWebKit/537.36 (KHTML, like Gecko) Chrome/71.0.3578.98 Safari/537.36"
10.35.36.74 - - [20/Dec/2018:15:00:59 -0700] "POST /Private/Ticketing/comet.axd/connect HTTP/1.1" 200 510 "https://scinet.byu.edu/Private/Ticketing/Default.aspx" "Mozilla/5.0 (Macintosh; Intel Mac OS X 10_13_6) AppleWebKit/537.36 (KHTML, like Gecko) Chrome/70.0.3538.102 Safari/537.36"
10.35.36.2 - - [20/Dec/2018:15:01:00 -0700] "POST /Private/Ticketing/comet.axd/connect HTTP/1.1" 200 510 "https://scinet.byu.edu/Private/Ticketing/Default.aspx" "Mozilla/5.0 (Macintosh; Intel Mac OS X 10_14_2) AppleWebKit/537.36 (KHTML, like Gecko) Chrome/70.0.3538.102 Safari/537.36"
46.229.168.153 - - [20/Dec/2018:15:01:10 -0700] "GET /About/Faculty-and-Staff/ctl/FacultyProfile/mid/1424/NetID/SMC96 HTTP/1.1" 200 37521 "-" "Mozilla/5.0 (compatible; SemrushBot/3~bl; +http://www.semrush.com/bot.html)"
10.35.36.74 - - [20/Dec/2018:15:01:03 -0700] "POST /Private/Ticketing/comet.axd/connect HTTP/1.1" 200 509 "https://scinet.byu.edu/Private/Ticketing/Default.aspx" "Mozilla/5.0 (Macintosh; Intel Mac OS X 10_13_6) AppleWebKit/537.36 (KHTML, like Gecko) Chrome/70.0.3538.102 Safari/537.36"
10.35.36.98 - - [20/Dec/2018:15:01:04 -0700] "POST /Private/Ticketing/comet.axd/connect HTTP/1.1" 200 510 "https://scinet.byu.edu/Private/Ticketing/Default.aspx" "Mozilla/5.0 (Windows NT 10.0; Win64; x64) AppleWebKit/537.36 (KHTML, like Gecko) Chrome/70.0.3538.102 Safari/537.36"
10.35.36.59 - - [20/Dec/2018:15:01:04 -0700] "POST /Private/Ticketing/comet.axd/connect HTTP/1.1" 200 509 "https://scinet.byu.edu/Private/Ticketing/Default.aspx" "Mozilla/5.0 (Windows NT 10.0; Win64; x64) AppleWebKit/537.36 (KHTML, like Gecko) Chrome/71.0.3578.98 Safari/537.36"
10.35.36.82 - - [20/Dec/2018:15:01:05 -0700] "POST /Private/Ticketing/comet.axd/connect HTTP/1.1" 200 510 "https://scinet.byu.edu/Private/Ticketing/Default.aspx" "Mozilla/5.0 (Macintosh; Intel Mac OS X 10_13_6) AppleWebKit/537.36 (KHTML, like Gecko) Chrome/70.0.3538.110 Safari/537.36"
10.37.122.135 - - [20/Dec/2018:15:01:15 -0700] "POST /Form/FormType/E/InternshipID/1198 HTTP/1.1" 200 68439 "https://exscinterns.byu.edu/Form/FormType/E/InternshipID/1198" "Mozilla/5.0 (iPad; CPU OS 11_4_1 like Mac OS X) AppleWebKit/605.1.15 (KHTML, like Gecko) Version/11.0 Mobile/15E148 Safari/604.1"
10.35.36.46 - - [20/Dec/2018:15:01:05 -0700] "POST /Private/Ticketing/comet.axd/connect HTTP/1.1" 200 507 "https://scinet.byu.edu/Private/Ticketing/Default.aspx" "Mozilla/5.0 (Windows NT 10.0; Win64; x64) AppleWebKit/537.36 (KHTML, like Gecko) Chrome/71.0.3578.98 Safari/537.36"
10.35.36.99 - - [20/Dec/2018:15:01:07 -0700] "POST /Private/Ticketing/comet.axd/connect HTTP/1.1" 200 509 "https://scinet.byu.edu/Private/Ticketing/Default.aspx" "Mozilla/5.0 (Windows NT 10.0; Win64; x64) AppleWebKit/537.36 (KHTML, like Gecko) Chrome/71.0.3578.98 Safari/537.36"
10.35.36.89 - - [20/Dec/2018:15:01:17 -0700] "POST /Engineering/Default.aspx HTTP/1.1" 200 8405 "https://lsmonitor.byu.edu/Engineering/Default.aspx" "Mozilla/5.0 (Windows NT 10.0; Win64; x64) AppleWebKit/537.36 (KHTML, like Gecko) Chrome/70.0.3538.110 Safari/537.36"
10.35.36.74 - - [20/Dec/2018:15:01:09 -0700] "POST /Private/Ticketing/comet.axd/connect HTTP/1.1" 200 510 "https://scinet.byu.edu/Private/Ticketing/Default.aspx" "Mozilla/5.0 (Macintosh; Intel Mac OS X 10_13_6) AppleWebKit/537.36 (KHTML, like Gecko) Chrome/70.0.3538.102 Safari/537.36"
10.35.36.74 - - [20/Dec/2018:15:01:09 -0700] "POST /Private/Ticketing/comet.axd/connect HTTP/1.1" 200 511 "https://scinet.byu.edu/Private/Ticketing/Default.aspx" "Mozilla/5.0 (Macintosh; Intel Mac OS X 10_13_6) AppleWebKit/537.36 (KHTML, like Gecko) Chrome/71.0.3578.98 Safari/537.36"
10.35.36.19 - - [20/Dec/2018:15:01:19 -0700] "POST /ServiceDesk/Default.aspx HTTP/1.1" 200 12575 "https://lsmonitor.byu.edu/ServiceDesk/Default.aspx" "Mozilla/5.0 (Windows NT 10.0; Win64; x64) AppleWebKit/537.36 (KHTML, like Gecko) Chrome/70.0.3538.110 Safari/537.36"
10.35.36.2 - - [20/Dec/2018:15:01:11 -0700] "POST /Private/Ticketing/comet.axd/connect HTTP/1.1" 200 510 "https://scinet.byu.edu/Private/Ticketing/Default.aspx" "Mozilla/5.0 (Macintosh; Intel Mac OS X 10_14_2) AppleWebKit/537.36 (KHTML, like Gecko) Chrome/70.0.3538.102 Safari/537.36"
10.25.42.159 - - [20/Dec/2018:15:01:22 -0700] "GET / HTTP/1.1" 200 11075 "https://www.google.com/" "Mozilla/5.0 (Windows NT 10.0; Win64; x64) AppleWebKit/537.36 (KHTML, like Gecko) Chrome/71.0.3578.98 Safari/537.36"
10.25.42.159 - - [20/Dec/2018:15:01:22 -0700] "GET /DesktopModules/UserDefinedTable/module.css?cdv=168 HTTP/1.1" 200 1007 "https://biology.byu.edu/" "Mozilla/5.0 (Windows NT 10.0; Win64; x64) AppleWebKit/537.36 (KHTML, like Gecko) Chrome/71.0.3578.98 Safari/537.36"
10.35.36.88 - - [20/Dec/2018:15:01:23 -0700] "POST /WebTeam/Default.aspx HTTP/1.1" 200 10459 "https://lsmonitor.byu.edu/WebTeam/Default.aspx" "Mozilla/5.0 (Windows NT 10.0; Win64; x64) AppleWebKit/537.36 (KHTML, like Gecko) Chrome/69.0.3497.100 Safari/537.36"
10.35.36.98 - - [20/Dec/2018:15:01:14 -0700] "POST /Private/Ticketing/comet.axd/connect HTTP/1.1" 200 510 "https://scinet.byu.edu/Private/Ticketing/Default.aspx" "Mozilla/5.0 (Windows NT 10.0; Win64; x64) AppleWebKit/537.36 (KHTML, like Gecko) Chrome/70.0.3538.102 Safari/537.36"
10.35.36.59 - - [20/Dec/2018:15:01:14 -0700] "POST /Private/Ticketing/comet.axd/connect HTTP/1.1" 200 509 "https://scinet.byu.edu/Private/Ticketing/Default.aspx" "Mozilla/5.0 (Windows NT 10.0; Win64; x64) AppleWebKit/537.36 (KHTML, like Gecko) Chrome/71.0.3578.98 Safari/537.36"
10.35.36.74 - - [20/Dec/2018:15:01:15 -0700] "POST /Private/Ticketing/comet.axd/connect HTTP/1.1" 200 509 "https://scinet.byu.edu/Private/Ticketing/Default.aspx" "Mozilla/5.0 (Macintosh; Intel Mac OS X 10_13_6) AppleWebKit/537.36 (KHTML, like Gecko) Chrome/70.0.3538.102 Safari/537.36"
10.35.36.82 - - [20/Dec/2018:15:01:15 -0700] "POST /Private/Ticketing/comet.axd/connect HTTP/1.1" 200 510 "https://scinet.byu.edu/Private/Ticketing/Default.aspx" "Mozilla/5.0 (Macintosh; Intel Mac OS X 10_13_6) AppleWebKit/537.36 (KHTML, like Gecko) Chrome/70.0.3538.110 Safari/537.36"
10.35.36.46 - - [20/Dec/2018:15:01:16 -0700] "POST /Private/Ticketing/comet.axd/connect HTTP/1.1" 200 507 "https://scinet.byu.edu/Private/Ticketing/Default.aspx" "Mozilla/5.0 (Windows NT 10.0; Win64; x64) AppleWebKit/537.36 (KHTML, like Gecko) Chrome/71.0.3578.98 Safari/537.36"
10.25.100.22 - - [20/Dec/2018:15:01:06 -0700] "GET /mjpg/LSB HTTP/1.1" 200 67714167 "-" "Mozilla/5.0 (Windows NT 10.0; Win64; x64) AppleWebKit/537.36 (KHTML, like Gecko) Chrome/71.0.3578.98 Safari/537.36"
10.35.36.99 - - [20/Dec/2018:15:01:18 -0700] "POST /Private/Ticketing/comet.axd/connect HTTP/1.1" 200 509 "https://scinet.byu.edu/Private/Ticketing/Default.aspx" "Mozilla/5.0 (Windows NT 10.0; Win64; x64) AppleWebKit/537.36 (KHTML, like Gecko) Chrome/71.0.3578.98 Safari/537.36"
10.35.36.74 - - [20/Dec/2018:15:01:19 -0700] "POST /Private/Ticketing/comet.axd/connect HTTP/1.1" 200 510 "https://scinet.byu.edu/Private/Ticketing/Default.aspx" "Mozilla/5.0 (Macintosh; Intel Mac OS X 10_13_6) AppleWebKit/537.36 (KHTML, like Gecko) Chrome/70.0.3538.102 Safari/537.36"
10.35.36.74 - - [20/Dec/2018:15:01:19 -0700] "POST /Private/Ticketing/comet.axd/connect HTTP/1.1" 200 511 "https://scinet.byu.edu/Private/Ticketing/Default.aspx" "Mozilla/5.0 (Macintosh; Intel Mac OS X 10_13_6) AppleWebKit/537.36 (KHTML, like Gecko) Chrome/71.0.3578.98 Safari/537.36"
202.46.52.163 - - [20/Dec/2018:15:01:30 -0700] "GET /Portals/80/docs/Biol%20420%20-%20Fall%202007%20Syllabus.pdf HTTP/1.1" 200 98320 "-" "Mozilla/5.0 (Windows NT 10.0; WOW64) AppleWebKit/537.36 (KHTML, like Gecko) Chrome/45.0.2454.93 Safari/537.36"
10.35.36.19 - - [20/Dec/2018:15:01:29 -0700] "POST /ServiceDesk/Default.aspx HTTP/1.1" 200 23565 "https://lsmonitor.byu.edu/ServiceDesk/Default.aspx" "Mozilla/5.0 (Windows NT 10.0; Win64; x64) AppleWebKit/537.36 (KHTML, like Gecko) Chrome/70.0.3538.110 Safari/537.36"
10.25.42.159 - - [20/Dec/2018:15:01:31 -0700] "GET /Portals/10/home.css?cdv=168 HTTP/1.1" 200 6016 "https://biology.byu.edu/" "Mozilla/5.0 (Windows NT 10.0; Win64; x64) AppleWebKit/537.36 (KHTML, like Gecko) Chrome/71.0.3578.98 Safari/537.36"
10.25.42.159 - - [20/Dec/2018:15:01:32 -0700] "GET /Resources/Shared/Scripts/jquery/jquery.hoverIntent.min.js?cdv=168 HTTP/1.1" 200 1255 "https://biology.byu.edu/" "Mozilla/5.0 (Windows NT 10.0; Win64; x64) AppleWebKit/537.36 (KHTML, like Gecko) Chrome/71.0.3578.98 Safari/537.36"
10.25.42.159 - - [20/Dec/2018:15:01:32 -0700] "GET /Resources/Shared/Scripts/dnn.jquery.js?cdv=168 HTTP/1.1" 200 34247 "https://biology.byu.edu/" "Mozilla/5.0 (Windows NT 10.0; Win64; x64) AppleWebKit/537.36 (KHTML, like Gecko) Chrome/71.0.3578.98 Safari/537.36"
10.25.42.159 - - [20/Dec/2018:15:01:32 -0700] "GET /Portals/10/Images/News/polarBearArticleCrop.jpg HTTP/1.1" 200 227070 "https://biology.byu.edu/" "Mozilla/5.0 (Windows NT 10.0; Win64; x64) AppleWebKit/537.36 (KHTML, like Gecko) Chrome/71.0.3578.98 Safari/537.36"
10.25.42.159 - - [20/Dec/2018:15:01:32 -0700] "GET /Portals/10/Images/News/GatesScholarArticleResize.jpg HTTP/1.1" 200 357305 "https://biology.byu.edu/" "Mozilla/5.0 (Windows NT 10.0; Win64; x64) AppleWebKit/537.36 (KHTML, like Gecko) Chrome/71.0.3578.98 Safari/537.36"
10.25.42.159 - - [20/Dec/2018:15:01:32 -0700] "GET /Portals/0/Images/iconAndBanner/LSBFallBanner.jpg HTTP/1.1" 200 2244619 "https://biology.byu.edu/" "Mozilla/5.0 (Windows NT 10.0; Win64; x64) AppleWebKit/537.36 (KHTML, like Gecko) Chrome/71.0.3578.98 Safari/537.36"
10.35.36.2 - - [20/Dec/2018:15:01:22 -0700] "POST /Private/Ticketing/comet.axd/connect HTTP/1.1" 200 510 "https://scinet.byu.edu/Private/Ticketing/Default.aspx" "Mozilla/5.0 (Macintosh; Intel Mac OS X 10_14_2) AppleWebKit/537.36 (KHTML, like Gecko) Chrome/70.0.3538.102 Safari/537.36"
10.35.36.89 - - [20/Dec/2018:15:01:33 -0700] "POST /Engineering/Default.aspx HTTP/1.1" 200 8559 "https://lsmonitor.byu.edu/Engineering/Default.aspx" "Mozilla/5.0 (Windows NT 10.0; Win64; x64) AppleWebKit/537.36 (KHTML, like Gecko) Chrome/70.0.3538.110 Safari/537.36"
10.35.36.98 - - [20/Dec/2018:15:01:24 -0700] "POST /Private/Ticketing/comet.axd/connect HTTP/1.1" 200 510 "https://scinet.byu.edu/Private/Ticketing/Default.aspx" "Mozilla/5.0 (Windows NT 10.0; Win64; x64) AppleWebKit/537.36 (KHTML, like Gecko) Chrome/70.0.3538.102 Safari/537.36"
10.35.36.59 - - [20/Dec/2018:15:01:24 -0700] "POST /Private/Ticketing/comet.axd/connect HTTP/1.1" 200 509 "https://scinet.byu.edu/Private/Ticketing/Default.aspx" "Mozilla/5.0 (Windows NT 10.0; Win64; x64) AppleWebKit/537.36 (KHTML, like Gecko) Chrome/71.0.3578.98 Safari/537.36"
10.35.36.19 - - [20/Dec/2018:15:01:34 -0700] "POST /ServiceDesk/Default.aspx HTTP/1.1" 200 12420 "https://lsmonitor.byu.edu/ServiceDesk/Default.aspx" "Mozilla/5.0 (Windows NT 10.0; Win64; x64) AppleWebKit/537.36 (KHTML, like Gecko) Chrome/70.0.3538.110 Safari/537.36"
10.35.36.82 - - [20/Dec/2018:15:01:26 -0700] "POST /Private/Ticketing/comet.axd/connect HTTP/1.1" 200 510 "https://scinet.byu.edu/Private/Ticketing/Default.aspx" "Mozilla/5.0 (Macintosh; Intel Mac OS X 10_13_6) AppleWebKit/537.36 (KHTML, like Gecko) Chrome/70.0.3538.110 Safari/537.36"
10.35.36.74 - - [20/Dec/2018:15:01:27 -0700] "POST /Private/Ticketing/comet.axd/connect HTTP/1.1" 200 509 "https://scinet.byu.edu/Private/Ticketing/Default.aspx" "Mozilla/5.0 (Macintosh; Intel Mac OS X 10_13_6) AppleWebKit/537.36 (KHTML, like Gecko) Chrome/70.0.3538.102 Safari/537.36"
10.35.36.46 - - [20/Dec/2018:15:01:27 -0700] "POST /Private/Ticketing/comet.axd/connect HTTP/1.1" 200 507 "https://scinet.byu.edu/Private/Ticketing/Default.aspx" "Mozilla/5.0 (Windows NT 10.0; Win64; x64) AppleWebKit/537.36 (KHTML, like Gecko) Chrome/71.0.3578.98 Safari/537.36"
10.35.36.88 - - [20/Dec/2018:15:01:38 -0700] "POST /WebTeam/Default.aspx HTTP/1.1" 200 10448 "https://lsmonitor.byu.edu/WebTeam/Default.aspx" "Mozilla/5.0 (Windows NT 10.0; Win64; x64) AppleWebKit/537.36 (KHTML, like Gecko) Chrome/69.0.3497.100 Safari/537.36"
10.35.36.74 - - [20/Dec/2018:15:01:29 -0700] "POST /Private/Ticketing/comet.axd/connect HTTP/1.1" 200 511 "https://scinet.byu.edu/Private/Ticketing/Default.aspx" "Mozilla/5.0 (Macintosh; Intel Mac OS X 10_13_6) AppleWebKit/537.36 (KHTML, like Gecko) Chrome/71.0.3578.98 Safari/537.36"
10.35.36.99 - - [20/Dec/2018:15:01:29 -0700] "POST /Private/Ticketing/comet.axd/connect HTTP/1.1" 200 509 "https://scinet.byu.edu/Private/Ticketing/Default.aspx" "Mozilla/5.0 (Windows NT 10.0; Win64; x64) AppleWebKit/537.36 (KHTML, like Gecko) Chrome/71.0.3578.98 Safari/537.36"
10.35.36.74 - - [20/Dec/2018:15:01:29 -0700] "POST /Private/Ticketing/comet.axd/connect HTTP/1.1" 200 510 "https://scinet.byu.edu/Private/Ticketing/Default.aspx" "Mozilla/5.0 (Macintosh; Intel Mac OS X 10_13_6) AppleWebKit/537.36 (KHTML, like Gecko) Chrome/70.0.3538.102 Safari/537.36"
157.55.39.187 - - [20/Dec/2018:15:01:40 -0700] "GET /Programs/GraduateProgram/FrequentlyAskedQuestions HTTP/1.1" 200 13363 "-" "Mozilla/5.0 (compatible; bingbot/2.0; +http://www.bing.com/bingbot.htm)"
10.35.36.88 - - [20/Dec/2018:15:01:42 -0700] "POST /WebTeam/Default.aspx HTTP/1.1" 200 18688 "https://lsmonitor.byu.edu/WebTeam/Default.aspx" "Mozilla/5.0 (Windows NT 10.0; Win64; x64) AppleWebKit/537.36 (KHTML, like Gecko) Chrome/69.0.3497.100 Safari/537.36"
10.4.76.82 - - [20/Dec/2018:15:01:43 -0700] "GET /Portals/13/Storyline/Kiosks/Insect%20Kiosk/html5/data/js/67n3w8PCYeN.js HTTP/1.1" 200 8540 "https://mlbean.byu.edu/Portals/13/Storyline/Kiosks/Insect%20Kiosk/story_html5.html" "Mozilla/5.0 (Macintosh; Intel Mac OS X 10_11_3) AppleWebKit/601.4.4 (KHTML, like Gecko) Version/9.0.3 Safari/601.4.4"
10.35.36.2 - - [20/Dec/2018:15:01:33 -0700] "POST /Private/Ticketing/comet.axd/connect HTTP/1.1" 200 510 "https://scinet.byu.edu/Private/Ticketing/Default.aspx" "Mozilla/5.0 (Macintosh; Intel Mac OS X 10_14_2) AppleWebKit/537.36 (KHTML, like Gecko) Chrome/70.0.3538.102 Safari/537.36"
64.140.170.26 - - [20/Dec/2018:15:01:44 -0700] "GET / HTTP/1.1" 200 10877 "-" "Mozilla/5.0 (Windows NT 10.0; Win64; x64) AppleWebKit/537.36 (KHTML, like Gecko) Chrome/65.0.3325.146 Safari/537.36"
10.4.76.82 - - [20/Dec/2018:15:01:44 -0700] "GET /Portals/13/Storyline/Kiosks/Insect%20Kiosk/mobile/5jFV7ZMW6fZ_80_DX850_DY850_CX637_CY358.png HTTP/1.1" 200 138367 "https://mlbean.byu.edu/Portals/13/Storyline/Kiosks/Insect%20Kiosk/story_html5.html" "Mozilla/5.0 (Macintosh; Intel Mac OS X 10_11_3) AppleWebKit/601.4.4 (KHTML, like Gecko) Version/9.0.3 Safari/601.4.4"
10.4.76.82 - - [20/Dec/2018:15:01:44 -0700] "GET /Portals/13/Storyline/Kiosks/Insect%20Kiosk/mobile/6pHL3OGvOr1_80_DX718_DY718_CX537_CY403.png HTTP/1.1" 200 67107 "https://mlbean.byu.edu/Portals/13/Storyline/Kiosks/Insect%20Kiosk/story_html5.html" "Mozilla/5.0 (Macintosh; Intel Mac OS X 10_11_3) AppleWebKit/601.4.4 (KHTML, like Gecko) Version/9.0.3 Safari/601.4.4"
10.4.76.82 - - [20/Dec/2018:15:01:44 -0700] "GET /Portals/13/Storyline/Kiosks/Insect%20Kiosk/mobile/5X8slK6ViIS_80_DX1030_DY1030_CX772_CY657.png HTTP/1.1" 200 234955 "https://mlbean.byu.edu/Portals/13/Storyline/Kiosks/Insect%20Kiosk/story_html5.html" "Mozilla/5.0 (Macintosh; Intel Mac OS X 10_11_3) AppleWebKit/601.4.4 (KHTML, like Gecko) Version/9.0.3 Safari/601.4.4"
10.4.76.82 - - [20/Dec/2018:15:01:44 -0700] "GET /Portals/13/Storyline/Kiosks/Insect%20Kiosk/mobile/6rocY4pRjND_80_DX1246_DY1246_CX934_CY506.png HTTP/1.1" 200 80909 "https://mlbean.byu.edu/Portals/13/Storyline/Kiosks/Insect%20Kiosk/story_html5.html" "Mozilla/5.0 (Macintosh; Intel Mac OS X 10_11_3) AppleWebKit/601.4.4 (KHTML, like Gecko) Version/9.0.3 Safari/601.4.4"
10.4.76.82 - - [20/Dec/2018:15:01:44 -0700] "GET /Portals/13/Storyline/Kiosks/Insect%20Kiosk/mobile/6kxoPIOl0ma_80_DX848_DY848_CX456_CY636.png HTTP/1.1" 200 185630 "https://mlbean.byu.edu/Portals/13/Storyline/Kiosks/Insect%20Kiosk/story_html5.html" "Mozilla/5.0 (Macintosh; Intel Mac OS X 10_11_3) AppleWebKit/601.4.4 (KHTML, like Gecko) Version/9.0.3 Safari/601.4.4"
10.4.76.82 - - [20/Dec/2018:15:01:44 -0700] "GET /Portals/13/Storyline/Kiosks/Insect%20Kiosk/mobile/5wyd87t4lIo_80_DX820_DY820_CX615_CY410.png HTTP/1.1" 200 142853 "https://mlbean.byu.edu/Portals/13/Storyline/Kiosks/Insect%20Kiosk/story_html5.html" "Mozilla/5.0 (Macintosh; Intel Mac OS X 10_11_3) AppleWebKit/601.4.4 (KHTML, like Gecko) Version/9.0.3 Safari/601.4.4"
64.140.170.26 - - [20/Dec/2018:15:01:44 -0700] "GET /About HTTP/1.1" 200 12457 "-" "Mozilla/5.0 (Windows NT 6.1; Win64; x64) AppleWebKit/537.36 (KHTML, like Gecko) Chrome/65.0.3325.162 Safari/537.36"
10.4.76.82 - - [20/Dec/2018:15:01:44 -0700] "GET /Portals/13/Storyline/Kiosks/Insect%20Kiosk/mobile/6dEgLpNJaS4_80_DX602_DY602_CX451_CY409.png HTTP/1.1" 200 143973 "https://mlbean.byu.edu/Portals/13/Storyline/Kiosks/Insect%20Kiosk/story_html5.html" "Mozilla/5.0 (Macintosh; Intel Mac OS X 10_11_3) AppleWebKit/601.4.4 (KHTML, like Gecko) Version/9.0.3 Safari/601.4.4"
10.4.76.82 - - [20/Dec/2018:15:01:44 -0700] "GET /Portals/13/Storyline/Kiosks/Insect%20Kiosk/mobile/6q7MsiSTdJA_80_DX1366_DY1366_CX1023_CY736.png HTTP/1.1" 200 258410 "https://mlbean.byu.edu/Portals/13/Storyline/Kiosks/Insect%20Kiosk/story_html5.html" "Mozilla/5.0 (Macintosh; Intel Mac OS X 10_11_3) AppleWebKit/601.4.4 (KHTML, like Gecko) Version/9.0.3 Safari/601.4.4"
10.4.76.82 - - [20/Dec/2018:15:01:44 -0700] "GET /Portals/13/Storyline/Kiosks/Insect%20Kiosk/mobile/6JGagaO6EG9_80_DX1712_DY1712_CX1024_CY819.png HTTP/1.1" 200 83969 "https://mlbean.byu.edu/Portals/13/Storyline/Kiosks/Insect%20Kiosk/story_html5.html" "Mozilla/5.0 (Macintosh; Intel Mac OS X 10_11_3) AppleWebKit/601.4.4 (KHTML, like Gecko) Version/9.0.3 Safari/601.4.4"
64.140.170.26 - - [20/Dec/2018:15:01:44 -0700] "GET /Alumni-and-Careers HTTP/1.1" 200 18122 "-" "Mozilla/5.0 (X11; Ubuntu; Linux x86_64; rv:58.0) Gecko/20100101 Firefox/58.0"
10.35.36.98 - - [20/Dec/2018:15:01:34 -0700] "POST /Private/Ticketing/comet.axd/connect HTTP/1.1" 200 510 "https://scinet.byu.edu/Private/Ticketing/Default.aspx" "Mozilla/5.0 (Windows NT 10.0; Win64; x64) AppleWebKit/537.36 (KHTML, like Gecko) Chrome/70.0.3538.102 Safari/537.36"
10.35.36.59 - - [20/Dec/2018:15:01:34 -0700] "POST /Private/Ticketing/comet.axd/connect HTTP/1.1" 200 509 "https://scinet.byu.edu/Private/Ticketing/Default.aspx" "Mozilla/5.0 (Windows NT 10.0; Win64; x64) AppleWebKit/537.36 (KHTML, like Gecko) Chrome/71.0.3578.98 Safari/537.36"
64.140.170.26 - - [20/Dec/2018:15:01:45 -0700] "GET /About/CEPH-Accreditation HTTP/1.1" 200 9478 "-" "Mozilla/5.0 (X11; Linux x86_64) AppleWebKit/537.36 (KHTML, like Gecko) Chrome/65.0.3325.162 Safari/537.36"
64.140.170.26 - - [20/Dec/2018:15:01:45 -0700] "GET /Programs HTTP/1.1" 200 13234 "-" "Mozilla/5.0 (Windows NT 10.0; WOW64; rv:59.0) Gecko/20100101 Firefox/59.0"
64.140.170.26 - - [20/Dec/2018:15:01:46 -0700] "GET /Undergrad-Internships/Past-Internships HTTP/1.1" 301 662 "-" "Mozilla/5.0 (Windows NT 10.0; WOW64; rv:59.0) Gecko/20100101 Firefox/59.0"
10.35.33.98 - - [20/Dec/2018:15:01:46 -0700] "GET / HTTP/1.1" 200 841 "http://lsmaps-new.byu.edu/" "Mozilla/5.0 (Windows NT 10.0; Win64; x64) AppleWebKit/537.36 (KHTML, like Gecko) Chrome/69.0.3497.100 Safari/537.36"
64.140.170.26 - - [20/Dec/2018:15:01:46 -0700] "GET /Students/Internships/InternshipRecommendations HTTP/1.1" 200 12491 "-" "Mozilla/5.0 (Windows NT 10.0; WOW64; rv:59.0) Gecko/20100101 Firefox/59.0"
10.25.100.22 - - [20/Dec/2018:15:01:26 -0700] "GET /mjpg/LSB HTTP/1.1" 200 68987041 "-" "Mozilla/5.0 (Windows NT 10.0; Win64; x64) AppleWebKit/537.36 (KHTML, like Gecko) Chrome/71.0.3578.98 Safari/537.36"
10.35.33.98 - - [20/Dec/2018:15:01:46 -0700] "GET /api/settings/ HTTP/1.1" 200 399 "http://lsmaps-new.byu.edu/" "Mozilla/5.0 (Windows NT 10.0; Win64; x64) AppleWebKit/537.36 (KHTML, like Gecko) Chrome/69.0.3497.100 Safari/537.36"
64.140.170.26 - - [20/Dec/2018:15:01:47 -0700] "GET /Undergrad-Internships HTTP/1.1" 200 23692 "-" "Mozilla/5.0 (Macintosh; Intel Mac OS X 10_13_3) AppleWebKit/537.36 (KHTML, like Gecko) Chrome/65.0.3325.146 Safari/537.36"
64.140.170.26 - - [20/Dec/2018:15:01:48 -0700] "GET /Scholarships HTTP/1.1" 200 9438 "-" "Mozilla/5.0 (Macintosh; U; Intel Mac OS X 10.9; rv:59.0) Gecko/20100101 Firefox/59.0"
10.35.36.82 - - [20/Dec/2018:15:01:37 -0700] "POST /Private/Ticketing/comet.axd/connect HTTP/1.1" 200 510 "https://scinet.byu.edu/Private/Ticketing/Default.aspx" "Mozilla/5.0 (Macintosh; Intel Mac OS X 10_13_6) AppleWebKit/537.36 (KHTML, like Gecko) Chrome/70.0.3538.110 Safari/537.36"
10.35.36.89 - - [20/Dec/2018:15:01:47 -0700] "POST /Engineering/Default.aspx HTTP/1.1" 200 16525 "https://lsmonitor.byu.edu/Engineering/Default.aspx" "Mozilla/5.0 (Windows NT 10.0; Win64; x64) AppleWebKit/537.36 (KHTML, like Gecko) Chrome/70.0.3538.110 Safari/537.36"
64.140.170.26 - - [20/Dec/2018:15:01:48 -0700] "GET /Programs/Health-Promotion-Emphasis HTTP/1.1" 200 10702 "-" "Mozilla/5.0 (X11; Fedora; Linux x86_64; rv:59.0) Gecko/20100101 Firefox/59.0"
64.140.170.26 - - [20/Dec/2018:15:01:48 -0700] "GET /Programs/Health-Science-Emphasis HTTP/1.1" 200 10566 "-" "Mozilla/5.0 (Windows NT 6.2; rv:59.0) Gecko/20100101 Firefox/59.0"
64.140.170.26 - - [20/Dec/2018:15:01:48 -0700] "GET /Login?returnurl=%2f HTTP/1.1" 302 1263 "-" "Mozilla/5.0 (Windows NT 6.1; Win64; x64; rv:58.0) Gecko/20100101 Firefox/58.0"
10.35.36.74 - - [20/Dec/2018:15:01:38 -0700] "POST /Private/Ticketing/comet.axd/connect HTTP/1.1" 200 509 "https://scinet.byu.edu/Private/Ticketing/Default.aspx" "Mozilla/5.0 (Macintosh; Intel Mac OS X 10_13_6) AppleWebKit/537.36 (KHTML, like Gecko) Chrome/70.0.3538.102 Safari/537.36"
10.35.36.46 - - [20/Dec/2018:15:01:38 -0700] "POST /Private/Ticketing/comet.axd/connect HTTP/1.1" 200 507 "https://scinet.byu.edu/Private/Ticketing/Default.aspx" "Mozilla/5.0 (Windows NT 10.0; Win64; x64) AppleWebKit/537.36 (KHTML, like Gecko) Chrome/71.0.3578.98 Safari/537.36"
10.35.36.89 - - [20/Dec/2018:15:01:48 -0700] "POST /Engineering/Default.aspx HTTP/1.1" 200 8409 "https://lsmonitor.byu.edu/Engineering/Default.aspx" "Mozilla/5.0 (Windows NT 10.0; Win64; x64) AppleWebKit/537.36 (KHTML, like Gecko) Chrome/70.0.3538.110 Safari/537.36"
10.35.36.99 - - [20/Dec/2018:15:01:40 -0700] "POST /Private/Ticketing/comet.axd/connect HTTP/1.1" 200 509 "https://scinet.byu.edu/Private/Ticketing/Default.aspx" "Mozilla/5.0 (Windows NT 10.0; Win64; x64) AppleWebKit/537.36 (KHTML, like Gecko) Chrome/71.0.3578.98 Safari/537.36"
10.35.36.74 - - [20/Dec/2018:15:01:39 -0700] "POST /Private/Ticketing/comet.axd/connect HTTP/1.1" 200 511 "https://scinet.byu.edu/Private/Ticketing/Default.aspx" "Mozilla/5.0 (Macintosh; Intel Mac OS X 10_13_6) AppleWebKit/537.36 (KHTML, like Gecko) Chrome/71.0.3578.98 Safari/537.36"
10.35.36.74 - - [20/Dec/2018:15:01:39 -0700] "POST /Private/Ticketing/comet.axd/connect HTTP/1.1" 200 510 "https://scinet.byu.edu/Private/Ticketing/Default.aspx" "Mozilla/5.0 (Macintosh; Intel Mac OS X 10_13_6) AppleWebKit/537.36 (KHTML, like Gecko) Chrome/70.0.3538.102 Safari/537.36"
10.4.76.82 - - [20/Dec/2018:15:01:50 -0700] "GET /Portals/13/Storyline/Kiosks/Insect%20Kiosk/mobile/6dmSyhPEndO_80_DX542_DY542_CX364_CY404.png HTTP/1.1" 200 80493 "https://mlbean.byu.edu/Portals/13/Storyline/Kiosks/Insect%20Kiosk/story_html5.html" "Mozilla/5.0 (Macintosh; Intel Mac OS X 10_11_3) AppleWebKit/601.4.4 (KHTML, like Gecko) Version/9.0.3 Safari/601.4.4"
::1 - - [20/Dec/2018:15:01:50 -0700] "OPTIONS * HTTP/1.0" 200 126 "-" "Apache/2.4.25 (Debian) OpenSSL/1.0.2q (internal dummy connection)"
10.35.36.19 - - [20/Dec/2018:15:01:49 -0700] "POST /ServiceDesk/Default.aspx HTTP/1.1" 200 12574 "https://lsmonitor.byu.edu/ServiceDesk/Default.aspx" "Mozilla/5.0 (Windows NT 10.0; Win64; x64) AppleWebKit/537.36 (KHTML, like Gecko) Chrome/70.0.3538.110 Safari/537.36"
::1 - - [20/Dec/2018:15:01:51 -0700] "OPTIONS * HTTP/1.0" 200 126 "-" "Apache/2.4.25 (Debian) OpenSSL/1.0.2q (internal dummy connection)"
66.249.84.132 - - [20/Dec/2018:15:01:52 -0700] "GET /portals/50/images/MedallionSM1.jpg HTTP/1.1" 200 115449 "-" "Mozilla/5.0 (Windows NT 5.1; rv:11.0) Gecko Firefox/11.0 (via ggpht.com GoogleImageProxy)"
64.140.170.26 - - [20/Dec/2018:15:01:49 -0700] "GET /Faculty-and-Staff HTTP/1.1" 200 21505 "-" "Mozilla/5.0 (Windows NT 10.0; Win64; x64; rv:59.0) Gecko/20100101 Firefox/59.0"
10.35.36.228 - - [20/Dec/2018:15:01:38 -0700] "GET /mjpg/LSB HTTP/1.1" 200 51778958 "http://lszabbix.byu.edu/slides.php?elementid=2&fullscreen=0" "Mozilla/5.0 (X11; Linux x86_64) AppleWebKit/537.36 (KHTML, like Gecko) Ubuntu Chromium/71.0.3578.80 Chrome/71.0.3578.80 Safari/537.36"
10.4.76.82 - - [20/Dec/2018:15:01:53 -0700] "GET /Portals/13/Storyline/Kiosks/Insect%20Kiosk/story_content/5mGCQ8mHdwA_6dJoJQDqS0R.png HTTP/1.1" 200 7562 "https://mlbean.byu.edu/Portals/13/Storyline/Kiosks/Insect%20Kiosk/story_html5.html" "Mozilla/5.0 (Macintosh; Intel Mac OS X 10_11_3) AppleWebKit/601.4.4 (KHTML, like Gecko) Version/9.0.3 Safari/601.4.4"
64.140.170.26 - - [20/Dec/2018:15:01:53 -0700] "GET /Programs/Epidemiology-Emphasis HTTP/1.1" 200 10555 "-" "Mozilla/5.0 (Macintosh; U; Intel Mac OS X 10.13; rv:59.0) Gecko/20100101 Firefox/59.0"
64.140.170.26 - - [20/Dec/2018:15:01:53 -0700] "GET /Programs/Environmental-and-Occupational-Health-Emphasis HTTP/1.1" 200 10580 "-" "Mozilla/5.0 (Macintosh; U; Intel Mac OS X 10.9; rv:59.0) Gecko/20100101 Firefox/59.0"
64.140.170.26 - - [20/Dec/2018:15:01:54 -0700] "GET /Login?returnurl=%2fAbout HTTP/1.1" 302 1263 "-" "Mozilla/5.0 (Macintosh; Intel Mac OS X 10_13_4) AppleWebKit/537.36 (KHTML, like Gecko) Chrome/65.0.3325.124 Safari/537.36"
::1 - - [20/Dec/2018:15:01:54 -0700] "OPTIONS * HTTP/1.0" 200 126 "-" "Apache/2.4.25 (Debian) OpenSSL/1.0.2q (internal dummy connection)"
64.140.170.26 - - [20/Dec/2018:15:01:54 -0700] "GET /About/What-is-Public-Health HTTP/1.1" 200 10218 "-" "Mozilla/5.0 (X11; Ubuntu; Linux x86_64; rv:58.0) Gecko/20100101 Firefox/58.0"
10.35.36.88 - - [20/Dec/2018:15:01:53 -0700] "POST /WebTeam/Default.aspx HTTP/1.1" 200 10647 "https://lsmonitor.byu.edu/WebTeam/Default.aspx" "Mozilla/5.0 (Windows NT 10.0; Win64; x64) AppleWebKit/537.36 (KHTML, like Gecko) Chrome/69.0.3497.100 Safari/537.36"
64.140.170.26 - - [20/Dec/2018:15:01:54 -0700] "GET /About/Advisement HTTP/1.1" 200 9856 "-" "Mozilla/5.0 (Macintosh; Intel Mac OS X 10.6; rv:9.0) Gecko/20100101 Firefox/58.0"
64.140.170.26 - - [20/Dec/2018:15:01:54 -0700] "GET /About/Department-News HTTP/1.1" 200 11976 "-" "Mozilla/5.0 (Windows NT 10.0; Win64; x64) AppleWebKit/537.36 (KHTML, like Gecko) Chrome/65.0.3325.162 Safari/537.36"
10.35.36.59 - - [20/Dec/2018:15:01:45 -0700] "POST /Private/Ticketing/comet.axd/connect HTTP/1.1" 200 509 "https://scinet.byu.edu/Private/Ticketing/Default.aspx" "Mozilla/5.0 (Windows NT 10.0; Win64; x64) AppleWebKit/537.36 (KHTML, like Gecko) Chrome/71.0.3578.98 Safari/537.36"
