10.35.36.98 - - [20/Dec/2018:15:01:45 -0700] "POST /Private/Ticketing/comet.axd/connect HTTP/1.1" 200 510 "https://scinet.byu.edu/Private/Ticketing/Default.aspx" "Mozilla/5.0 (Windows NT 10.0; Win64; x64) AppleWebKit/537.36 (KHTML, like Gecko) Chrome/70.0.3538.102 Safari/537.36"
10.35.36.2 - - [20/Dec/2018:15:01:44 -0700] "POST /Private/Ticketing/comet.axd/connect HTTP/1.1" 200 510 "https://scinet.byu.edu/Private/Ticketing/Default.aspx" "Mozilla/5.0 (Macintosh; Intel Mac OS X 10_14_2) AppleWebKit/537.36 (KHTML, like Gecko) Chrome/70.0.3538.102 Safari/537.36"
64.140.170.26 - - [20/Dec/2018:15:01:54 -0700] "GET /About/Weekly-Newsletter HTTP/1.1" 200 10187 "-" "Mozilla/5.0 (Windows NT 6.1; Win64; x64) AppleWebKit/537.36 (KHTML, like Gecko) Chrome/65.0.3325.162 Safari/537.36"
46.229.168.135 - - [20/Dec/2018:15:01:55 -0700] "GET /Why-Science HTTP/1.1" 200 15306 "-" "Mozilla/5.0 (compatible; SemrushBot/3~bl; +http://www.semrush.com/bot.html)"
64.140.170.26 - - [20/Dec/2018:15:01:55 -0700] "GET /About/BPHA-Student-Leadership-Club HTTP/1.1" 302 842 "-" "Mozilla/5.0 (Windows NT 6.1; Win64; x64) AppleWebKit/537.36 (KHTML, like Gecko) Chrome/65.0.3325.162 Safari/537.36"
64.140.170.26 - - [20/Dec/2018:15:01:55 -0700] "GET /Login?returnurl=%2fAbout%2fBPHA-Student-Leadership-Club HTTP/1.1" 302 1263 "-" "Mozilla/5.0 (Windows NT 6.1; Win64; x64) AppleWebKit/537.36 (KHTML, like Gecko) Chrome/65.0.3325.162 Safari/537.36"
167.114.103.130 - - [20/Dec/2018:15:01:55 -0700] "GET / HTTP/1.1" 200 6050 "-" "8LEGS"
64.140.170.26 - - [20/Dec/2018:15:01:55 -0700] "GET /Login?returnurl=%2fAlumni-and-Careers HTTP/1.1" 302 1263 "-" "Mozilla/5.0 (Macintosh; Intel Mac OS X 10_13_3) AppleWebKit/537.36 (KHTML, like Gecko) Chrome/65.0.3325.146 Safari/537.36"
::1 - - [20/Dec/2018:15:01:56 -0700] "OPTIONS * HTTP/1.0" 200 126 "-" "Apache/2.4.25 (Debian) OpenSSL/1.0.2q (internal dummy connection)"
64.140.170.26 - - [20/Dec/2018:15:01:56 -0700] "GET /Internships/Past-Internships HTTP/1.1" 301 662 "-" "Mozilla/5.0 (Macintosh; Intel Mac OS X 10_12_6) AppleWebKit/537.36 (KHTML, like Gecko) Chrome/65.0.3325.162 Safari/537.36"
64.140.170.26 - - [20/Dec/2018:15:01:56 -0700] "GET /Students/Internships/InternshipRecommendations HTTP/1.1" 200 12496 "-" "Mozilla/5.0 (Macintosh; Intel Mac OS X 10_12_6) AppleWebKit/537.36 (KHTML, like Gecko) Chrome/65.0.3325.162 Safari/537.36"
64.140.170.26 - - [20/Dec/2018:15:01:56 -0700] "GET /Login?returnurl=%2fAbout%2fCEPH-Accreditation HTTP/1.1" 302 1263 "-" "Mozilla/5.0 (X11; FreeBSD amd64; rv:40.0) Gecko/20100101 Firefox/59.0"
64.140.170.26 - - [20/Dec/2018:15:01:56 -0700] "GET /Login?returnurl=%2fPrograms HTTP/1.1" 302 1263 "-" "Mozilla/5.0 (Windows NT 10.0; Win64; x64) AppleWebKit/537.36 (KHTML, like Gecko) Chrome/65.0.3325.162 Safari/537.36"
::1 - - [20/Dec/2018:15:01:57 -0700] "OPTIONS * HTTP/1.0" 200 126 "-" "Apache/2.4.25 (Debian) OpenSSL/1.0.2q (internal dummy connection)"
64.140.170.26 - - [20/Dec/2018:15:01:57 -0700] "GET /Programs/Gerontology-Minor HTTP/1.1" 200 10105 "-" "Mozilla/5.0 (Macintosh; U; Intel Mac OS X 10.9; rv:59.0) Gecko/20100101 Firefox/59.0"
45.56.52.174 - - [20/Dec/2018:15:01:57 -0700] "GET /Private/Dashboard/Default.aspx HTTP/1.1" 302 3896 "-" "Mozilla/5.0 (Macintosh; Intel Mac OS X 10_14_2) AppleWebKit/537.36 (KHTML, like Gecko) Chrome/71.0.3578.98 Safari/537.36"
64.140.170.26 - - [20/Dec/2018:15:01:57 -0700] "GET /Programs/Health-Education-Minor HTTP/1.1" 200 10475 "-" "Mozilla/5.0 (X11; Ubuntu; Linux x86_64; rv:58.0) Gecko/20100101 Firefox/58.0"
45.56.52.174 - - [20/Dec/2018:15:01:57 -0700] "GET /login.aspx?ReturnUrl=%2fPrivate%2fDashboard%2fDefault.aspx HTTP/1.1" 200 12233 "-" "Mozilla/5.0 (Macintosh; Intel Mac OS X 10_14_2) AppleWebKit/537.36 (KHTML, like Gecko) Chrome/71.0.3578.98 Safari/537.36"
64.140.170.26 - - [20/Dec/2018:15:01:57 -0700] "GET /Programs/Student-Projects HTTP/1.1" 200 10623 "-" "Mozilla/5.0 (Windows NT 6.1; WOW64) AppleWebKit/537.36 (KHTML, like Gecko) Chrome/65.0.3325.146 Safari/537.36"
64.140.170.26 - - [20/Dec/2018:15:01:58 -0700] "GET /Login?returnurl=%2fUndergrad-Internships HTTP/1.1" 302 1263 "-" "Mozilla/5.0 (Macintosh; Intel Mac OS X 10.13; rv:58.0) Gecko/20100101 Firefox/58.0"
64.140.170.26 - - [20/Dec/2018:15:01:58 -0700] "GET /Undergrad-Internships/Internships-Manual HTTP/1.1" 200 10232 "-" "Mozilla/5.0 (X11; FreeBSD amd64; rv:40.0) Gecko/20100101 Firefox/59.0"
64.140.170.26 - - [20/Dec/2018:15:01:58 -0700] "GET /Undergrad-Internships/Global-Health-Internship-Program HTTP/1.1" 200 9573 "-" "Mozilla/5.0 (Windows NT 6.1; WOW64) AppleWebKit/537.36 (KHTML, like Gecko) Chrome/65.0.3325.146 Safari/537.36"
64.140.170.26 - - [20/Dec/2018:15:01:59 -0700] "GET /LinkClick.aspx?fileticket=Y-w1ym8GH-M%3d&portalid=2 HTTP/1.1" 200 180990 "-" "Mozilla/5.0 (Windows NT 10.0; WOW64; rv:58.0) Gecko/20100101 Firefox/58.0"
64.140.170.26 - - [20/Dec/2018:15:01:59 -0700] "GET /Login?returnurl=%2fScholarships HTTP/1.1" 302 1263 "-" "Mozilla/5.0 (Windows NT 6.1; WOW64) AppleWebKit/537.36 (KHTML, like Gecko) Chrome/65.0.3325.146 Safari/537.36"
10.35.36.82 - - [20/Dec/2018:15:01:48 -0700] "POST /Private/Ticketing/comet.axd/connect HTTP/1.1" 200 510 "https://scinet.byu.edu/Private/Ticketing/Default.aspx" "Mozilla/5.0 (Macintosh; Intel Mac OS X 10_13_6) AppleWebKit/537.36 (KHTML, like Gecko) Chrome/70.0.3538.110 Safari/537.36"
64.140.170.26 - - [20/Dec/2018:15:01:59 -0700] "GET /Login?returnurl=%2fPrograms%2fHealth-Promotion-Emphasis HTTP/1.1" 302 1263 "-" "Mozilla/5.0 (Macintosh; Intel Mac OS X 10.6; rv:9.0) Gecko/20100101 Firefox/58.0"
64.140.170.26 - - [20/Dec/2018:15:01:59 -0700] "GET /Login?returnurl=%2fPrograms%2fHealth-Science-Emphasis HTTP/1.1" 302 1263 "-" "Mozilla/5.0 (Windows NT 10.0; Win64; x64) AppleWebKit/537.36 (KHTML, like Gecko) Chrome/65.0.3325.162 Safari/537.36"
64.140.170.26 - - [20/Dec/2018:15:02:00 -0700] "GET /Login?returnurl=%2fFaculty-and-Staff HTTP/1.1" 302 1263 "-" "Mozilla/5.0 (Macintosh; U; Intel Mac OS X 10.13; rv:59.0) Gecko/20100101 Firefox/59.0"
10.35.36.74 - - [20/Dec/2018:15:01:50 -0700] "POST /Private/Ticketing/comet.axd/connect HTTP/1.1" 200 511 "https://scinet.byu.edu/Private/Ticketing/Default.aspx" "Mozilla/5.0 (Macintosh; Intel Mac OS X 10_13_6) AppleWebKit/537.36 (KHTML, like Gecko) Chrome/71.0.3578.98 Safari/537.36"
10.35.36.46 - - [20/Dec/2018:15:01:49 -0700] "POST /Private/Ticketing/comet.axd/connect HTTP/1.1" 200 507 "https://scinet.byu.edu/Private/Ticketing/Default.aspx" "Mozilla/5.0 (Windows NT 10.0; Win64; x64) AppleWebKit/537.36 (KHTML, like Gecko) Chrome/71.0.3578.98 Safari/537.36"
10.35.36.74 - - [20/Dec/2018:15:01:49 -0700] "POST /Private/Ticketing/comet.axd/connect HTTP/1.1" 200 509 "https://scinet.byu.edu/Private/Ticketing/Default.aspx" "Mozilla/5.0 (Macintosh; Intel Mac OS X 10_13_6) AppleWebKit/537.36 (KHTML, like Gecko) Chrome/70.0.3538.102 Safari/537.36"
10.35.36.74 - - [20/Dec/2018:15:01:50 -0700] "POST /Private/Ticketing/comet.axd/connect HTTP/1.1" 200 510 "https://scinet.byu.edu/Private/Ticketing/Default.aspx" "Mozilla/5.0 (Macintosh; Intel Mac OS X 10_13_6) AppleWebKit/537.36 (KHTML, like Gecko) Chrome/70.0.3538.102 Safari/537.36"
64.140.170.26 - - [20/Dec/2018:15:02:00 -0700] "GET /Faculty-and-Staff/Retired-Faculty HTTP/1.1" 200 10307 "-" "Mozilla/5.0 (X11; Ubuntu; Linux x86_64; rv:58.0) Gecko/20100101 Firefox/58.0"
64.140.170.26 - - [20/Dec/2018:15:02:00 -0700] "GET /Login?returnurl=%2fPrograms%2fEpidemiology-Emphasis HTTP/1.1" 302 1263 "-" "Mozilla/5.0 (Windows NT 10.0; Win64; x64; rv:59.0) Gecko/20100101 Firefox/59.0"
::1 - - [20/Dec/2018:15:02:01 -0700] "OPTIONS * HTTP/1.0" 200 126 "-" "Apache/2.4.25 (Debian) OpenSSL/1.0.2q (internal dummy connection)"
10.35.36.99 - - [20/Dec/2018:15:01:51 -0700] "POST /Private/Ticketing/comet.axd/connect HTTP/1.1" 200 509 "https://scinet.byu.edu/Private/Ticketing/Default.aspx" "Mozilla/5.0 (Windows NT 10.0; Win64; x64) AppleWebKit/537.36 (KHTML, like Gecko) Chrome/71.0.3578.98 Safari/537.36"
64.140.170.26 - - [20/Dec/2018:15:02:01 -0700] "GET /Login?returnurl=%2fPrograms%2fEnvironmental-and-Occupational-Health-Emphasis HTTP/1.1" 302 1263 "-" "Mozilla/5.0 (Macintosh; Intel Mac OS X 10.6; rv:9.0) Gecko/20100101 Firefox/58.0"
64.140.170.26 - - [20/Dec/2018:15:02:01 -0700] "GET /Login?returnurl=%2fAbout%2fWhat-is-Public-Health HTTP/1.1" 302 1263 "-" "Mozilla/5.0 (Windows NT 6.1; Win64; x64; rv:58.0) Gecko/20100101 Firefox/58.0"
localhost - - [20/Dec/2018:15:02:01 -0700] "GET /server-status?auto HTTP/1.1" 200 1423 "-" "Python-urllib/2.7"
64.140.170.26 - - [20/Dec/2018:15:02:01 -0700] "GET /Login?returnurl=%2fAbout%2fAdvisement HTTP/1.1" 302 1263 "-" "Mozilla/5.0 (X11; Ubuntu; Linux i686; rv:59.0) Gecko/20100101 Firefox/59.0"
64.140.170.26 - - [20/Dec/2018:15:02:02 -0700] "GET /Login?returnurl=%2fAbout%2fDepartment-News HTTP/1.1" 302 1263 "-" "Mozilla/5.0 (Windows NT 10.0; WOW64; rv:58.0) Gecko/20100101 Firefox/58.0"
64.140.170.26 - - [20/Dec/2018:15:02:02 -0700] "GET /Login?returnurl=%2fAbout%2fWeekly-Newsletter HTTP/1.1" 302 1263 "-" "Mozilla/5.0 (Macintosh; U; Intel Mac OS X 10.9; rv:59.0) Gecko/20100101 Firefox/59.0"
64.140.170.26 - - [20/Dec/2018:15:02:02 -0700] "GET /Portals/2/docs/EmploymentNewsletter/19 December" 400 3097 "-" "-"
64.140.170.26 - - [20/Dec/2018:15:02:02 -0700] "GET /Portals/2/docs/EmploymentNewsletter/2018-11-14.docx HTTP/1.1" 200 1348313 "-" "Mozilla/5.0 (Macintosh; Intel Mac OS X 10_13_3) AppleWebKit/537.36 (KHTML, like Gecko) Chrome/65.0.3325.146 Safari/537.36"
64.140.170.26 - - [20/Dec/2018:15:02:03 -0700] "GET /Portals/2/docs/EmploymentNewsletter/7 November" 400 3097 "-" "-"
64.140.170.26 - - [20/Dec/2018:15:02:03 -0700] "GET /Portals/2/docs/EmploymentNewsletter/24 October" 400 3097 "-" "-"
64.140.170.26 - - [20/Dec/2018:15:02:03 -0700] "GET /Portals/2/docs/EmploymentNewsletter/17 October" 400 3097 "-" "-"
64.140.170.26 - - [20/Dec/2018:15:02:03 -0700] "GET /Portals/2/docs/EmploymentNewsletter/2018-10-10.docx HTTP/1.1" 200 4884778 "-" "Mozilla/5.0 (Macintosh; Intel Mac OS X 10.6; rv:25.0) Gecko/20100101 Firefox/59.0"
108.174.2.200 - - [20/Dec/2018:15:02:04 -0700] "GET /DesktopModules/Markit.SlideShow/ImageHandler.ashx?img=/Portals/26/SlideShow_Photos/6538/1.jpg&w=560&h=750&Q=0&PortalID=26 HTTP/1.1" 404 2229 "-" "LinkedInBot/1.0 (compatible; Mozilla/5.0; Jakarta Commons-HttpClient/4.3 +http://www.linkedin.com)"
64.140.170.26 - - [20/Dec/2018:15:02:04 -0700] "GET /About/Weekly-Newsletter/Newsletter-Archive HTTP/1.1" 200 9866 "-" "Mozilla/5.0 (X11; FreeBSD amd64; rv:40.0) Gecko/20100101 Firefox/59.0"
64.140.170.26 - - [20/Dec/2018:15:02:04 -0700] "GET /Login?returnurl=%2fPrograms%2fGerontology-Minor HTTP/1.1" 302 1263 "-" "Mozilla/5.0 (Macintosh; Intel Mac OS X 10_13_3) AppleWebKit/537.36 (KHTML, like Gecko) Chrome/65.0.3325.162 Safari/537.36"
64.140.170.26 - - [20/Dec/2018:15:02:04 -0700] "GET /Login?returnurl=%2fPrograms%2fHealth-Education-Minor HTTP/1.1" 302 1263 "-" "Mozilla/5.0 (Windows NT 6.1; WOW64) AppleWebKit/537.36 (KHTML, like Gecko) Chrome/65.0.3325.146 Safari/537.36"
64.140.170.26 - - [20/Dec/2018:15:02:05 -0700] "GET /Login?returnurl=%2fPrograms%2fStudent-Projects HTTP/1.1" 302 1263 "-" "Mozilla/5.0 (Macintosh; Intel Mac OS X 10_13_3) AppleWebKit/537.36 (KHTML, like Gecko) Chrome/65.0.3325.146 Safari/537.36"
10.35.36.98 - - [20/Dec/2018:15:01:55 -0700] "POST /Private/Ticketing/comet.axd/connect HTTP/1.1" 200 510 "https://scinet.byu.edu/Private/Ticketing/Default.aspx" "Mozilla/5.0 (Windows NT 10.0; Win64; x64) AppleWebKit/537.36 (KHTML, like Gecko) Chrome/70.0.3538.102 Safari/537.36"
10.35.36.59 - - [20/Dec/2018:15:01:55 -0700] "POST /Private/Ticketing/comet.axd/connect HTTP/1.1" 200 509 "https://scinet.byu.edu/Private/Ticketing/Default.aspx" "Mozilla/5.0 (Windows NT 10.0; Win64; x64) AppleWebKit/537.36 (KHTML, like Gecko) Chrome/71.0.3578.98 Safari/537.36"
10.35.36.2 - - [20/Dec/2018:15:01:55 -0700] "POST /Private/Ticketing/comet.axd/connect HTTP/1.1" 200 510 "https://scinet.byu.edu/Private/Ticketing/Default.aspx" "Mozilla/5.0 (Macintosh; Intel Mac OS X 10_14_2) AppleWebKit/537.36 (KHTML, like Gecko) Chrome/70.0.3538.102 Safari/537.36"
64.140.170.26 - - [20/Dec/2018:15:02:05 -0700] "GET /Login?returnurl=%2fUndergrad-Internships%2fInternships-Manual HTTP/1.1" 302 1263 "-" "Mozilla/5.0 (Macintosh; U; Intel Mac OS X 10.13; rv:59.0) Gecko/20100101 Firefox/59.0"
64.140.170.26 - - [20/Dec/2018:15:02:05 -0700] "GET /Login?returnurl=%2fUndergrad-Internships%2fGlobal-Health-Internship-Program HTTP/1.1" 302 1263 "-" "Mozilla/5.0 (Windows NT 6.1; Win64; x64) AppleWebKit/537.36 (KHTML, like Gecko) Chrome/65.0.3325.162 Safari/537.36"
10.35.36.89 - - [20/Dec/2018:15:02:04 -0700] "POST /Engineering/Default.aspx HTTP/1.1" 200 8560 "https://lsmonitor.byu.edu/Engineering/Default.aspx" "Mozilla/5.0 (Windows NT 10.0; Win64; x64) AppleWebKit/537.36 (KHTML, like Gecko) Chrome/70.0.3538.110 Safari/537.36"
66.219.235.76 - - [20/Dec/2018:15:02:02 -0700] "GET /Faculty-and-Staff HTTP/1.1" 200 25159 "https://www.google.com/" "Mozilla/5.0 (Windows NT 10.0; Win64; x64) AppleWebKit/537.36 (KHTML, like Gecko) Chrome/71.0.3578.98 Safari/537.36"
64.140.170.26 - - [20/Dec/2018:15:02:05 -0700] "GET /Login?returnurl=%2fFaculty-and-Staff%2fRetired-Faculty HTTP/1.1" 302 1263 "-" "Mozilla/5.0 (Macintosh; Intel Mac OS X 10_13_3) AppleWebKit/537.36 (KHTML, like Gecko) Chrome/65.0.3325.146 Safari/537.36"
66.219.235.76 - - [20/Dec/2018:15:02:06 -0700] "GET /Resources/Search/SearchSkinObjectPreview.css?cdv=168 HTTP/1.1" 200 1371 "https://ph.byu.edu/Faculty-and-Staff" "Mozilla/5.0 (Windows NT 10.0; Win64; x64) AppleWebKit/537.36 (KHTML, like Gecko) Chrome/71.0.3578.98 Safari/537.36"
66.219.235.76 - - [20/Dec/2018:15:02:06 -0700] "GET /DesktopModules/LSFacultyProfiles/Web/module.css?cdv=168 HTTP/1.1" 200 5171 "https://ph.byu.edu/Faculty-and-Staff" "Mozilla/5.0 (Windows NT 10.0; Win64; x64) AppleWebKit/537.36 (KHTML, like Gecko) Chrome/71.0.3578.98 Safari/537.36"
66.219.235.76 - - [20/Dec/2018:15:02:06 -0700] "GET /Portals/_default/skins/byu/skin.css?cdv=168 HTTP/1.1" 200 7017 "https://ph.byu.edu/Faculty-and-Staff" "Mozilla/5.0 (Windows NT 10.0; Win64; x64) AppleWebKit/537.36 (KHTML, like Gecko) Chrome/71.0.3578.98 Safari/537.36"
66.219.235.76 - - [20/Dec/2018:15:02:06 -0700] "GET /Portals/_default/containers/byu/container.css?cdv=168 HTTP/1.1" 200 1139 "https://ph.byu.edu/Faculty-and-Staff" "Mozilla/5.0 (Windows NT 10.0; Win64; x64) AppleWebKit/537.36 (KHTML, like Gecko) Chrome/71.0.3578.98 Safari/537.36"
66.219.235.76 - - [20/Dec/2018:15:02:05 -0700] "GET /Resources/Shared/stylesheets/dnndefault/7.0.0/default.css?cdv=168 HTTP/1.1" 200 17402 "https://ph.byu.edu/Faculty-and-Staff" "Mozilla/5.0 (Windows NT 10.0; Win64; x64) AppleWebKit/537.36 (KHTML, like Gecko) Chrome/71.0.3578.98 Safari/537.36"
66.219.235.76 - - [20/Dec/2018:15:02:06 -0700] "GET /Resources/libraries/jQuery/01_09_01/jquery.js?cdv=168 HTTP/1.1" 200 82056 "https://ph.byu.edu/Faculty-and-Staff" "Mozilla/5.0 (Windows NT 10.0; Win64; x64) AppleWebKit/537.36 (KHTML, like Gecko) Chrome/71.0.3578.98 Safari/537.36"
66.219.235.76 - - [20/Dec/2018:15:02:06 -0700] "GET /Resources/libraries/jQuery-UI/01_11_03/jquery-ui.js?cdv=168 HTTP/1.1" 200 117023 "https://ph.byu.edu/Faculty-and-Staff" "Mozilla/5.0 (Windows NT 10.0; Win64; x64) AppleWebKit/537.36 (KHTML, like Gecko) Chrome/71.0.3578.98 Safari/537.36"
66.219.235.76 - - [20/Dec/2018:15:02:06 -0700] "GET /ScriptResource.axd?d=NJmAwtEo3IoHS-H8znWz_5yoxkMkRTDSkJ-6l4r5g2reFCIuyU-fMXTQLLbGZM6sGvI0ejc-5lyLei2nqWD0JjslSFO4JaSW2sMzmGGOmhpCg-JXSxnIjZE1NgwTeJXOKCZo2g2&t=ffffffffcd368728 HTTP/1.1" 200 26157 "https://ph.byu.edu/Faculty-and-Staff" "Mozilla/5.0 (Windows NT 10.0; Win64; x64) AppleWebKit/537.36 (KHTML, like Gecko) Chrome/71.0.3578.98 Safari/537.36"
66.219.235.76 - - [20/Dec/2018:15:02:06 -0700] "GET /ScriptResource.axd?d=dwY9oWetJoINbCstkBCKmxF1lQDFVjAXu91tMvzlf6zytaPyJX9tcKiKfqN_VoZ99-JE8PIBQr1VXGMZphcugpXtQdCO3KJyQAITiy5b5LKsLHFZqeYh-D59Mt9miKenql1u4Ie-v7mUaoh40&t=ffffffffcd368728 HTTP/1.1" 200 10473 "https://ph.byu.edu/Faculty-and-Staff" "Mozilla/5.0 (Windows NT 10.0; Win64; x64) AppleWebKit/537.36 (KHTML, like Gecko) Chrome/71.0.3578.98 Safari/537.36"
66.219.235.76 - - [20/Dec/2018:15:02:06 -0700] "GET /js/dnn.js?cdv=168 HTTP/1.1" 200 6199 "https://ph.byu.edu/Faculty-and-Staff" "Mozilla/5.0 (Windows NT 10.0; Win64; x64) AppleWebKit/537.36 (KHTML, like Gecko) Chrome/71.0.3578.98 Safari/537.36"
66.219.235.76 - - [20/Dec/2018:15:02:06 -0700] "GET /WebResource.axd?d=pynGkmcFUV2j5zZYi9fO2p7ncCjJ9z10dkRdLutBHiVfZDDzZLkcOGpY52M1&t=636576814476690871 HTTP/1.1" 200 5139 "https://ph.byu.edu/Faculty-and-Staff" "Mozilla/5.0 (Windows NT 10.0; Win64; x64) AppleWebKit/537.36 (KHTML, like Gecko) Chrome/71.0.3578.98 Safari/537.36"
66.219.235.76 - - [20/Dec/2018:15:02:06 -0700] "GET /js/dnn.modalpopup.js?cdv=168 HTTP/1.1" 200 4078 "https://ph.byu.edu/Faculty-and-Staff" "Mozilla/5.0 (Windows NT 10.0; Win64; x64) AppleWebKit/537.36 (KHTML, like Gecko) Chrome/71.0.3578.98 Safari/537.36"
66.219.235.76 - - [20/Dec/2018:15:02:06 -0700] "GET /js/dnn.servicesframework.js?cdv=168 HTTP/1.1" 200 861 "https://ph.byu.edu/Faculty-and-Staff" "Mozilla/5.0 (Windows NT 10.0; Win64; x64) AppleWebKit/537.36 (KHTML, like Gecko) Chrome/71.0.3578.98 Safari/537.36"
66.219.235.76 - - [20/Dec/2018:15:02:06 -0700] "GET /Resources/Search/SearchSkinObjectPreview.js?cdv=168 HTTP/1.1" 200 2649 "https://ph.byu.edu/Faculty-and-Staff" "Mozilla/5.0 (Windows NT 10.0; Win64; x64) AppleWebKit/537.36 (KHTML, like Gecko) Chrome/71.0.3578.98 Safari/537.36"
66.219.235.76 - - [20/Dec/2018:15:02:06 -0700] "GET /js/dnncore.js?cdv=168 HTTP/1.1" 200 3105 "https://ph.byu.edu/Faculty-and-Staff" "Mozilla/5.0 (Windows NT 10.0; Win64; x64) AppleWebKit/537.36 (KHTML, like Gecko) Chrome/71.0.3578.98 Safari/537.36"
66.219.235.76 - - [20/Dec/2018:15:02:06 -0700] "GET /includes/images/clients/mdb49.jpg HTTP/1.1" 200 30800 "https://ph.byu.edu/Faculty-and-Staff" "Mozilla/5.0 (Windows NT 10.0; Win64; x64) AppleWebKit/537.36 (KHTML, like Gecko) Chrome/71.0.3578.98 Safari/537.36"
10.35.36.19 - - [20/Dec/2018:15:02:04 -0700] "POST /ServiceDesk/Default.aspx HTTP/1.1" 200 12573 "https://lsmonitor.byu.edu/ServiceDesk/Default.aspx" "Mozilla/5.0 (Windows NT 10.0; Win64; x64) AppleWebKit/537.36 (KHTML, like Gecko) Chrome/70.0.3538.110 Safari/537.36"
66.219.235.76 - - [20/Dec/2018:15:02:06 -0700] "GET /includes/images/clients/jdb1983.jpg HTTP/1.1" 200 42932 "https://ph.byu.edu/Faculty-and-Staff" "Mozilla/5.0 (Windows NT 10.0; Win64; x64) AppleWebKit/537.36 (KHTML, like Gecko) Chrome/71.0.3578.98 Safari/537.36"
66.219.235.76 - - [20/Dec/2018:15:02:06 -0700] "GET /Portals/2/img/CEPH.png HTTP/1.1" 200 30510 "https://ph.byu.edu/Faculty-and-Staff" "Mozilla/5.0 (Windows NT 10.0; Win64; x64) AppleWebKit/537.36 (KHTML, like Gecko) Chrome/71.0.3578.98 Safari/537.36"
66.219.235.76 - - [20/Dec/2018:15:02:06 -0700] "GET /includes/images/clients/rchaney.jpg HTTP/1.1" 200 22009 "https://ph.byu.edu/Faculty-and-Staff" "Mozilla/5.0 (Windows NT 10.0; Win64; x64) AppleWebKit/537.36 (KHTML, like Gecko) Chrome/71.0.3578.98 Safari/537.36"
66.219.235.76 - - [20/Dec/2018:15:02:06 -0700] "GET /includes/images/clients/ac94.jpg HTTP/1.1" 200 29004 "https://ph.byu.edu/Faculty-and-Staff" "Mozilla/5.0 (Windows NT 10.0; Win64; x64) AppleWebKit/537.36 (KHTML, like Gecko) Chrome/71.0.3578.98 Safari/537.36"
66.219.235.76 - - [20/Dec/2018:15:02:06 -0700] "GET /includes/images/clients/ee5.jpg HTTP/1.1" 200 28551 "https://ph.byu.edu/Faculty-and-Staff" "Mozilla/5.0 (Windows NT 10.0; Win64; x64) AppleWebKit/537.36 (KHTML, like Gecko) Chrome/71.0.3578.98 Safari/537.36"
66.219.235.76 - - [20/Dec/2018:15:02:06 -0700] "GET /includes/images/clients/djd4.jpg HTTP/1.1" 200 38567 "https://ph.byu.edu/Faculty-and-Staff" "Mozilla/5.0 (Windows NT 10.0; Win64; x64) AppleWebKit/537.36 (KHTML, like Gecko) Chrome/71.0.3578.98 Safari/537.36"
66.219.235.76 - - [20/Dec/2018:15:02:06 -0700] "GET /includes/images/clients/btc5.jpg HTTP/1.1" 200 127887 "https://ph.byu.edu/Faculty-and-Staff" "Mozilla/5.0 (Windows NT 10.0; Win64; x64) AppleWebKit/537.36 (KHTML, like Gecko) Chrome/71.0.3578.98 Safari/537.36"
66.219.235.76 - - [20/Dec/2018:15:02:06 -0700] "GET /includes/images/clients/sjf3.jpg HTTP/1.1" 200 43214 "https://ph.byu.edu/Faculty-and-Staff" "Mozilla/5.0 (Windows NT 10.0; Win64; x64) AppleWebKit/537.36 (KHTML, like Gecko) Chrome/71.0.3578.98 Safari/537.36"
66.219.235.76 - - [20/Dec/2018:15:02:06 -0700] "GET /includes/images/photoplaceholder.jpg HTTP/1.1" 200 69197 "https://ph.byu.edu/Faculty-and-Staff" "Mozilla/5.0 (Windows NT 10.0; Win64; x64) AppleWebKit/537.36 (KHTML, like Gecko) Chrome/71.0.3578.98 Safari/537.36"
66.219.235.76 - - [20/Dec/2018:15:02:06 -0700] "GET /includes/images/clients/jefglenn.jpg HTTP/1.1" 200 10255 "https://ph.byu.edu/Faculty-and-Staff" "Mozilla/5.0 (Windows NT 10.0; Win64; x64) AppleWebKit/537.36 (KHTML, like Gecko) Chrome/71.0.3578.98 Safari/537.36"
66.219.235.76 - - [20/Dec/2018:15:02:06 -0700] "GET /includes/images/clients/pch.jpg HTTP/1.1" 200 35116 "https://ph.byu.edu/Faculty-and-Staff" "Mozilla/5.0 (Windows NT 10.0; Win64; x64) AppleWebKit/537.36 (KHTML, like Gecko) Chrome/71.0.3578.98 Safari/537.36"
66.219.235.76 - - [20/Dec/2018:15:02:06 -0700] "GET /includes/images/clients/jjohnst5.jpg HTTP/1.1" 200 39538 "https://ph.byu.edu/Faculty-and-Staff" "Mozilla/5.0 (Windows NT 10.0; Win64; x64) AppleWebKit/537.36 (KHTML, like Gecko) Chrome/71.0.3578.98 Safari/537.36"
66.219.235.76 - - [20/Dec/2018:15:02:06 -0700] "GET /includes/images/clients/clh259.jpg HTTP/1.1" 200 40802 "https://ph.byu.edu/Faculty-and-Staff" "Mozilla/5.0 (Windows NT 10.0; Win64; x64) AppleWebKit/537.36 (KHTML, like Gecko) Chrome/71.0.3578.98 Safari/537.36"
66.219.235.76 - - [20/Dec/2018:15:02:06 -0700] "GET /includes/images/clients/bliechty.jpg HTTP/1.1" 200 26235 "https://ph.byu.edu/Faculty-and-Staff" "Mozilla/5.0 (Windows NT 10.0; Win64; x64) AppleWebKit/537.36 (KHTML, like Gecko) Chrome/71.0.3578.98 Safari/537.36"
66.219.235.76 - - [20/Dec/2018:15:02:06 -0700] "GET /includes/images/clients/sac32.jpg HTTP/1.1" 200 26944 "https://ph.byu.edu/Faculty-and-Staff" "Mozilla/5.0 (Windows NT 10.0; Win64; x64) AppleWebKit/537.36 (KHTML, like Gecko) Chrome/71.0.3578.98 Safari/537.36"
66.219.235.76 - - [20/Dec/2018:15:02:06 -0700] "GET /includes/images/clients/bmm23.jpg HTTP/1.1" 200 48790 "https://ph.byu.edu/Faculty-and-Staff" "Mozilla/5.0 (Windows NT 10.0; Win64; x64) AppleWebKit/537.36 (KHTML, like Gecko) Chrome/71.0.3578.98 Safari/537.36"
66.219.235.76 - - [20/Dec/2018:15:02:06 -0700] "GET /includes/images/clients/dmm3.jpg HTTP/1.1" 200 38150 "https://ph.byu.edu/Faculty-and-Staff" "Mozilla/5.0 (Windows NT 10.0; Win64; x64) AppleWebKit/537.36 (KHTML, like Gecko) Chrome/71.0.3578.98 Safari/537.36"
66.219.235.76 - - [20/Dec/2018:15:02:06 -0700] "GET /includes/images/clients/rmm46.jpg HTTP/1.1" 200 34605 "https://ph.byu.edu/Faculty-and-Staff" "Mozilla/5.0 (Windows NT 10.0; Win64; x64) AppleWebKit/537.36 (KHTML, like Gecko) Chrome/71.0.3578.98 Safari/537.36"
66.219.235.76 - - [20/Dec/2018:15:02:06 -0700] "GET /includes/images/clients/bln4.jpg HTTP/1.1" 200 38074 "https://ph.byu.edu/Faculty-and-Staff" "Mozilla/5.0 (Windows NT 10.0; Win64; x64) AppleWebKit/537.36 (KHTML, like Gecko) Chrome/71.0.3578.98 Safari/537.36"
66.219.235.76 - - [20/Dec/2018:15:02:06 -0700] "GET /Portals/2/img/lsb1HeroBanner.jpg HTTP/1.1" 200 604071 "https://ph.byu.edu/Faculty-and-Staff" "Mozilla/5.0 (Windows NT 10.0; Win64; x64) AppleWebKit/537.36 (KHTML, like Gecko) Chrome/71.0.3578.98 Safari/537.36"
66.219.235.76 - - [20/Dec/2018:15:02:06 -0700] "GET /includes/images/clients/llb67.jpg HTTP/1.1" 200 36844 "https://ph.byu.edu/Faculty-and-Staff" "Mozilla/5.0 (Windows NT 10.0; Win64; x64) AppleWebKit/537.36 (KHTML, like Gecko) Chrome/71.0.3578.98 Safari/537.36"
66.219.235.76 - - [20/Dec/2018:15:02:06 -0700] "GET /includes/images/clients/rmp57.jpg HTTP/1.1" 200 29876 "https://ph.byu.edu/Faculty-and-Staff" "Mozilla/5.0 (Windows NT 10.0; Win64; x64) AppleWebKit/537.36 (KHTML, like Gecko) Chrome/71.0.3578.98 Safari/537.36"
66.219.235.76 - - [20/Dec/2018:15:02:06 -0700] "GET /includes/images/clients/tsp32.jpg HTTP/1.1" 200 23473 "https://ph.byu.edu/Faculty-and-Staff" "Mozilla/5.0 (Windows NT 10.0; Win64; x64) AppleWebKit/537.36 (KHTML, like Gecko) Chrome/71.0.3578.98 Safari/537.36"
66.219.235.76 - - [20/Dec/2018:15:02:06 -0700] "GET /includes/images/clients/haydena2.jpg HTTP/1.1" 200 14449 "https://ph.byu.edu/Faculty-and-Staff" "Mozilla/5.0 (Windows NT 10.0; Win64; x64) AppleWebKit/537.36 (KHTML, like Gecko) Chrome/71.0.3578.98 Safari/537.36"
66.219.235.76 - - [20/Dec/2018:15:02:06 -0700] "GET /includes/images/clients/rag9.jpg HTTP/1.1" 200 60190 "https://ph.byu.edu/Faculty-and-Staff" "Mozilla/5.0 (Windows NT 10.0; Win64; x64) AppleWebKit/537.36 (KHTML, like Gecko) Chrome/71.0.3578.98 Safari/537.36"
66.219.235.76 - - [20/Dec/2018:15:02:06 -0700] "GET /includes/images/clients/cds77.jpg HTTP/1.1" 200 53707 "https://ph.byu.edu/Faculty-and-Staff" "Mozilla/5.0 (Windows NT 10.0; Win64; x64) AppleWebKit/537.36 (KHTML, like Gecko) Chrome/71.0.3578.98 Safari/537.36"
66.219.235.76 - - [20/Dec/2018:15:02:06 -0700] "GET /includes/images/clients/la227.jpg HTTP/1.1" 200 20248 "https://ph.byu.edu/Faculty-and-Staff" "Mozilla/5.0 (Windows NT 10.0; Win64; x64) AppleWebKit/537.36 (KHTML, like Gecko) Chrome/71.0.3578.98 Safari/537.36"
66.219.235.76 - - [20/Dec/2018:15:02:06 -0700] "GET /includes/images/clients/elt.jpg HTTP/1.1" 200 26897 "https://ph.byu.edu/Faculty-and-Staff" "Mozilla/5.0 (Windows NT 10.0; Win64; x64) AppleWebKit/537.36 (KHTML, like Gecko) Chrome/71.0.3578.98 Safari/537.36"
66.219.235.76 - - [20/Dec/2018:15:02:06 -0700] "GET /includes/images/clients/rt94.jpg HTTP/1.1" 200 26755 "https://ph.byu.edu/Faculty-and-Staff" "Mozilla/5.0 (Windows NT 10.0; Win64; x64) AppleWebKit/537.36 (KHTML, like Gecko) Chrome/71.0.3578.98 Safari/537.36"
66.219.235.76 - - [20/Dec/2018:15:02:06 -0700] "GET /includes/images/clients/st43.jpg HTTP/1.1" 200 37346 "https://ph.byu.edu/Faculty-and-Staff" "Mozilla/5.0 (Windows NT 10.0; Win64; x64) AppleWebKit/537.36 (KHTML, like Gecko) Chrome/71.0.3578.98 Safari/537.36"
66.219.235.76 - - [20/Dec/2018:15:02:06 -0700] "GET /includes/images/clients/jhwest.jpg HTTP/1.1" 200 36842 "https://ph.byu.edu/Faculty-and-Staff" "Mozilla/5.0 (Windows NT 10.0; Win64; x64) AppleWebKit/537.36 (KHTML, like Gecko) Chrome/71.0.3578.98 Safari/537.36"
66.219.235.76 - - [20/Dec/2018:15:02:06 -0700] "GET /favicon.ico HTTP/1.1" 200 2313 "https://ph.byu.edu/Faculty-and-Staff" "Mozilla/5.0 (Windows NT 10.0; Win64; x64) AppleWebKit/537.36 (KHTML, like Gecko) Chrome/71.0.3578.98 Safari/537.36"
64.140.170.26 - - [20/Dec/2018:15:02:07 -0700] "GET /Login?returnurl=%2fAbout%2fWeekly-Newsletter%2fNewsletter-Archive HTTP/1.1" 302 1263 "-" "Mozilla/5.0 (Windows NT 10.0; WOW64; rv:58.0) Gecko/20100101 Firefox/58.0"
10.4.76.82 - - [20/Dec/2018:15:02:07 -0700] "GET /Portals/13/Storyline/Kiosks/Insect%20Kiosk/mobile/6dmSyhPEndO_80_DX540_DY540_CX314_CY349.png HTTP/1.1" 200 63454 "https://mlbean.byu.edu/Portals/13/Storyline/Kiosks/Insect%20Kiosk/story_html5.html" "Mozilla/5.0 (Macintosh; Intel Mac OS X 10_11_3) AppleWebKit/601.4.4 (KHTML, like Gecko) Version/9.0.3 Safari/601.4.4"
10.35.36.228 - - [20/Dec/2018:15:02:08 -0700] "GET /Engineering/Schedules.aspx HTTP/1.1" 302 3858 "http://lszabbix.byu.edu/slides.php?elementid=2&fullscreen=0" "Mozilla/5.0 (X11; Linux x86_64) AppleWebKit/537.36 (KHTML, like Gecko) Ubuntu Chromium/71.0.3578.80 Chrome/71.0.3578.80 Safari/537.36"
10.35.36.228 - - [20/Dec/2018:15:02:08 -0700] "GET /Engineering/RecentOSDeployments.aspx HTTP/1.1" 302 3878 "http://lszabbix.byu.edu/slides.php?elementid=2&fullscreen=0" "Mozilla/5.0 (X11; Linux x86_64) AppleWebKit/537.36 (KHTML, like Gecko) Ubuntu Chromium/71.0.3578.80 Chrome/71.0.3578.80 Safari/537.36"
10.35.36.228 - - [20/Dec/2018:15:02:08 -0700] "GET /Engineering/FailedUpdatesByComputer.aspx HTTP/1.1" 302 3886 "http://lszabbix.byu.edu/slides.php?elementid=2&fullscreen=0" "Mozilla/5.0 (X11; Linux x86_64) AppleWebKit/537.36 (KHTML, like Gecko) Ubuntu Chromium/71.0.3578.80 Chrome/71.0.3578.80 Safari/537.36"
10.35.36.228 - - [20/Dec/2018:15:02:08 -0700] "GET /Engineering/RecordedHours.aspx HTTP/1.1" 302 578 "http://lszabbix.byu.edu/slides.php?elementid=2&fullscreen=0" "Mozilla/5.0 (X11; Linux x86_64) AppleWebKit/537.36 (KHTML, like Gecko) Ubuntu Chromium/71.0.3578.80 Chrome/71.0.3578.80 Safari/537.36"
10.25.100.22 - - [20/Dec/2018:15:01:46 -0700] "GET /mjpg/LSB HTTP/1.1" 200 73235271 "-" "Mozilla/5.0 (Windows NT 10.0; Win64; x64) AppleWebKit/537.36 (KHTML, like Gecko) Chrome/71.0.3578.98 Safari/537.36"
10.35.36.228 - - [20/Dec/2018:15:02:08 -0700] "GET /Engineering/FailedUpdates.aspx HTTP/1.1" 302 578 "http://lszabbix.byu.edu/slides.php?elementid=2&fullscreen=0" "Mozilla/5.0 (X11; Linux x86_64) AppleWebKit/537.36 (KHTML, like Gecko) Ubuntu Chromium/71.0.3578.80 Chrome/71.0.3578.80 Safari/537.36"
10.35.36.228 - - [20/Dec/2018:15:02:08 -0700] "GET /Login.aspx?ReturnUrl=%2fEngineering%2fSchedules.aspx HTTP/1.1" 200 2432 "http://lszabbix.byu.edu/slides.php?elementid=2&fullscreen=0" "Mozilla/5.0 (X11; Linux x86_64) AppleWebKit/537.36 (KHTML, like Gecko) Ubuntu Chromium/71.0.3578.80 Chrome/71.0.3578.80 Safari/537.36"
10.35.36.228 - - [20/Dec/2018:15:02:08 -0700] "GET /Login.aspx?ReturnUrl=%2fEngineering%2fRecentOSDeployments.aspx HTTP/1.1" 200 2438 "http://lszabbix.byu.edu/slides.php?elementid=2&fullscreen=0" "Mozilla/5.0 (X11; Linux x86_64) AppleWebKit/537.36 (KHTML, like Gecko) Ubuntu Chromium/71.0.3578.80 Chrome/71.0.3578.80 Safari/537.36"
10.35.36.228 - - [20/Dec/2018:15:02:08 -0700] "GET /Login.aspx?ReturnUrl=%2fEngineering%2fFailedUpdatesByComputer.aspx HTTP/1.1" 200 5732 "http://lszabbix.byu.edu/slides.php?elementid=2&fullscreen=0" "Mozilla/5.0 (X11; Linux x86_64) AppleWebKit/537.36 (KHTML, like Gecko) Ubuntu Chromium/71.0.3578.80 Chrome/71.0.3578.80 Safari/537.36"
10.35.36.228 - - [20/Dec/2018:15:02:08 -0700] "GET /Login.aspx?ReturnUrl=%2fEngineering%2fRecordedHours.aspx HTTP/1.1" 200 2435 "http://lszabbix.byu.edu/slides.php?elementid=2&fullscreen=0" "Mozilla/5.0 (X11; Linux x86_64) AppleWebKit/537.36 (KHTML, like Gecko) Ubuntu Chromium/71.0.3578.80 Chrome/71.0.3578.80 Safari/537.36"
10.35.36.228 - - [20/Dec/2018:15:02:08 -0700] "GET /Login.aspx?ReturnUrl=%2fEngineering%2fFailedUpdates.aspx HTTP/1.1" 200 2436 "http://lszabbix.byu.edu/slides.php?elementid=2&fullscreen=0" "Mozilla/5.0 (X11; Linux x86_64) AppleWebKit/537.36 (KHTML, like Gecko) Ubuntu Chromium/71.0.3578.80 Chrome/71.0.3578.80 Safari/537.36"
10.35.36.88 - - [20/Dec/2018:15:02:09 -0700] "POST /WebTeam/Default.aspx HTTP/1.1" 200 10458 "https://lsmonitor.byu.edu/WebTeam/Default.aspx" "Mozilla/5.0 (Windows NT 10.0; Win64; x64) AppleWebKit/537.36 (KHTML, like Gecko) Chrome/69.0.3497.100 Safari/537.36"
10.32.35.3 - - [20/Dec/2018:15:02:10 -0700] "GET / HTTP/1.1" 200 6806 "-" "Mozilla/5.0 (Windows NT 10.0; Win64; x64) AppleWebKit/537.36 (KHTML, like Gecko) Chrome/71.0.3578.98 Safari/537.36"
10.32.35.3 - - [20/Dec/2018:15:02:10 -0700] "GET /DesktopModules/HTML/module.css?cdv=380 HTTP/1.1" 200 675 "http://biophysics.byu.edu/" "Mozilla/5.0 (Windows NT 10.0; Win64; x64) AppleWebKit/537.36 (KHTML, like Gecko) Chrome/71.0.3578.98 Safari/537.36"
10.32.35.3 - - [20/Dec/2018:15:02:10 -0700] "GET /Resources/Shared/stylesheets/dnndefault/7.0.0/default.css?cdv=380 HTTP/1.1" 200 16813 "http://biophysics.byu.edu/" "Mozilla/5.0 (Windows NT 10.0; Win64; x64) AppleWebKit/537.36 (KHTML, like Gecko) Chrome/71.0.3578.98 Safari/537.36"
10.32.35.3 - - [20/Dec/2018:15:02:10 -0700] "GET /Resources/libraries/jQuery-Migrate/01_02_01/jquery-migrate.js?cdv=380 HTTP/1.1" 200 6234 "http://biophysics.byu.edu/" "Mozilla/5.0 (Windows NT 10.0; Win64; x64) AppleWebKit/537.36 (KHTML, like Gecko) Chrome/71.0.3578.98 Safari/537.36"
10.32.35.3 - - [20/Dec/2018:15:02:10 -0700] "GET /Portals/19/portal.css?cdv=380 HTTP/1.1" 200 1277 "http://biophysics.byu.edu/" "Mozilla/5.0 (Windows NT 10.0; Win64; x64) AppleWebKit/537.36 (KHTML, like Gecko) Chrome/71.0.3578.98 Safari/537.36"
10.32.35.3 - - [20/Dec/2018:15:02:10 -0700] "GET /WebResource.axd?d=pynGkmcFUV0qV58BRjQ6nO3Dfb0w4PkctJntjwyAgfRlGhPnOg5lzIrdsNQ1&t=636576814476690871 HTTP/1.1" 200 5069 "http://biophysics.byu.edu/" "Mozilla/5.0 (Windows NT 10.0; Win64; x64) AppleWebKit/537.36 (KHTML, like Gecko) Chrome/71.0.3578.98 Safari/537.36"
10.32.35.3 - - [20/Dec/2018:15:02:10 -0700] "GET /Portals/_default/Skins/BYU/skin.css?cdv=380 HTTP/1.1" 200 7129 "http://biophysics.byu.edu/" "Mozilla/5.0 (Windows NT 10.0; Win64; x64) AppleWebKit/537.36 (KHTML, like Gecko) Chrome/71.0.3578.98 Safari/537.36"
10.32.35.3 - - [20/Dec/2018:15:02:10 -0700] "GET /Telerik.Web.UI.WebResource.axd?_TSM_HiddenField_=ScriptManager_TSM&compress=1&_TSM_CombinedScripts_=%3b%3bSystem.Web.Extensions%2c+Version%3d4.0.0.0%2c+Culture%3dneutral%2c+PublicKeyToken%3d31bf3856ad364e35%3aen-US%3a2caafa8b-6f58-4a66-a3cd-4d77ee6a1707%3aea597d4b%3ab25378d2 HTTP/1.1" 200 35609 "http://biophysics.byu.edu/" "Mozilla/5.0 (Windows NT 10.0; Win64; x64) AppleWebKit/537.36 (KHTML, like Gecko) Chrome/71.0.3578.98 Safari/537.36"
10.32.35.3 - - [20/Dec/2018:15:02:10 -0700] "GET /js/Debug/dnn.modalpopup.js?cdv=380 HTTP/1.1" 200 4927 "http://biophysics.byu.edu/" "Mozilla/5.0 (Windows NT 10.0; Win64; x64) AppleWebKit/537.36 (KHTML, like Gecko) Chrome/71.0.3578.98 Safari/537.36"
10.32.35.3 - - [20/Dec/2018:15:02:10 -0700] "GET /js/Debug/dnncore.js?cdv=380 HTTP/1.1" 200 4043 "http://biophysics.byu.edu/" "Mozilla/5.0 (Windows NT 10.0; Win64; x64) AppleWebKit/537.36 (KHTML, like Gecko) Chrome/71.0.3578.98 Safari/537.36"
10.32.35.3 - - [20/Dec/2018:15:02:10 -0700] "GET /Resources/Shared/Scripts/jquery/jquery.hoverIntent.min.js?cdv=380 HTTP/1.1" 200 1026 "http://biophysics.byu.edu/" "Mozilla/5.0 (Windows NT 10.0; Win64; x64) AppleWebKit/537.36 (KHTML, like Gecko) Chrome/71.0.3578.98 Safari/537.36"
10.32.35.3 - - [20/Dec/2018:15:02:10 -0700] "GET /Portals/_default/Skins/BYU/Scripts/script.js HTTP/1.1" 200 1615 "http://biophysics.byu.edu/" "Mozilla/5.0 (Windows NT 10.0; Win64; x64) AppleWebKit/537.36 (KHTML, like Gecko) Chrome/71.0.3578.98 Safari/537.36"
10.32.35.3 - - [20/Dec/2018:15:02:10 -0700] "GET /Portals/_default/Skins/BYU/Images/byu-logo-small.gif HTTP/1.1" 200 869 "http://biophysics.byu.edu/" "Mozilla/5.0 (Windows NT 10.0; Win64; x64) AppleWebKit/537.36 (KHTML, like Gecko) Chrome/71.0.3578.98 Safari/537.36"
10.32.35.3 - - [20/Dec/2018:15:02:10 -0700] "GET /Portals/_default/Skins/BYU/Images/search-button.png HTTP/1.1" 200 1761 "http://biophysics.byu.edu/" "Mozilla/5.0 (Windows NT 10.0; Win64; x64) AppleWebKit/537.36 (KHTML, like Gecko) Chrome/71.0.3578.98 Safari/537.36"
10.32.35.3 - - [20/Dec/2018:15:02:10 -0700] "GET /Resources/Shared/Scripts/dnn.jquery.js?cdv=380 HTTP/1.1" 200 33776 "http://biophysics.byu.edu/" "Mozilla/5.0 (Windows NT 10.0; Win64; x64) AppleWebKit/537.36 (KHTML, like Gecko) Chrome/71.0.3578.98 Safari/537.36"
10.32.35.3 - - [20/Dec/2018:15:02:10 -0700] "GET /Resources/libraries/jQuery/01_09_01/jquery.js?cdv=380 HTTP/1.1" 200 81010 "http://biophysics.byu.edu/" "Mozilla/5.0 (Windows NT 10.0; Win64; x64) AppleWebKit/537.36 (KHTML, like Gecko) Chrome/71.0.3578.98 Safari/537.36"
10.32.35.3 - - [20/Dec/2018:15:02:10 -0700] "GET /Resources/libraries/jQuery-UI/01_11_03/jquery-ui.js?cdv=380 HTTP/1.1" 200 115947 "http://biophysics.byu.edu/" "Mozilla/5.0 (Windows NT 10.0; Win64; x64) AppleWebKit/537.36 (KHTML, like Gecko) Chrome/71.0.3578.98 Safari/537.36"
10.32.35.3 - - [20/Dec/2018:15:02:10 -0700] "GET /portals/19/images/storypic.jpg HTTP/1.1" 200 60811 "http://biophysics.byu.edu/" "Mozilla/5.0 (Windows NT 10.0; Win64; x64) AppleWebKit/537.36 (KHTML, like Gecko) Chrome/71.0.3578.98 Safari/537.36"
10.35.36.74 - - [20/Dec/2018:15:02:00 -0700] "POST /Private/Ticketing/comet.axd/connect HTTP/1.1" 200 511 "https://scinet.byu.edu/Private/Ticketing/Default.aspx" "Mozilla/5.0 (Macintosh; Intel Mac OS X 10_13_6) AppleWebKit/537.36 (KHTML, like Gecko) Chrome/71.0.3578.98 Safari/537.36"
10.35.36.74 - - [20/Dec/2018:15:02:00 -0700] "POST /Private/Ticketing/comet.axd/connect HTTP/1.1" 200 510 "https://scinet.byu.edu/Private/Ticketing/Default.aspx" "Mozilla/5.0 (Macintosh; Intel Mac OS X 10_13_6) AppleWebKit/537.36 (KHTML, like Gecko) Chrome/70.0.3538.102 Safari/537.36"
10.32.35.3 - - [20/Dec/2018:15:02:10 -0700] "GET /Portals/_default/Skins/BYU/Images/header-bg.png HTTP/1.1" 200 7113 "http://biophysics.byu.edu/Portals/_default/Skins/BYU/skin.css?cdv=380" "Mozilla/5.0 (Windows NT 10.0; Win64; x64) AppleWebKit/537.36 (KHTML, like Gecko) Chrome/71.0.3578.98 Safari/537.36"
10.32.35.3 - - [20/Dec/2018:15:02:10 -0700] "GET /Portals/_default/Skins/BYU/Images/body-bg-wide-edit.png HTTP/1.1" 200 122227 "http://biophysics.byu.edu/Portals/_default/Skins/BYU/skin.css?cdv=380" "Mozilla/5.0 (Windows NT 10.0; Win64; x64) AppleWebKit/537.36 (KHTML, like Gecko) Chrome/71.0.3578.98 Safari/537.36"
10.4.76.82 - - [20/Dec/2018:15:02:10 -0700] "GET /Portals/13/Storyline/Kiosks/Insect%20Kiosk/story_content/5aGlKsZLD4L_6ZxdFBMOEmB.png HTTP/1.1" 200 7562 "https://mlbean.byu.edu/Portals/13/Storyline/Kiosks/Insect%20Kiosk/story_html5.html" "Mozilla/5.0 (Macintosh; Intel Mac OS X 10_11_3) AppleWebKit/601.4.4 (KHTML, like Gecko) Version/9.0.3 Safari/601.4.4"
10.35.36.82 - - [20/Dec/2018:15:01:59 -0700] "POST /Private/Ticketing/comet.axd/connect HTTP/1.1" 200 510 "https://scinet.byu.edu/Private/Ticketing/Default.aspx" "Mozilla/5.0 (Macintosh; Intel Mac OS X 10_13_6) AppleWebKit/537.36 (KHTML, like Gecko) Chrome/70.0.3538.110 Safari/537.36"
10.32.35.3 - - [20/Dec/2018:15:02:11 -0700] "GET /portals/19/images/maryland1.jpg HTTP/1.1" 200 53710 "http://biophysics.byu.edu/" "Mozilla/5.0 (Windows NT 10.0; Win64; x64) AppleWebKit/537.36 (KHTML, like Gecko) Chrome/71.0.3578.98 Safari/537.36"
10.32.35.3 - - [20/Dec/2018:15:02:11 -0700] "GET /favicon.ico HTTP/1.1" 200 2203 "http://biophysics.byu.edu/" "Mozilla/5.0 (Windows NT 10.0; Win64; x64) AppleWebKit/537.36 (KHTML, like Gecko) Chrome/71.0.3578.98 Safari/537.36"
10.35.36.46 - - [20/Dec/2018:15:02:00 -0700] "POST /Private/Ticketing/comet.axd/connect HTTP/1.1" 200 507 "https://scinet.byu.edu/Private/Ticketing/Default.aspx" "Mozilla/5.0 (Windows NT 10.0; Win64; x64) AppleWebKit/537.36 (KHTML, like Gecko) Chrome/71.0.3578.98 Safari/537.36"
10.35.36.74 - - [20/Dec/2018:15:02:00 -0700] "POST /Private/Ticketing/comet.axd/connect HTTP/1.1" 200 509 "https://scinet.byu.edu/Private/Ticketing/Default.aspx" "Mozilla/5.0 (Macintosh; Intel Mac OS X 10_13_6) AppleWebKit/537.36 (KHTML, like Gecko) Chrome/70.0.3538.102 Safari/537.36"
10.35.36.99 - - [20/Dec/2018:15:02:02 -0700] "POST /Private/Ticketing/comet.axd/connect HTTP/1.1" 200 509 "https://scinet.byu.edu/Private/Ticketing/Default.aspx" "Mozilla/5.0 (Windows NT 10.0; Win64; x64) AppleWebKit/537.36 (KHTML, like Gecko) Chrome/71.0.3578.98 Safari/537.36"
::1 - - [20/Dec/2018:15:02:14 -0700] "OPTIONS * HTTP/1.0" 200 126 "-" "Apache/2.4.25 (Debian) OpenSSL/1.0.2q (internal dummy connection)"
::1 - - [20/Dec/2018:15:02:15 -0700] "OPTIONS * HTTP/1.0" 200 126 "-" "Apache/2.4.25 (Debian) OpenSSL/1.0.2q (internal dummy connection)"
10.35.36.98 - - [20/Dec/2018:15:02:05 -0700] "POST /Private/Ticketing/comet.axd/connect HTTP/1.1" 200 510 "https://scinet.byu.edu/Private/Ticketing/Default.aspx" "Mozilla/5.0 (Windows NT 10.0; Win64; x64) AppleWebKit/537.36 (KHTML, like Gecko) Chrome/70.0.3538.102 Safari/537.36"
10.35.36.59 - - [20/Dec/2018:15:02:05 -0700] "POST /Private/Ticketing/comet.axd/connect HTTP/1.1" 200 509 "https://scinet.byu.edu/Private/Ticketing/Default.aspx" "Mozilla/5.0 (Windows NT 10.0; Win64; x64) AppleWebKit/537.36 (KHTML, like Gecko) Chrome/71.0.3578.98 Safari/537.36"
::1 - - [20/Dec/2018:15:02:16 -0700] "OPTIONS * HTTP/1.0" 200 126 "-" "Apache/2.4.25 (Debian) OpenSSL/1.0.2q (internal dummy connection)"
::1 - - [20/Dec/2018:15:02:17 -0700] "OPTIONS * HTTP/1.0" 200 126 "-" "Apache/2.4.25 (Debian) OpenSSL/1.0.2q (internal dummy connection)"
10.35.36.2 - - [20/Dec/2018:15:02:06 -0700] "POST /Private/Ticketing/comet.axd/connect HTTP/1.1" 200 510 "https://scinet.byu.edu/Private/Ticketing/Default.aspx" "Mozilla/5.0 (Macintosh; Intel Mac OS X 10_14_2) AppleWebKit/537.36 (KHTML, like Gecko) Chrome/70.0.3538.102 Safari/537.36"
::1 - - [20/Dec/2018:15:02:18 -0700] "OPTIONS * HTTP/1.0" 200 126 "-" "Apache/2.4.25 (Debian) OpenSSL/1.0.2q (internal dummy connection)"
167.114.103.130 - - [20/Dec/2018:15:02:18 -0700] "GET / HTTP/1.1" 200 10669 "-" "8LEGS"
::1 - - [20/Dec/2018:15:02:19 -0700] "OPTIONS * HTTP/1.0" 200 126 "-" "Apache/2.4.25 (Debian) OpenSSL/1.0.2q (internal dummy connection)"
10.4.76.82 - - [20/Dec/2018:15:02:19 -0700] "GET /Portals/13/Storyline/Kiosks/Insect%20Kiosk/html5/data/js/6D5To5SjQjT.js HTTP/1.1" 200 6304 "https://mlbean.byu.edu/Portals/13/Storyline/Kiosks/Insect%20Kiosk/story_html5.html" "Mozilla/5.0 (Macintosh; Intel Mac OS X 10_11_3) AppleWebKit/601.4.4 (KHTML, like Gecko) Version/9.0.3 Safari/601.4.4"
::1 - - [20/Dec/2018:15:02:20 -0700] "OPTIONS * HTTP/1.0" 200 126 "-" "Apache/2.4.25 (Debian) OpenSSL/1.0.2q (internal dummy connection)"
27.19.169.86 - - [20/Dec/2018:15:02:18 -0700] "GET /Portals/25/docs/Publications/AvilaEtAl%2710ZOOTAXA.pdf HTTP/1.1" 200 1963817 "-" "Mozilla/5.0 (Windows NT 10.0; WOW64) AppleWebKit/537.36 (KHTML, like Gecko) Chrome/69.0.3497.12 Safari/537.36"
10.35.36.74 - - [20/Dec/2018:15:02:10 -0700] "POST /Private/Ticketing/comet.axd/connect HTTP/1.1" 200 511 "https://scinet.byu.edu/Private/Ticketing/Default.aspx" "Mozilla/5.0 (Macintosh; Intel Mac OS X 10_13_6) AppleWebKit/537.36 (KHTML, like Gecko) Chrome/71.0.3578.98 Safari/537.36"
10.35.36.74 - - [20/Dec/2018:15:02:10 -0700] "POST /Private/Ticketing/comet.axd/connect HTTP/1.1" 200 510 "https://scinet.byu.edu/Private/Ticketing/Default.aspx" "Mozilla/5.0 (Macintosh; Intel Mac OS X 10_13_6) AppleWebKit/537.36 (KHTML, like Gecko) Chrome/70.0.3538.102 Safari/537.36"
10.35.36.82 - - [20/Dec/2018:15:02:10 -0700] "POST /Private/Ticketing/comet.axd/connect HTTP/1.1" 200 510 "https://scinet.byu.edu/Private/Ticketing/Default.aspx" "Mozilla/5.0 (Macintosh; Intel Mac OS X 10_13_6) AppleWebKit/537.36 (KHTML, like Gecko) Chrome/70.0.3538.110 Safari/537.36"
10.35.36.89 - - [20/Dec/2018:15:02:19 -0700] "POST /Engineering/Default.aspx HTTP/1.1" 200 8403 "https://lsmonitor.byu.edu/Engineering/Default.aspx" "Mozilla/5.0 (Windows NT 10.0; Win64; x64) AppleWebKit/537.36 (KHTML, like Gecko) Chrome/70.0.3538.110 Safari/537.36"
::1 - - [20/Dec/2018:15:02:21 -0700] "OPTIONS * HTTP/1.0" 200 126 "-" "Apache/2.4.25 (Debian) OpenSSL/1.0.2q (internal dummy connection)"
10.35.36.19 - - [20/Dec/2018:15:02:19 -0700] "POST /ServiceDesk/Default.aspx HTTP/1.1" 200 12688 "https://lsmonitor.byu.edu/ServiceDesk/Default.aspx" "Mozilla/5.0 (Windows NT 10.0; Win64; x64) AppleWebKit/537.36 (KHTML, like Gecko) Chrome/70.0.3538.110 Safari/537.36"
10.35.36.46 - - [20/Dec/2018:15:02:11 -0700] "POST /Private/Ticketing/comet.axd/connect HTTP/1.1" 200 507 "https://scinet.byu.edu/Private/Ticketing/Default.aspx" "Mozilla/5.0 (Windows NT 10.0; Win64; x64) AppleWebKit/537.36 (KHTML, like Gecko) Chrome/71.0.3578.98 Safari/537.36"
::1 - - [20/Dec/2018:15:02:22 -0700] "OPTIONS * HTTP/1.0" 200 126 "-" "Apache/2.4.25 (Debian) OpenSSL/1.0.2q (internal dummy connection)"
10.35.36.74 - - [20/Dec/2018:15:02:11 -0700] "POST /Private/Ticketing/comet.axd/connect HTTP/1.1" 200 509 "https://scinet.byu.edu/Private/Ticketing/Default.aspx" "Mozilla/5.0 (Macintosh; Intel Mac OS X 10_13_6) AppleWebKit/537.36 (KHTML, like Gecko) Chrome/70.0.3538.102 Safari/537.36"
10.4.76.82 - - [20/Dec/2018:15:02:22 -0700] "GET /Portals/13/Storyline/Kiosks/Insect%20Kiosk/story_content/6D5To5SjQjT_6Pm5y0aDyR4.png HTTP/1.1" 200 7562 "https://mlbean.byu.edu/Portals/13/Storyline/Kiosks/Insect%20Kiosk/story_html5.html" "Mozilla/5.0 (Macintosh; Intel Mac OS X 10_11_3) AppleWebKit/601.4.4 (KHTML, like Gecko) Version/9.0.3 Safari/601.4.4"
::1 - - [20/Dec/2018:15:02:23 -0700] "OPTIONS * HTTP/1.0" 200 126 "-" "Apache/2.4.25 (Debian) OpenSSL/1.0.2q (internal dummy connection)"
10.35.36.99 - - [20/Dec/2018:15:02:13 -0700] "POST /Private/Ticketing/comet.axd/connect HTTP/1.1" 200 509 "https://scinet.byu.edu/Private/Ticketing/Default.aspx" "Mozilla/5.0 (Windows NT 10.0; Win64; x64) AppleWebKit/537.36 (KHTML, like Gecko) Chrome/71.0.3578.98 Safari/537.36"
::1 - - [20/Dec/2018:15:02:24 -0700] "OPTIONS * HTTP/1.0" 200 126 "-" "Apache/2.4.25 (Debian) OpenSSL/1.0.2q (internal dummy connection)"
10.35.36.88 - - [20/Dec/2018:15:02:23 -0700] "POST /WebTeam/Default.aspx HTTP/1.1" 200 10446 "https://lsmonitor.byu.edu/WebTeam/Default.aspx" "Mozilla/5.0 (Windows NT 10.0; Win64; x64) AppleWebKit/537.36 (KHTML, like Gecko) Chrome/69.0.3497.100 Safari/537.36"
::1 - - [20/Dec/2018:15:02:25 -0700] "OPTIONS * HTTP/1.0" 200 126 "-" "Apache/2.4.25 (Debian) OpenSSL/1.0.2q (internal dummy connection)"
10.35.36.98 - - [20/Dec/2018:15:02:15 -0700] "POST /Private/Ticketing/comet.axd/connect HTTP/1.1" 200 510 "https://scinet.byu.edu/Private/Ticketing/Default.aspx" "Mozilla/5.0 (Windows NT 10.0; Win64; x64) AppleWebKit/537.36 (KHTML, like Gecko) Chrome/70.0.3538.102 Safari/537.36"
10.35.36.59 - - [20/Dec/2018:15:02:15 -0700] "POST /Private/Ticketing/comet.axd/connect HTTP/1.1" 200 509 "https://scinet.byu.edu/Private/Ticketing/Default.aspx" "Mozilla/5.0 (Windows NT 10.0; Win64; x64) AppleWebKit/537.36 (KHTML, like Gecko) Chrome/71.0.3578.98 Safari/537.36"
::1 - - [20/Dec/2018:15:02:26 -0700] "OPTIONS * HTTP/1.0" 200 126 "-" "Apache/2.4.25 (Debian) OpenSSL/1.0.2q (internal dummy connection)"
10.25.100.22 - - [20/Dec/2018:15:02:08 -0700] "GET /mjpg/LSB HTTP/1.1" 200 62523147 "-" "Mozilla/5.0 (Windows NT 10.0; Win64; x64) AppleWebKit/537.36 (KHTML, like Gecko) Chrome/71.0.3578.98 Safari/537.36"
::1 - - [20/Dec/2018:15:02:27 -0700] "OPTIONS * HTTP/1.0" 200 126 "-" "Apache/2.4.25 (Debian) OpenSSL/1.0.2q (internal dummy connection)"
10.5.8.25 - - [20/Dec/2018:15:02:27 -0700] "GET / HTTP/1.1" 302 384 "-" "Mozilla/5.0 (Macintosh; Intel Mac OS X 10_14_2) AppleWebKit/605.1.15 (KHTML, like Gecko) Version/12.0.2 Safari/605.1.15"
10.5.8.25 - - [20/Dec/2018:15:02:27 -0700] "GET /index.html HTTP/1.1" 200 2935 "-" "Mozilla/5.0 (Macintosh; Intel Mac OS X 10_14_2) AppleWebKit/605.1.15 (KHTML, like Gecko) Version/12.0.2 Safari/605.1.15"
10.35.36.2 - - [20/Dec/2018:15:02:18 -0700] "POST /Private/Ticketing/comet.axd/connect HTTP/1.1" 200 510 "https://scinet.byu.edu/Private/Ticketing/Default.aspx" "Mozilla/5.0 (Macintosh; Intel Mac OS X 10_14_2) AppleWebKit/537.36 (KHTML, like Gecko) Chrome/70.0.3538.102 Safari/537.36"
::1 - - [20/Dec/2018:15:02:29 -0700] "OPTIONS * HTTP/1.0" 200 126 "-" "Apache/2.4.25 (Debian) OpenSSL/1.0.2q (internal dummy connection)"
10.35.36.74 - - [20/Dec/2018:15:02:20 -0700] "POST /Private/Ticketing/comet.axd/connect HTTP/1.1" 200 510 "https://scinet.byu.edu/Private/Ticketing/Default.aspx" "Mozilla/5.0 (Macintosh; Intel Mac OS X 10_13_6) AppleWebKit/537.36 (KHTML, like Gecko) Chrome/70.0.3538.102 Safari/537.36"
10.35.36.74 - - [20/Dec/2018:15:02:20 -0700] "POST /Private/Ticketing/comet.axd/connect HTTP/1.1" 200 511 "https://scinet.byu.edu/Private/Ticketing/Default.aspx" "Mozilla/5.0 (Macintosh; Intel Mac OS X 10_13_6) AppleWebKit/537.36 (KHTML, like Gecko) Chrome/71.0.3578.98 Safari/537.36"
10.35.36.19 - - [20/Dec/2018:15:02:29 -0700] "POST /ServiceDesk/Default.aspx HTTP/1.1" 200 23565 "https://lsmonitor.byu.edu/ServiceDesk/Default.aspx" "Mozilla/5.0 (Windows NT 10.0; Win64; x64) AppleWebKit/537.36 (KHTML, like Gecko) Chrome/70.0.3538.110 Safari/537.36"
::1 - - [20/Dec/2018:15:02:31 -0700] "OPTIONS * HTTP/1.0" 200 126 "-" "Apache/2.4.25 (Debian) OpenSSL/1.0.2q (internal dummy connection)"
::1 - - [20/Dec/2018:15:02:32 -0700] "OPTIONS * HTTP/1.0" 200 126 "-" "Apache/2.4.25 (Debian) OpenSSL/1.0.2q (internal dummy connection)"
10.35.36.46 - - [20/Dec/2018:15:02:22 -0700] "POST /Private/Ticketing/comet.axd/connect HTTP/1.1" 200 507 "https://scinet.byu.edu/Private/Ticketing/Default.aspx" "Mozilla/5.0 (Windows NT 10.0; Win64; x64) AppleWebKit/537.36 (KHTML, like Gecko) Chrome/71.0.3578.98 Safari/537.36"
10.35.36.82 - - [20/Dec/2018:15:02:22 -0700] "POST /Private/Ticketing/comet.axd/connect HTTP/1.1" 200 510 "https://scinet.byu.edu/Private/Ticketing/Default.aspx" "Mozilla/5.0 (Macintosh; Intel Mac OS X 10_13_6) AppleWebKit/537.36 (KHTML, like Gecko) Chrome/70.0.3538.110 Safari/537.36"
::1 - - [20/Dec/2018:15:02:33 -0700] "OPTIONS * HTTP/1.0" 200 126 "-" "Apache/2.4.25 (Debian) OpenSSL/1.0.2q (internal dummy connection)"
10.35.36.74 - - [20/Dec/2018:15:02:22 -0700] "POST /Private/Ticketing/comet.axd/connect HTTP/1.1" 200 509 "https://scinet.byu.edu/Private/Ticketing/Default.aspx" "Mozilla/5.0 (Macintosh; Intel Mac OS X 10_13_6) AppleWebKit/537.36 (KHTML, like Gecko) Chrome/70.0.3538.102 Safari/537.36"
::1 - - [20/Dec/2018:15:02:34 -0700] "OPTIONS * HTTP/1.0" 200 126 "-" "Apache/2.4.25 (Debian) OpenSSL/1.0.2q (internal dummy connection)"
10.35.36.99 - - [20/Dec/2018:15:02:24 -0700] "POST /Private/Ticketing/comet.axd/connect HTTP/1.1" 200 509 "https://scinet.byu.edu/Private/Ticketing/Default.aspx" "Mozilla/5.0 (Windows NT 10.0; Win64; x64) AppleWebKit/537.36 (KHTML, like Gecko) Chrome/71.0.3578.98 Safari/537.36"
::1 - - [20/Dec/2018:15:02:35 -0700] "OPTIONS * HTTP/1.0" 200 126 "-" "Apache/2.4.25 (Debian) OpenSSL/1.0.2q (internal dummy connection)"
10.35.36.98 - - [20/Dec/2018:15:02:25 -0700] "POST /Private/Ticketing/comet.axd/connect HTTP/1.1" 200 510 "https://scinet.byu.edu/Private/Ticketing/Default.aspx" "Mozilla/5.0 (Windows NT 10.0; Win64; x64) AppleWebKit/537.36 (KHTML, like Gecko) Chrome/70.0.3538.102 Safari/537.36"
